Archive member included to satisfy reference by file (symbol)

C:\Program Files (x86)\GNU Tools Arm Embedded\9 2019-q4-major\arm-none-eabi\lib\thumb\v6-m\nofp\libnosys.a(errno.o)
                              newlib_stubs.o (errno)
C:\Program Files (x86)\GNU Tools Arm Embedded\9 2019-q4-major\lib\gcc\arm-none-eabi\9.2.1\thumb\v6-m\nofp\libgcc.a(_divsi3.o)
                              main.o (__aeabi_idiv)
C:\Program Files (x86)\GNU Tools Arm Embedded\9 2019-q4-major\lib\gcc\arm-none-eabi\9.2.1\thumb\v6-m\nofp\libgcc.a(_dvmd_tls.o)
                              C:\Program Files (x86)\GNU Tools Arm Embedded\9 2019-q4-major\lib\gcc\arm-none-eabi\9.2.1\thumb\v6-m\nofp\libgcc.a(_divsi3.o) (__aeabi_idiv0)
C:\Program Files (x86)\GNU Tools Arm Embedded\9 2019-q4-major\arm-none-eabi\lib\thumb\v6-m\nofp\libc_nano.a(lib_a-atoi.o)
                              main.o (atoi)
C:\Program Files (x86)\GNU Tools Arm Embedded\9 2019-q4-major\arm-none-eabi\lib\thumb\v6-m\nofp\libc_nano.a(lib_a-fflush.o)
                              main.o (fflush)
C:\Program Files (x86)\GNU Tools Arm Embedded\9 2019-q4-major\arm-none-eabi\lib\thumb\v6-m\nofp\libc_nano.a(lib_a-findfp.o)
                              C:\Program Files (x86)\GNU Tools Arm Embedded\9 2019-q4-major\arm-none-eabi\lib\thumb\v6-m\nofp\libc_nano.a(lib_a-fflush.o) (__sinit)
C:\Program Files (x86)\GNU Tools Arm Embedded\9 2019-q4-major\arm-none-eabi\lib\thumb\v6-m\nofp\libc_nano.a(lib_a-fwalk.o)
                              C:\Program Files (x86)\GNU Tools Arm Embedded\9 2019-q4-major\arm-none-eabi\lib\thumb\v6-m\nofp\libc_nano.a(lib_a-findfp.o) (_fwalk)
C:\Program Files (x86)\GNU Tools Arm Embedded\9 2019-q4-major\arm-none-eabi\lib\thumb\v6-m\nofp\libc_nano.a(lib_a-impure.o)
                              C:\Program Files (x86)\GNU Tools Arm Embedded\9 2019-q4-major\arm-none-eabi\lib\thumb\v6-m\nofp\libc_nano.a(lib_a-fflush.o) (_global_impure_ptr)
C:\Program Files (x86)\GNU Tools Arm Embedded\9 2019-q4-major\arm-none-eabi\lib\thumb\v6-m\nofp\libc_nano.a(lib_a-lock.o)
                              C:\Program Files (x86)\GNU Tools Arm Embedded\9 2019-q4-major\arm-none-eabi\lib\thumb\v6-m\nofp\libc_nano.a(lib_a-findfp.o) (__retarget_lock_init_recursive)
C:\Program Files (x86)\GNU Tools Arm Embedded\9 2019-q4-major\arm-none-eabi\lib\thumb\v6-m\nofp\libc_nano.a(lib_a-memset.o)
                              C:\Program Files (x86)\GNU Tools Arm Embedded\9 2019-q4-major\arm-none-eabi\lib\thumb\v6-m\nofp\libc_nano.a(lib_a-findfp.o) (memset)
C:\Program Files (x86)\GNU Tools Arm Embedded\9 2019-q4-major\arm-none-eabi\lib\thumb\v6-m\nofp\libc_nano.a(lib_a-nano-freer.o)
                              C:\Program Files (x86)\GNU Tools Arm Embedded\9 2019-q4-major\arm-none-eabi\lib\thumb\v6-m\nofp\libc_nano.a(lib_a-fflush.o) (_free_r)
C:\Program Files (x86)\GNU Tools Arm Embedded\9 2019-q4-major\arm-none-eabi\lib\thumb\v6-m\nofp\libc_nano.a(lib_a-nano-mallocr.o)
                              C:\Program Files (x86)\GNU Tools Arm Embedded\9 2019-q4-major\arm-none-eabi\lib\thumb\v6-m\nofp\libc_nano.a(lib_a-findfp.o) (_malloc_r)
C:\Program Files (x86)\GNU Tools Arm Embedded\9 2019-q4-major\arm-none-eabi\lib\thumb\v6-m\nofp\libc_nano.a(lib_a-printf.o)
                              main.o (printf)
C:\Program Files (x86)\GNU Tools Arm Embedded\9 2019-q4-major\arm-none-eabi\lib\thumb\v6-m\nofp\libc_nano.a(lib_a-puts.o)
                              main.o (puts)
C:\Program Files (x86)\GNU Tools Arm Embedded\9 2019-q4-major\arm-none-eabi\lib\thumb\v6-m\nofp\libc_nano.a(lib_a-sbrkr.o)
                              C:\Program Files (x86)\GNU Tools Arm Embedded\9 2019-q4-major\arm-none-eabi\lib\thumb\v6-m\nofp\libc_nano.a(lib_a-nano-mallocr.o) (_sbrk_r)
C:\Program Files (x86)\GNU Tools Arm Embedded\9 2019-q4-major\arm-none-eabi\lib\thumb\v6-m\nofp\libc_nano.a(lib_a-stdio.o)
                              C:\Program Files (x86)\GNU Tools Arm Embedded\9 2019-q4-major\arm-none-eabi\lib\thumb\v6-m\nofp\libc_nano.a(lib_a-findfp.o) (__sread)
C:\Program Files (x86)\GNU Tools Arm Embedded\9 2019-q4-major\arm-none-eabi\lib\thumb\v6-m\nofp\libc_nano.a(lib_a-strtol.o)
                              C:\Program Files (x86)\GNU Tools Arm Embedded\9 2019-q4-major\arm-none-eabi\lib\thumb\v6-m\nofp\libc_nano.a(lib_a-atoi.o) (_strtol_r)
C:\Program Files (x86)\GNU Tools Arm Embedded\9 2019-q4-major\arm-none-eabi\lib\thumb\v6-m\nofp\libc_nano.a(lib_a-wbuf.o)
                              C:\Program Files (x86)\GNU Tools Arm Embedded\9 2019-q4-major\arm-none-eabi\lib\thumb\v6-m\nofp\libc_nano.a(lib_a-puts.o) (__swbuf_r)
C:\Program Files (x86)\GNU Tools Arm Embedded\9 2019-q4-major\arm-none-eabi\lib\thumb\v6-m\nofp\libc_nano.a(lib_a-writer.o)
                              C:\Program Files (x86)\GNU Tools Arm Embedded\9 2019-q4-major\arm-none-eabi\lib\thumb\v6-m\nofp\libc_nano.a(lib_a-stdio.o) (_write_r)
[...]
Memory Configuration

Name             Origin             Length             Attributes
flash            0x08000000         0x00010000
ram              0x20000000         0x00002000
*default*        0x00000000         0xffffffff

Linker script and memory map

LOAD main.o
LOAD init.o
LOAD serial.o
LOAD newlib_stubs.o
LOAD C:\Program Files (x86)\GNU Tools Arm Embedded\9 2019-q4-major\arm-none-eabi\lib\thumb\v6-m\nofp\libnosys.a
LOAD C:\Program Files (x86)\GNU Tools Arm Embedded\9 2019-q4-major\lib\gcc\arm-none-eabi\9.2.1\thumb\v6-m\nofp\libgcc.a
START GROUP
LOAD C:\Program Files (x86)\GNU Tools Arm Embedded\9 2019-q4-major\lib\gcc\arm-none-eabi\9.2.1\thumb\v6-m\nofp\libgcc.a
LOAD C:\Program Files (x86)\GNU Tools Arm Embedded\9 2019-q4-major\arm-none-eabi\lib\thumb\v6-m\nofp\libc_nano.a
LOAD C:\Program Files (x86)\GNU Tools Arm Embedded\9 2019-q4-major\arm-none-eabi\lib\thumb\v6-m\nofp\libm.a
END GROUP

.text           0x08000000     0x31c8
 *(.vectors)
 .vectors       0x08000000       0xc0 init.o
                0x08000000                Vectors
 *(.after_vectors*)
 .after_vectors
                0x080000c0       0x28 init.o
                0x080000c0                ResetInit
 *(.text*)
 .text          0x080000e8      0xc38 main.o
                0x080000e8                delay
                0x08000106                PrintNumber
                0x08000190                wait_1us
                0x080001cc                waitus
                0x080001ee                waitustimer
                0x08000250                wait_1ms
                0x08000290                waitms
                0x080002b2                music
                0x08000300                beethoven
                0x08000a74                buzzer1
                0x08000ac0                buzzer2
                0x08000b0c                buzzer3
                0x08000b58                buzzer4
                0x08000bac                buzzer5
                0x08000c00                main
 .text          0x08000d20      0x14c init.o
                0x08000d98                initClock
                0x08000e44                Default_Handler
                0x08000e58                Hard_Fault_Handler
 .text          0x08000e6c      0x4f8 serial.o
                0x08000e6c                ReadCom
                0x08000ee0                WriteCom
                0x08000f84                initUART
                0x080010cc                isr_usart1
                0x080010f8                usart_rx
                0x08001128                usart_tx
                0x080011a0                PutBuf
                0x080011fe                GetBuf
                0x08001250                GetBufCount
                0x08001264                eputs
                0x080012a0                eputc
                0x080012be                egetc
                0x080012d8                egets
 .text          0x08001364      0x2a8 newlib_stubs.o
                0x08001364                _exit
                0x0800136e                _close
                0x08001382                _execve
                0x080013a4                _fork
                0x080013bc                _fstat
                0x080013d8                _getpid
                0x080013e4                _kill
                0x08001404                _link
                0x08001424                _lseek
                0x0800143a                _stat
                0x08001456                _times
                0x0800146a                _unlink
                0x08001488                _wait
                0x080014a8                _isatty
                0x080014d0                _sbrk
                0x08001540                _read
                0x080015b8                _write
 .text          0x0800160c        0x0 C:\Program Files (x86)\GNU Tools Arm Embedded\9 2019-q4-major\arm-none-eabi\lib\thumb\v6-m\nofp\libnosys.a(errno.o)
 .text          0x0800160c      0x1d4 C:\Program Files (x86)\GNU Tools Arm Embedded\9 2019-q4-major\lib\gcc\arm-none-eabi\9.2.1\thumb\v6-m\nofp\libgcc.a(_divsi3.o)
                0x0800160c                __divsi3
                0x0800160c                __aeabi_idiv
                0x080017d8                __aeabi_idivmod
 .text          0x080017e0        0x4 C:\Program Files (x86)\GNU Tools Arm Embedded\9 2019-q4-major\lib\gcc\arm-none-eabi\9.2.1\thumb\v6-m\nofp\libgcc.a(_dvmd_tls.o)
                0x080017e0                __aeabi_idiv0
                0x080017e0                __aeabi_ldiv0
 .text          0x080017e4        0x0 C:\Program Files (x86)\GNU Tools Arm Embedded\9 2019-q4-major\arm-none-eabi\lib\thumb\v6-m\nofp\libc_nano.a(lib_a-atoi.o)
 .text.atoi     0x080017e4        0xc C:\Program Files (x86)\GNU Tools Arm Embedded\9 2019-q4-major\arm-none-eabi\lib\thumb\v6-m\nofp\libc_nano.a(lib_a-atoi.o)
                0x080017e4                atoi
 .text._atoi_r  0x080017f0        0xc C:\Program Files (x86)\GNU Tools Arm Embedded\9 2019-q4-major\arm-none-eabi\lib\thumb\v6-m\nofp\libc_nano.a(lib_a-atoi.o)
                0x080017f0                _atoi_r
 .text          0x080017fc        0x0 C:\Program Files (x86)\GNU Tools Arm Embedded\9 2019-q4-major\arm-none-eabi\lib\thumb\v6-m\nofp\libc_nano.a(lib_a-fflush.o)
 .text.__sflush_r
                0x080017fc      0x118 C:\Program Files (x86)\GNU Tools Arm Embedded\9 2019-q4-major\arm-none-eabi\lib\thumb\v6-m\nofp\libc_nano.a(lib_a-fflush.o)
                0x080017fc                __sflush_r
 .text._fflush_r
                0x08001914       0x80 C:\Program Files (x86)\GNU Tools Arm Embedded\9 2019-q4-major\arm-none-eabi\lib\thumb\v6-m\nofp\libc_nano.a(lib_a-fflush.o)
                0x08001914                _fflush_r
 .text.fflush   0x08001994       0x2c C:\Program Files (x86)\GNU Tools Arm Embedded\9 2019-q4-major\arm-none-eabi\lib\thumb\v6-m\nofp\libc_nano.a(lib_a-fflush.o)
                0x08001994                fflush
 .text          0x080019c0        0x0 C:\Program Files (x86)\GNU Tools Arm Embedded\9 2019-q4-major\arm-none-eabi\lib\thumb\v6-m\nofp\libc_nano.a(lib_a-findfp.o)
 .text.std      0x080019c0       0x48 C:\Program Files (x86)\GNU Tools Arm Embedded\9 2019-q4-major\arm-none-eabi\lib\thumb\v6-m\nofp\libc_nano.a(lib_a-findfp.o)
 .text._cleanup_r
                0x08001a08       0x10 C:\Program Files (x86)\GNU Tools Arm Embedded\9 2019-q4-major\arm-none-eabi\lib\thumb\v6-m\nofp\libc_nano.a(lib_a-findfp.o)
                0x08001a08                _cleanup_r
 .text.__fp_lock
                0x08001a18       0x18 C:\Program Files (x86)\GNU Tools Arm Embedded\9 2019-q4-major\arm-none-eabi\lib\thumb\v6-m\nofp\libc_nano.a(lib_a-findfp.o)
 .text.__fp_unlock
                0x08001a30       0x18 C:\Program Files (x86)\GNU Tools Arm Embedded\9 2019-q4-major\arm-none-eabi\lib\thumb\v6-m\nofp\libc_nano.a(lib_a-findfp.o)
 .text.__sfmoreglue
                0x08001a48       0x2c C:\Program Files (x86)\GNU Tools Arm Embedded\9 2019-q4-major\arm-none-eabi\lib\thumb\v6-m\nofp\libc_nano.a(lib_a-findfp.o)
                0x08001a48                __sfmoreglue
 .text._cleanup
                0x08001a74       0x10 C:\Program Files (x86)\GNU Tools Arm Embedded\9 2019-q4-major\arm-none-eabi\lib\thumb\v6-m\nofp\libc_nano.a(lib_a-findfp.o)
                0x08001a74                _cleanup
 .text.__sfp_lock_acquire
                0x08001a84       0x10 C:\Program Files (x86)\GNU Tools Arm Embedded\9 2019-q4-major\arm-none-eabi\lib\thumb\v6-m\nofp\libc_nano.a(lib_a-findfp.o)
                0x08001a84                __sfp_lock_acquire
 .text.__sfp_lock_release
                0x08001a94       0x10 C:\Program Files (x86)\GNU Tools Arm Embedded\9 2019-q4-major\arm-none-eabi\lib\thumb\v6-m\nofp\libc_nano.a(lib_a-findfp.o)
                0x08001a94                __sfp_lock_release
 .text.__sinit_lock_acquire
                0x08001aa4       0x10 C:\Program Files (x86)\GNU Tools Arm Embedded\9 2019-q4-major\arm-none-eabi\lib\thumb\v6-m\nofp\libc_nano.a(lib_a-findfp.o)
                0x08001aa4                __sinit_lock_acquire
 .text.__sinit_lock_release
                0x08001ab4       0x10 C:\Program Files (x86)\GNU Tools Arm Embedded\9 2019-q4-major\arm-none-eabi\lib\thumb\v6-m\nofp\libc_nano.a(lib_a-findfp.o)
                0x08001ab4                __sinit_lock_release
 .text.__sinit  0x08001ac4       0x70 C:\Program Files (x86)\GNU Tools Arm Embedded\9 2019-q4-major\arm-none-eabi\lib\thumb\v6-m\nofp\libc_nano.a(lib_a-findfp.o)
                0x08001ac4                __sinit
 .text.__sfp    0x08001b34       0x90 C:\Program Files (x86)\GNU Tools Arm Embedded\9 2019-q4-major\arm-none-eabi\lib\thumb\v6-m\nofp\libc_nano.a(lib_a-findfp.o)
                0x08001b34                __sfp
 .text.__fp_lock_all
                0x08001bc4       0x1c C:\Program Files (x86)\GNU Tools Arm Embedded\9 2019-q4-major\arm-none-eabi\lib\thumb\v6-m\nofp\libc_nano.a(lib_a-findfp.o)
                0x08001bc4                __fp_lock_all
 .text.__fp_unlock_all
                0x08001be0       0x1c C:\Program Files (x86)\GNU Tools Arm Embedded\9 2019-q4-major\arm-none-eabi\lib\thumb\v6-m\nofp\libc_nano.a(lib_a-findfp.o)
                0x08001be0                __fp_unlock_all
 .text          0x08001bfc        0x0 C:\Program Files (x86)\GNU Tools Arm Embedded\9 2019-q4-major\arm-none-eabi\lib\thumb\v6-m\nofp\libc_nano.a(lib_a-fwalk.o)
 .text._fwalk   0x08001bfc       0x36 C:\Program Files (x86)\GNU Tools Arm Embedded\9 2019-q4-major\arm-none-eabi\lib\thumb\v6-m\nofp\libc_nano.a(lib_a-fwalk.o)
                0x08001bfc                _fwalk
 .text._fwalk_reent
                0x08001c32       0x40 C:\Program Files (x86)\GNU Tools Arm Embedded\9 2019-q4-major\arm-none-eabi\lib\thumb\v6-m\nofp\libc_nano.a(lib_a-fwalk.o)
                0x08001c32                _fwalk_reent
 .text          0x08001c72        0x0 C:\Program Files (x86)\GNU Tools Arm Embedded\9 2019-q4-major\arm-none-eabi\lib\thumb\v6-m\nofp\libc_nano.a(lib_a-impure.o)
 .text          0x08001c72        0x0 C:\Program Files (x86)\GNU Tools Arm Embedded\9 2019-q4-major\arm-none-eabi\lib\thumb\v6-m\nofp\libc_nano.a(lib_a-lock.o)
 .text.__retarget_lock_init
                0x08001c72        0x2 C:\Program Files (x86)\GNU Tools Arm Embedded\9 2019-q4-major\arm-none-eabi\lib\thumb\v6-m\nofp\libc_nano.a(lib_a-lock.o)
                0x08001c72                __retarget_lock_init
 .text.__retarget_lock_init_recursive
                0x08001c74        0x2 C:\Program Files (x86)\GNU Tools Arm Embedded\9 2019-q4-major\arm-none-eabi\lib\thumb\v6-m\nofp\libc_nano.a(lib_a-lock.o)
                0x08001c74                __retarget_lock_init_recursive
 .text.__retarget_lock_close
                0x08001c76        0x2 C:\Program Files (x86)\GNU Tools Arm Embedded\9 2019-q4-major\arm-none-eabi\lib\thumb\v6-m\nofp\libc_nano.a(lib_a-lock.o)
                0x08001c76                __retarget_lock_close
 .text.__retarget_lock_close_recursive
                0x08001c78        0x2 C:\Program Files (x86)\GNU Tools Arm Embedded\9 2019-q4-major\arm-none-eabi\lib\thumb\v6-m\nofp\libc_nano.a(lib_a-lock.o)
                0x08001c78                __retarget_lock_close_recursive
 .text.__retarget_lock_acquire
                0x08001c7a        0x2 C:\Program Files (x86)\GNU Tools Arm Embedded\9 2019-q4-major\arm-none-eabi\lib\thumb\v6-m\nofp\libc_nano.a(lib_a-lock.o)
                0x08001c7a                __retarget_lock_acquire
 .text.__retarget_lock_acquire_recursive
                0x08001c7c        0x2 C:\Program Files (x86)\GNU Tools Arm Embedded\9 2019-q4-major\arm-none-eabi\lib\thumb\v6-m\nofp\libc_nano.a(lib_a-lock.o)
                0x08001c7c                __retarget_lock_acquire_recursive
 .text.__retarget_lock_try_acquire
                0x08001c7e        0x4 C:\Program Files (x86)\GNU Tools Arm Embedded\9 2019-q4-major\arm-none-eabi\lib\thumb\v6-m\nofp\libc_nano.a(lib_a-lock.o)
                0x08001c7e                __retarget_lock_try_acquire
 .text.__retarget_lock_try_acquire_recursive
                0x08001c82        0x4 C:\Program Files (x86)\GNU Tools Arm Embedded\9 2019-q4-major\arm-none-eabi\lib\thumb\v6-m\nofp\libc_nano.a(lib_a-lock.o)
                0x08001c82                __retarget_lock_try_acquire_recursive
 .text.__retarget_lock_release
                0x08001c86        0x2 C:\Program Files (x86)\GNU Tools Arm Embedded\9 2019-q4-major\arm-none-eabi\lib\thumb\v6-m\nofp\libc_nano.a(lib_a-lock.o)
                0x08001c86                __retarget_lock_release
 .text.__retarget_lock_release_recursive
                0x08001c88        0x2 C:\Program Files (x86)\GNU Tools Arm Embedded\9 2019-q4-major\arm-none-eabi\lib\thumb\v6-m\nofp\libc_nano.a(lib_a-lock.o)
                0x08001c88                __retarget_lock_release_recursive
 .text          0x08001c8a        0x0 C:\Program Files (x86)\GNU Tools Arm Embedded\9 2019-q4-major\arm-none-eabi\lib\thumb\v6-m\nofp\libc_nano.a(lib_a-memset.o)
 .text.memset   0x08001c8a       0x10 C:\Program Files (x86)\GNU Tools Arm Embedded\9 2019-q4-major\arm-none-eabi\lib\thumb\v6-m\nofp\libc_nano.a(lib_a-memset.o)
                0x08001c8a                memset
 .text          0x08001c9a        0x0 C:\Program Files (x86)\GNU Tools Arm Embedded\9 2019-q4-major\arm-none-eabi\lib\thumb\v6-m\nofp\libc_nano.a(lib_a-nano-freer.o)
 *fill*         0x08001c9a        0x2 
 .text._free_r  0x08001c9c       0x94 C:\Program Files (x86)\GNU Tools Arm Embedded\9 2019-q4-major\arm-none-eabi\lib\thumb\v6-m\nofp\libc_nano.a(lib_a-nano-freer.o)
                0x08001c9c                _free_r
 .text          0x08001d30        0x0 C:\Program Files (x86)\GNU Tools Arm Embedded\9 2019-q4-major\arm-none-eabi\lib\thumb\v6-m\nofp\libc_nano.a(lib_a-nano-mallocr.o)
 .text._malloc_r
                0x08001d30       0xbc C:\Program Files (x86)\GNU Tools Arm Embedded\9 2019-q4-major\arm-none-eabi\lib\thumb\v6-m\nofp\libc_nano.a(lib_a-nano-mallocr.o)
                0x08001d30                _malloc_r
 .text          0x08001dec        0x0 C:\Program Files (x86)\GNU Tools Arm Embedded\9 2019-q4-major\arm-none-eabi\lib\thumb\v6-m\nofp\libc_nano.a(lib_a-printf.o)
 .text._printf_r
                0x08001dec       0x28 C:\Program Files (x86)\GNU Tools Arm Embedded\9 2019-q4-major\arm-none-eabi\lib\thumb\v6-m\nofp\libc_nano.a(lib_a-printf.o)
                0x08001dec                _iprintf_r
                0x08001dec                _printf_r
 .text.printf   0x08001e14       0x34 C:\Program Files (x86)\GNU Tools Arm Embedded\9 2019-q4-major\arm-none-eabi\lib\thumb\v6-m\nofp\libc_nano.a(lib_a-printf.o)
                0x08001e14                iprintf
                0x08001e14                printf
 .text          0x08001e48        0x0 C:\Program Files (x86)\GNU Tools Arm Embedded\9 2019-q4-major\arm-none-eabi\lib\thumb\v6-m\nofp\libc_nano.a(lib_a-puts.o)
 .text._puts_r  0x08001e48       0xe4 C:\Program Files (x86)\GNU Tools Arm Embedded\9 2019-q4-major\arm-none-eabi\lib\thumb\v6-m\nofp\libc_nano.a(lib_a-puts.o)
                0x08001e48                _puts_r
 .text.puts     0x08001f2c       0x14 C:\Program Files (x86)\GNU Tools Arm Embedded\9 2019-q4-major\arm-none-eabi\lib\thumb\v6-m\nofp\libc_nano.a(lib_a-puts.o)
                0x08001f2c                puts
 .text          0x08001f40        0x0 C:\Program Files (x86)\GNU Tools Arm Embedded\9 2019-q4-major\arm-none-eabi\lib\thumb\v6-m\nofp\libc_nano.a(lib_a-sbrkr.o)
 .text._sbrk_r  0x08001f40       0x24 C:\Program Files (x86)\GNU Tools Arm Embedded\9 2019-q4-major\arm-none-eabi\lib\thumb\v6-m\nofp\libc_nano.a(lib_a-sbrkr.o)
                0x08001f40                _sbrk_r
 .text          0x08001f64        0x0 C:\Program Files (x86)\GNU Tools Arm Embedded\9 2019-q4-major\arm-none-eabi\lib\thumb\v6-m\nofp\libc_nano.a(lib_a-stdio.o)
 .text.__sread  0x08001f64       0x28 C:\Program Files (x86)\GNU Tools Arm Embedded\9 2019-q4-major\arm-none-eabi\lib\thumb\v6-m\nofp\libc_nano.a(lib_a-stdio.o)
                0x08001f64                __sread
 .text.__seofread
                0x08001f8c        0x4 C:\Program Files (x86)\GNU Tools Arm Embedded\9 2019-q4-major\arm-none-eabi\lib\thumb\v6-m\nofp\libc_nano.a(lib_a-stdio.o)
                0x08001f8c                __seofread
 .text.__swrite
                0x08001f90       0x38 C:\Program Files (x86)\GNU Tools Arm Embedded\9 2019-q4-major\arm-none-eabi\lib\thumb\v6-m\nofp\libc_nano.a(lib_a-stdio.o)
                0x08001f90                __swrite
 .text.__sseek  0x08001fc8       0x2c C:\Program Files (x86)\GNU Tools Arm Embedded\9 2019-q4-major\arm-none-eabi\lib\thumb\v6-m\nofp\libc_nano.a(lib_a-stdio.o)
                0x08001fc8                __sseek
 .text.__sclose
                0x08001ff4        0xc C:\Program Files (x86)\GNU Tools Arm Embedded\9 2019-q4-major\arm-none-eabi\lib\thumb\v6-m\nofp\libc_nano.a(lib_a-stdio.o)
                0x08001ff4                __sclose
 .text          0x08002000        0x0 C:\Program Files (x86)\GNU Tools Arm Embedded\9 2019-q4-major\arm-none-eabi\lib\thumb\v6-m\nofp\libc_nano.a(lib_a-strtol.o)
 .text._strtol_l.isra.0
                0x08002000      0x104 C:\Program Files (x86)\GNU Tools Arm Embedded\9 2019-q4-major\arm-none-eabi\lib\thumb\v6-m\nofp\libc_nano.a(lib_a-strtol.o)
 .text._strtol_r
                0x08002104        0x8 C:\Program Files (x86)\GNU Tools Arm Embedded\9 2019-q4-major\arm-none-eabi\lib\thumb\v6-m\nofp\libc_nano.a(lib_a-strtol.o)
                0x08002104                _strtol_r
 .text.strtol_l
                0x0800210c       0x18 C:\Program Files (x86)\GNU Tools Arm Embedded\9 2019-q4-major\arm-none-eabi\lib\thumb\v6-m\nofp\libc_nano.a(lib_a-strtol.o)
                0x0800210c                strtol_l
 .text.strtol   0x08002124       0x18 C:\Program Files (x86)\GNU Tools Arm Embedded\9 2019-q4-major\arm-none-eabi\lib\thumb\v6-m\nofp\libc_nano.a(lib_a-strtol.o)
                0x08002124                strtol
 .text          0x0800213c        0x0 C:\Program Files (x86)\GNU Tools Arm Embedded\9 2019-q4-major\arm-none-eabi\lib\thumb\v6-m\nofp\libc_nano.a(lib_a-wbuf.o)
 .text.__swbuf_r
                0x0800213c       0xac C:\Program Files (x86)\GNU Tools Arm Embedded\9 2019-q4-major\arm-none-eabi\lib\thumb\v6-m\nofp\libc_nano.a(lib_a-wbuf.o)
                0x0800213c                __swbuf_r
 .text.__swbuf  0x080021e8       0x14 C:\Program Files (x86)\GNU Tools Arm Embedded\9 2019-q4-major\arm-none-eabi\lib\thumb\v6-m\nofp\libc_nano.a(lib_a-wbuf.o)
                0x080021e8                __swbuf
 .text          0x080021fc        0x0 C:\Program Files (x86)\GNU Tools Arm Embedded\9 2019-q4-major\arm-none-eabi\lib\thumb\v6-m\nofp\libc_nano.a(lib_a-writer.o)
 .text._write_r
                0x080021fc       0x28 C:\Program Files (x86)\GNU Tools Arm Embedded\9 2019-q4-major\arm-none-eabi\lib\thumb\v6-m\nofp\libc_nano.a(lib_a-writer.o)
                0x080021fc                _write_r
 .text          0x08002224        0x0 C:\Program Files (x86)\GNU Tools Arm Embedded\9 2019-q4-major\arm-none-eabi\lib\thumb\v6-m\nofp\libc_nano.a(lib_a-wsetup.o)
 .text.__swsetup_r
                0x08002224       0xf0 C:\Program Files (x86)\GNU Tools Arm Embedded\9 2019-q4-major\arm-none-eabi\lib\thumb\v6-m\nofp\libc_nano.a(lib_a-wsetup.o)
                0x08002224                __swsetup_r
 .text          0x08002314        0x0 C:\Program Files (x86)\GNU Tools Arm Embedded\9 2019-q4-major\arm-none-eabi\lib\thumb\v6-m\nofp\libc_nano.a(lib_a-closer.o)
 .text._close_r
                0x08002314       0x24 C:\Program Files (x86)\GNU Tools Arm Embedded\9 2019-q4-major\arm-none-eabi\lib\thumb\v6-m\nofp\libc_nano.a(lib_a-closer.o)
                0x08002314                _close_r
 .text          0x08002338        0x0 C:\Program Files (x86)\GNU Tools Arm Embedded\9 2019-q4-major\arm-none-eabi\lib\thumb\v6-m\nofp\libc_nano.a(lib_a-ctype_.o)
 .text          0x08002338        0x0 C:\Program Files (x86)\GNU Tools Arm Embedded\9 2019-q4-major\arm-none-eabi\lib\thumb\v6-m\nofp\libc_nano.a(lib_a-lseekr.o)
 .text._lseek_r
                0x08002338       0x28 C:\Program Files (x86)\GNU Tools Arm Embedded\9 2019-q4-major\arm-none-eabi\lib\thumb\v6-m\nofp\libc_nano.a(lib_a-lseekr.o)
                0x08002338                _lseek_r
 .text          0x08002360        0x0 C:\Program Files (x86)\GNU Tools Arm Embedded\9 2019-q4-major\arm-none-eabi\lib\thumb\v6-m\nofp\libc_nano.a(lib_a-makebuf.o)
 .text.__swhatbuf_r
                0x08002360       0x50 C:\Program Files (x86)\GNU Tools Arm Embedded\9 2019-q4-major\arm-none-eabi\lib\thumb\v6-m\nofp\libc_nano.a(lib_a-makebuf.o)
                0x08002360                __swhatbuf_r
 .text.__smakebuf_r
                0x080023b0       0x88 C:\Program Files (x86)\GNU Tools Arm Embedded\9 2019-q4-major\arm-none-eabi\lib\thumb\v6-m\nofp\libc_nano.a(lib_a-makebuf.o)
                0x080023b0                __smakebuf_r
 .text          0x08002438        0x0 C:\Program Files (x86)\GNU Tools Arm Embedded\9 2019-q4-major\arm-none-eabi\lib\thumb\v6-m\nofp\libc_nano.a(lib_a-mlock.o)
 .text.__malloc_lock
                0x08002438       0x10 C:\Program Files (x86)\GNU Tools Arm Embedded\9 2019-q4-major\arm-none-eabi\lib\thumb\v6-m\nofp\libc_nano.a(lib_a-mlock.o)
                0x08002438                __malloc_lock
 .text.__malloc_unlock
                0x08002448       0x10 C:\Program Files (x86)\GNU Tools Arm Embedded\9 2019-q4-major\arm-none-eabi\lib\thumb\v6-m\nofp\libc_nano.a(lib_a-mlock.o)
                0x08002448                __malloc_unlock
 .text          0x08002458        0x0 C:\Program Files (x86)\GNU Tools Arm Embedded\9 2019-q4-major\arm-none-eabi\lib\thumb\v6-m\nofp\libc_nano.a(lib_a-nano-vfprintf.o)
 .text.__sfputc_r
                0x08002458       0x2a C:\Program Files (x86)\GNU Tools Arm Embedded\9 2019-q4-major\arm-none-eabi\lib\thumb\v6-m\nofp\libc_nano.a(lib_a-nano-vfprintf.o)
 .text.__sfputs_r
                0x08002482       0x24 C:\Program Files (x86)\GNU Tools Arm Embedded\9 2019-q4-major\arm-none-eabi\lib\thumb\v6-m\nofp\libc_nano.a(lib_a-nano-vfprintf.o)
                0x08002482                __sfputs_r
 .text.__sprint_r
                0x080024a6       0x1c C:\Program Files (x86)\GNU Tools Arm Embedded\9 2019-q4-major\arm-none-eabi\lib\thumb\v6-m\nofp\libc_nano.a(lib_a-nano-vfprintf.o)
                0x080024a6                __sprint_r
 *fill*         0x080024c2        0x2 
 .text._vfprintf_r
                0x080024c4      0x274 C:\Program Files (x86)\GNU Tools Arm Embedded\9 2019-q4-major\arm-none-eabi\lib\thumb\v6-m\nofp\libc_nano.a(lib_a-nano-vfprintf.o)
                0x080024c4                _vfprintf_r
                0x080024c4                _vfiprintf_r
 .text.vfprintf
                0x08002738       0x18 C:\Program Files (x86)\GNU Tools Arm Embedded\9 2019-q4-major\arm-none-eabi\lib\thumb\v6-m\nofp\libc_nano.a(lib_a-nano-vfprintf.o)
                0x08002738                vfprintf
                0x08002738                vfiprintf
 .text          0x08002750        0x0 C:\Program Files (x86)\GNU Tools Arm Embedded\9 2019-q4-major\arm-none-eabi\lib\thumb\v6-m\nofp\libc_nano.a(lib_a-nano-vfprintf_i.o)
 .text._printf_common
                0x08002750       0xde C:\Program Files (x86)\GNU Tools Arm Embedded\9 2019-q4-major\arm-none-eabi\lib\thumb\v6-m\nofp\libc_nano.a(lib_a-nano-vfprintf_i.o)
                0x08002750                _printf_common
 *fill*         0x0800282e        0x2 
 .text._printf_i
                0x08002830      0x224 C:\Program Files (x86)\GNU Tools Arm Embedded\9 2019-q4-major\arm-none-eabi\lib\thumb\v6-m\nofp\libc_nano.a(lib_a-nano-vfprintf_i.o)
                0x08002830                _printf_i
 .text          0x08002a54        0x0 C:\Program Files (x86)\GNU Tools Arm Embedded\9 2019-q4-major\arm-none-eabi\lib\thumb\v6-m\nofp\libc_nano.a(lib_a-readr.o)
 .text._read_r  0x08002a54       0x28 C:\Program Files (x86)\GNU Tools Arm Embedded\9 2019-q4-major\arm-none-eabi\lib\thumb\v6-m\nofp\libc_nano.a(lib_a-readr.o)
                0x08002a54                _read_r
 .text          0x08002a7c        0x0 C:\Program Files (x86)\GNU Tools Arm Embedded\9 2019-q4-major\arm-none-eabi\lib\thumb\v6-m\nofp\libc_nano.a(lib_a-fstatr.o)
 .text._fstat_r
                0x08002a7c       0x24 C:\Program Files (x86)\GNU Tools Arm Embedded\9 2019-q4-major\arm-none-eabi\lib\thumb\v6-m\nofp\libc_nano.a(lib_a-fstatr.o)
                0x08002a7c                _fstat_r
 .text          0x08002aa0        0x0 C:\Program Files (x86)\GNU Tools Arm Embedded\9 2019-q4-major\arm-none-eabi\lib\thumb\v6-m\nofp\libc_nano.a(lib_a-fvwrite.o)
 .text.__sfvwrite_r
                0x08002aa0      0x2cc C:\Program Files (x86)\GNU Tools Arm Embedded\9 2019-q4-major\arm-none-eabi\lib\thumb\v6-m\nofp\libc_nano.a(lib_a-fvwrite.o)
                0x08002aa0                __sfvwrite_r
 .text          0x08002d6c        0x0 C:\Program Files (x86)\GNU Tools Arm Embedded\9 2019-q4-major\arm-none-eabi\lib\thumb\v6-m\nofp\libc_nano.a(lib_a-isattyr.o)
 .text._isatty_r
                0x08002d6c       0x24 C:\Program Files (x86)\GNU Tools Arm Embedded\9 2019-q4-major\arm-none-eabi\lib\thumb\v6-m\nofp\libc_nano.a(lib_a-isattyr.o)
                0x08002d6c                _isatty_r
 .text          0x08002d90        0x0 C:\Program Files (x86)\GNU Tools Arm Embedded\9 2019-q4-major\arm-none-eabi\lib\thumb\v6-m\nofp\libc_nano.a(lib_a-memchr-stub.o)
 .text.memchr   0x08002d90       0x16 C:\Program Files (x86)\GNU Tools Arm Embedded\9 2019-q4-major\arm-none-eabi\lib\thumb\v6-m\nofp\libc_nano.a(lib_a-memchr-stub.o)
                0x08002d90                memchr
 .text          0x08002da6        0x0 C:\Program Files (x86)\GNU Tools Arm Embedded\9 2019-q4-major\arm-none-eabi\lib\thumb\v6-m\nofp\libc_nano.a(lib_a-memcpy-stub.o)
 .text.memcpy   0x08002da6       0x12 C:\Program Files (x86)\GNU Tools Arm Embedded\9 2019-q4-major\arm-none-eabi\lib\thumb\v6-m\nofp\libc_nano.a(lib_a-memcpy-stub.o)
                0x08002da6                memcpy
 .text          0x08002db8        0x0 C:\Program Files (x86)\GNU Tools Arm Embedded\9 2019-q4-major\arm-none-eabi\lib\thumb\v6-m\nofp\libc_nano.a(lib_a-memmove.o)
 .text.memmove  0x08002db8       0x26 C:\Program Files (x86)\GNU Tools Arm Embedded\9 2019-q4-major\arm-none-eabi\lib\thumb\v6-m\nofp\libc_nano.a(lib_a-memmove.o)
                0x08002db8                memmove
 .text          0x08002dde        0x0 C:\Program Files (x86)\GNU Tools Arm Embedded\9 2019-q4-major\arm-none-eabi\lib\thumb\v6-m\nofp\libc_nano.a(lib_a-nano-reallocr.o)
 .text._realloc_r
                0x08002dde       0x4c C:\Program Files (x86)\GNU Tools Arm Embedded\9 2019-q4-major\arm-none-eabi\lib\thumb\v6-m\nofp\libc_nano.a(lib_a-nano-reallocr.o)
                0x08002dde                _realloc_r
 .text          0x08002e2a        0x0 C:\Program Files (x86)\GNU Tools Arm Embedded\9 2019-q4-major\arm-none-eabi\lib\thumb\v6-m\nofp\libc_nano.a(lib_a-nano-msizer.o)
 .text._malloc_usable_size_r
                0x08002e2a       0x10 C:\Program Files (x86)\GNU Tools Arm Embedded\9 2019-q4-major\arm-none-eabi\lib\thumb\v6-m\nofp\libc_nano.a(lib_a-nano-msizer.o)
                0x08002e2a                _malloc_usable_size_r
 *fill*         0x08002e3a        0x2 
 .text          0x08002e3c       0x14 C:\Program Files (x86)\GNU Tools Arm Embedded\9 2019-q4-major\lib\gcc\arm-none-eabi\9.2.1\thumb\v6-m\nofp\libgcc.a(_thumb1_case_shi.o)
                0x08002e3c                __gnu_thumb1_case_shi
 .text          0x08002e50      0x114 C:\Program Files (x86)\GNU Tools Arm Embedded\9 2019-q4-major\lib\gcc\arm-none-eabi\9.2.1\thumb\v6-m\nofp\libgcc.a(_udivsi3.o)
                0x08002e50                __aeabi_uidiv
                0x08002e50                __udivsi3
                0x08002f5c                __aeabi_uidivmod
 *(.rodata*)
 .rodata        0x08002f64       0x65 main.o
 *fill*         0x08002fc9        0x3 
 .rodata        0x08002fcc       0x64 init.o
 .rodata.__sf_fake_stderr
                0x08003030       0x20 C:\Program Files (x86)\GNU Tools Arm Embedded\9 2019-q4-major\arm-none-eabi\lib\thumb\v6-m\nofp\libc_nano.a(lib_a-findfp.o)
                0x08003030                __sf_fake_stderr
 .rodata.__sf_fake_stdin
                0x08003050       0x20 C:\Program Files (x86)\GNU Tools Arm Embedded\9 2019-q4-major\arm-none-eabi\lib\thumb\v6-m\nofp\libc_nano.a(lib_a-findfp.o)
                0x08003050                __sf_fake_stdin
 .rodata.__sf_fake_stdout
                0x08003070       0x20 C:\Program Files (x86)\GNU Tools Arm Embedded\9 2019-q4-major\arm-none-eabi\lib\thumb\v6-m\nofp\libc_nano.a(lib_a-findfp.o)
                0x08003070                __sf_fake_stdout
 .rodata._global_impure_ptr
                0x08003090        0x4 C:\Program Files (x86)\GNU Tools Arm Embedded\9 2019-q4-major\arm-none-eabi\lib\thumb\v6-m\nofp\libc_nano.a(lib_a-impure.o)
                0x08003090                _global_impure_ptr
 .rodata._ctype_
                0x08003094      0x101 C:\Program Files (x86)\GNU Tools Arm Embedded\9 2019-q4-major\arm-none-eabi\lib\thumb\v6-m\nofp\libc_nano.a(lib_a-ctype_.o)
                0x08003094                _ctype_
 .rodata._vfprintf_r.str1.1
                0x08003195       0x11 C:\Program Files (x86)\GNU Tools Arm Embedded\9 2019-q4-major\arm-none-eabi\lib\thumb\v6-m\nofp\libc_nano.a(lib_a-nano-vfprintf.o)
 .rodata._printf_i.str1.1
                0x080031a6       0x22 C:\Program Files (x86)\GNU Tools Arm Embedded\9 2019-q4-major\arm-none-eabi\lib\thumb\v6-m\nofp\libc_nano.a(lib_a-nano-vfprintf_i.o)
                0x080031c8                . = ALIGN (0x4)
                0x080031c8                PROVIDE (__init_array_start = .)
 *(SORT_BY_NAME(.init_array.*))
 *(.init_array)
                0x080031c8                PROVIDE (__init_array_end = .)
                0x080031c8                . = ALIGN (0x4)
                0x080031c8                _etext = .

.glue_7         0x080031c8        0x0
 .glue_7        0x080031c8        0x0 linker stubs

.glue_7t        0x080031c8        0x0
 .glue_7t       0x080031c8        0x0 linker stubs

.vfp11_veneer   0x080031c8        0x0
 .vfp11_veneer  0x080031c8        0x0 linker stubs

.v4_bx          0x080031c8        0x0
 .v4_bx         0x080031c8        0x0 linker stubs

.iplt           0x080031c8        0x0
 .iplt          0x080031c8        0x0 main.o

.rel.dyn        0x080031c8        0x0
 .rel.iplt      0x080031c8        0x0 main.o

.data           0x20000000       0x7c load address 0x080031c8
                0x20000000                . = ALIGN (0x4)
                0x20000000                _data = .
 *(.data*)
 .data          0x20000000       0x11 main.o
                0x20000000                HexDigit
 .data          0x20000011        0x0 init.o
 .data          0x20000011        0x0 serial.o
 *fill*         0x20000011        0x3 
 .data          0x20000014        0x4 newlib_stubs.o
                0x20000014                environ
 .data          0x20000018        0x0 C:\Program Files (x86)\GNU Tools Arm Embedded\9 2019-q4-major\arm-none-eabi\lib\thumb\v6-m\nofp\libnosys.a(errno.o)
 .data          0x20000018        0x0 C:\Program Files (x86)\GNU Tools Arm Embedded\9 2019-q4-major\lib\gcc\arm-none-eabi\9.2.1\thumb\v6-m\nofp\libgcc.a(_divsi3.o)
 .data          0x20000018        0x0 C:\Program Files (x86)\GNU Tools Arm Embedded\9 2019-q4-major\lib\gcc\arm-none-eabi\9.2.1\thumb\v6-m\nofp\libgcc.a(_dvmd_tls.o)
 .data          0x20000018        0x0 C:\Program Files (x86)\GNU Tools Arm Embedded\9 2019-q4-major\arm-none-eabi\lib\thumb\v6-m\nofp\libc_nano.a(lib_a-atoi.o)
 .data          0x20000018        0x0 C:\Program Files (x86)\GNU Tools Arm Embedded\9 2019-q4-major\arm-none-eabi\lib\thumb\v6-m\nofp\libc_nano.a(lib_a-fflush.o)
 .data          0x20000018        0x0 C:\Program Files (x86)\GNU Tools Arm Embedded\9 2019-q4-major\arm-none-eabi\lib\thumb\v6-m\nofp\libc_nano.a(lib_a-findfp.o)
 .data          0x20000018        0x0 C:\Program Files (x86)\GNU Tools Arm Embedded\9 2019-q4-major\arm-none-eabi\lib\thumb\v6-m\nofp\libc_nano.a(lib_a-fwalk.o)
 .data          0x20000018        0x0 C:\Program Files (x86)\GNU Tools Arm Embedded\9 2019-q4-major\arm-none-eabi\lib\thumb\v6-m\nofp\libc_nano.a(lib_a-impure.o)
 .data._impure_ptr
                0x20000018        0x4 C:\Program Files (x86)\GNU Tools Arm Embedded\9 2019-q4-major\arm-none-eabi\lib\thumb\v6-m\nofp\libc_nano.a(lib_a-impure.o)
                0x20000018                _impure_ptr
 .data.impure_data
                0x2000001c       0x60 C:\Program Files (x86)\GNU Tools Arm Embedded\9 2019-q4-major\arm-none-eabi\lib\thumb\v6-m\nofp\libc_nano.a(lib_a-impure.o)
 .data          0x2000007c        0x0 C:\Program Files (x86)\GNU Tools Arm Embedded\9 2019-q4-major\arm-none-eabi\lib\thumb\v6-m\nofp\libc_nano.a(lib_a-lock.o)
 .data          0x2000007c        0x0 C:\Program Files (x86)\GNU Tools Arm Embedded\9 2019-q4-major\arm-none-eabi\lib\thumb\v6-m\nofp\libc_nano.a(lib_a-memset.o)
 .data          0x2000007c        0x0 C:\Program Files (x86)\GNU Tools Arm Embedded\9 2019-q4-major\arm-none-eabi\lib\thumb\v6-m\nofp\libc_nano.a(lib_a-nano-freer.o)
 .data          0x2000007c        0x0 C:\Program Files (x86)\GNU Tools Arm Embedded\9 2019-q4-major\arm-none-eabi\lib\thumb\v6-m\nofp\libc_nano.a(lib_a-nano-mallocr.o)
 .data          0x2000007c        0x0 C:\Program Files (x86)\GNU Tools Arm Embedded\9 2019-q4-major\arm-none-eabi\lib\thumb\v6-m\nofp\libc_nano.a(lib_a-printf.o)
 .data          0x2000007c        0x0 C:\Program Files (x86)\GNU Tools Arm Embedded\9 2019-q4-major\arm-none-eabi\lib\thumb\v6-m\nofp\libc_nano.a(lib_a-puts.o)
 .data          0x2000007c        0x0 C:\Program Files (x86)\GNU Tools Arm Embedded\9 2019-q4-major\arm-none-eabi\lib\thumb\v6-m\nofp\libc_nano.a(lib_a-sbrkr.o)
 .data          0x2000007c        0x0 C:\Program Files (x86)\GNU Tools Arm Embedded\9 2019-q4-major\arm-none-eabi\lib\thumb\v6-m\nofp\libc_nano.a(lib_a-stdio.o)
 .data          0x2000007c        0x0 C:\Program Files (x86)\GNU Tools Arm Embedded\9 2019-q4-major\arm-none-eabi\lib\thumb\v6-m\nofp\libc_nano.a(lib_a-strtol.o)
 .data          0x2000007c        0x0 C:\Program Files (x86)\GNU Tools Arm Embedded\9 2019-q4-major\arm-none-eabi\lib\thumb\v6-m\nofp\libc_nano.a(lib_a-wbuf.o)
 .data          0x2000007c        0x0 C:\Program Files (x86)\GNU Tools Arm Embedded\9 2019-q4-major\arm-none-eabi\lib\thumb\v6-m\nofp\libc_nano.a(lib_a-writer.o)
 .data          0x2000007c        0x0 C:\Program Files (x86)\GNU Tools Arm Embedded\9 2019-q4-major\arm-none-eabi\lib\thumb\v6-m\nofp\libc_nano.a(lib_a-wsetup.o)
 .data          0x2000007c        0x0 C:\Program Files (x86)\GNU Tools Arm Embedded\9 2019-q4-major\arm-none-eabi\lib\thumb\v6-m\nofp\libc_nano.a(lib_a-closer.o)
 .data          0x2000007c        0x0 C:\Program Files (x86)\GNU Tools Arm Embedded\9 2019-q4-major\arm-none-eabi\lib\thumb\v6-m\nofp\libc_nano.a(lib_a-ctype_.o)
 .data          0x2000007c        0x0 C:\Program Files (x86)\GNU Tools Arm Embedded\9 2019-q4-major\arm-none-eabi\lib\thumb\v6-m\nofp\libc_nano.a(lib_a-lseekr.o)
 .data          0x2000007c        0x0 C:\Program Files (x86)\GNU Tools Arm Embedded\9 2019-q4-major\arm-none-eabi\lib\thumb\v6-m\nofp\libc_nano.a(lib_a-makebuf.o)
 .data          0x2000007c        0x0 C:\Program Files (x86)\GNU Tools Arm Embedded\9 2019-q4-major\arm-none-eabi\lib\thumb\v6-m\nofp\libc_nano.a(lib_a-mlock.o)
 .data          0x2000007c        0x0 C:\Program Files (x86)\GNU Tools Arm Embedded\9 2019-q4-major\arm-none-eabi\lib\thumb\v6-m\nofp\libc_nano.a(lib_a-nano-vfprintf.o)
 .data          0x2000007c        0x0 C:\Program Files (x86)\GNU Tools Arm Embedded\9 2019-q4-major\arm-none-eabi\lib\thumb\v6-m\nofp\libc_nano.a(lib_a-nano-vfprintf_i.o)
 .data          0x2000007c        0x0 C:\Program Files (x86)\GNU Tools Arm Embedded\9 2019-q4-major\arm-none-eabi\lib\thumb\v6-m\nofp\libc_nano.a(lib_a-readr.o)
 .data          0x2000007c        0x0 C:\Program Files (x86)\GNU Tools Arm Embedded\9 2019-q4-major\arm-none-eabi\lib\thumb\v6-m\nofp\libc_nano.a(lib_a-fstatr.o)
 .data          0x2000007c        0x0 C:\Program Files (x86)\GNU Tools Arm Embedded\9 2019-q4-major\arm-none-eabi\lib\thumb\v6-m\nofp\libc_nano.a(lib_a-fvwrite.o)
 .data          0x2000007c        0x0 C:\Program Files (x86)\GNU Tools Arm Embedded\9 2019-q4-major\arm-none-eabi\lib\thumb\v6-m\nofp\libc_nano.a(lib_a-isattyr.o)
 .data          0x2000007c        0x0 C:\Program Files (x86)\GNU Tools Arm Embedded\9 2019-q4-major\arm-none-eabi\lib\thumb\v6-m\nofp\libc_nano.a(lib_a-memchr-stub.o)
 .data          0x2000007c        0x0 C:\Program Files (x86)\GNU Tools Arm Embedded\9 2019-q4-major\arm-none-eabi\lib\thumb\v6-m\nofp\libc_nano.a(lib_a-memcpy-stub.o)
 .data          0x2000007c        0x0 C:\Program Files (x86)\GNU Tools Arm Embedded\9 2019-q4-major\arm-none-eabi\lib\thumb\v6-m\nofp\libc_nano.a(lib_a-memmove.o)
 .data          0x2000007c        0x0 C:\Program Files (x86)\GNU Tools Arm Embedded\9 2019-q4-major\arm-none-eabi\lib\thumb\v6-m\nofp\libc_nano.a(lib_a-nano-reallocr.o)
 .data          0x2000007c        0x0 C:\Program Files (x86)\GNU Tools Arm Embedded\9 2019-q4-major\arm-none-eabi\lib\thumb\v6-m\nofp\libc_nano.a(lib_a-nano-msizer.o)
 .data          0x2000007c        0x0 C:\Program Files (x86)\GNU Tools Arm Embedded\9 2019-q4-major\lib\gcc\arm-none-eabi\9.2.1\thumb\v6-m\nofp\libgcc.a(_thumb1_case_shi.o)
 .data          0x2000007c        0x0 C:\Program Files (x86)\GNU Tools Arm Embedded\9 2019-q4-major\lib\gcc\arm-none-eabi\9.2.1\thumb\v6-m\nofp\libgcc.a(_udivsi3.o)
                0x2000007c                . = ALIGN (0x4)
                0x2000007c                _edata = .

.igot.plt       0x2000007c        0x0 load address 0x08003244
 .igot.plt      0x2000007c        0x0 main.o

.bss            0x2000007c       0xc4 load address 0x08003244
                0x2000007c                _bss = .
 *(.bss*)
 .bss           0x2000007c        0x0 main.o
 .bss           0x2000007c        0x0 init.o
 .bss           0x2000007c        0x0 serial.o
 .bss           0x2000007c        0x8 newlib_stubs.o
                0x2000007c                __env
 .bss           0x20000084        0x0 C:\Program Files (x86)\GNU Tools Arm Embedded\9 2019-q4-major\arm-none-eabi\lib\thumb\v6-m\nofp\libnosys.a(errno.o)
 .bss           0x20000084        0x0 C:\Program Files (x86)\GNU Tools Arm Embedded\9 2019-q4-major\lib\gcc\arm-none-eabi\9.2.1\thumb\v6-m\nofp\libgcc.a(_divsi3.o)
 .bss           0x20000084        0x0 C:\Program Files (x86)\GNU Tools Arm Embedded\9 2019-q4-major\lib\gcc\arm-none-eabi\9.2.1\thumb\v6-m\nofp\libgcc.a(_dvmd_tls.o)
 .bss           0x20000084        0x0 C:\Program Files (x86)\GNU Tools Arm Embedded\9 2019-q4-major\arm-none-eabi\lib\thumb\v6-m\nofp\libc_nano.a(lib_a-atoi.o)
 .bss           0x20000084        0x0 C:\Program Files (x86)\GNU Tools Arm Embedded\9 2019-q4-major\arm-none-eabi\lib\thumb\v6-m\nofp\libc_nano.a(lib_a-fflush.o)
 .bss           0x20000084        0x0 C:\Program Files (x86)\GNU Tools Arm Embedded\9 2019-q4-major\arm-none-eabi\lib\thumb\v6-m\nofp\libc_nano.a(lib_a-findfp.o)
 .bss           0x20000084        0x0 C:\Program Files (x86)\GNU Tools Arm Embedded\9 2019-q4-major\arm-none-eabi\lib\thumb\v6-m\nofp\libc_nano.a(lib_a-fwalk.o)
 .bss           0x20000084        0x0 C:\Program Files (x86)\GNU Tools Arm Embedded\9 2019-q4-major\arm-none-eabi\lib\thumb\v6-m\nofp\libc_nano.a(lib_a-impure.o)
 .bss           0x20000084        0x0 C:\Program Files (x86)\GNU Tools Arm Embedded\9 2019-q4-major\arm-none-eabi\lib\thumb\v6-m\nofp\libc_nano.a(lib_a-lock.o)
 .bss           0x20000084        0x0 C:\Program Files (x86)\GNU Tools Arm Embedded\9 2019-q4-major\arm-none-eabi\lib\thumb\v6-m\nofp\libc_nano.a(lib_a-memset.o)
 .bss           0x20000084        0x0 C:\Program Files (x86)\GNU Tools Arm Embedded\9 2019-q4-major\arm-none-eabi\lib\thumb\v6-m\nofp\libc_nano.a(lib_a-nano-freer.o)
 .bss           0x20000084        0x0 C:\Program Files (x86)\GNU Tools Arm Embedded\9 2019-q4-major\arm-none-eabi\lib\thumb\v6-m\nofp\libc_nano.a(lib_a-nano-mallocr.o)
 .bss.__malloc_free_list
                0x20000084        0x4 C:\Program Files (x86)\GNU Tools Arm Embedded\9 2019-q4-major\arm-none-eabi\lib\thumb\v6-m\nofp\libc_nano.a(lib_a-nano-mallocr.o)
                0x20000084                __malloc_free_list
 .bss.__malloc_sbrk_start
                0x20000088        0x4 C:\Program Files (x86)\GNU Tools Arm Embedded\9 2019-q4-major\arm-none-eabi\lib\thumb\v6-m\nofp\libc_nano.a(lib_a-nano-mallocr.o)
                0x20000088                __malloc_sbrk_start
 .bss           0x2000008c        0x0 C:\Program Files (x86)\GNU Tools Arm Embedded\9 2019-q4-major\arm-none-eabi\lib\thumb\v6-m\nofp\libc_nano.a(lib_a-printf.o)
 .bss           0x2000008c        0x0 C:\Program Files (x86)\GNU Tools Arm Embedded\9 2019-q4-major\arm-none-eabi\lib\thumb\v6-m\nofp\libc_nano.a(lib_a-puts.o)
 .bss           0x2000008c        0x0 C:\Program Files (x86)\GNU Tools Arm Embedded\9 2019-q4-major\arm-none-eabi\lib\thumb\v6-m\nofp\libc_nano.a(lib_a-sbrkr.o)
 .bss           0x2000008c        0x0 C:\Program Files (x86)\GNU Tools Arm Embedded\9 2019-q4-major\arm-none-eabi\lib\thumb\v6-m\nofp\libc_nano.a(lib_a-stdio.o)
 .bss           0x2000008c        0x0 C:\Program Files (x86)\GNU Tools Arm Embedded\9 2019-q4-major\arm-none-eabi\lib\thumb\v6-m\nofp\libc_nano.a(lib_a-strtol.o)
 .bss           0x2000008c        0x0 C:\Program Files (x86)\GNU Tools Arm Embedded\9 2019-q4-major\arm-none-eabi\lib\thumb\v6-m\nofp\libc_nano.a(lib_a-wbuf.o)
 .bss           0x2000008c        0x0 C:\Program Files (x86)\GNU Tools Arm Embedded\9 2019-q4-major\arm-none-eabi\lib\thumb\v6-m\nofp\libc_nano.a(lib_a-writer.o)
 .bss           0x2000008c        0x0 C:\Program Files (x86)\GNU Tools Arm Embedded\9 2019-q4-major\arm-none-eabi\lib\thumb\v6-m\nofp\libc_nano.a(lib_a-wsetup.o)
 .bss           0x2000008c        0x0 C:\Program Files (x86)\GNU Tools Arm Embedded\9 2019-q4-major\arm-none-eabi\lib\thumb\v6-m\nofp\libc_nano.a(lib_a-closer.o)
 .bss           0x2000008c        0x0 C:\Program Files (x86)\GNU Tools Arm Embedded\9 2019-q4-major\arm-none-eabi\lib\thumb\v6-m\nofp\libc_nano.a(lib_a-ctype_.o)
 .bss           0x2000008c        0x0 C:\Program Files (x86)\GNU Tools Arm Embedded\9 2019-q4-major\arm-none-eabi\lib\thumb\v6-m\nofp\libc_nano.a(lib_a-lseekr.o)
 .bss           0x2000008c        0x0 C:\Program Files (x86)\GNU Tools Arm Embedded\9 2019-q4-major\arm-none-eabi\lib\thumb\v6-m\nofp\libc_nano.a(lib_a-makebuf.o)
 .bss           0x2000008c        0x0 C:\Program Files (x86)\GNU Tools Arm Embedded\9 2019-q4-major\arm-none-eabi\lib\thumb\v6-m\nofp\libc_nano.a(lib_a-mlock.o)
 .bss           0x2000008c        0x0 C:\Program Files (x86)\GNU Tools Arm Embedded\9 2019-q4-major\arm-none-eabi\lib\thumb\v6-m\nofp\libc_nano.a(lib_a-nano-vfprintf.o)
 .bss           0x2000008c        0x0 C:\Program Files (x86)\GNU Tools Arm Embedded\9 2019-q4-major\arm-none-eabi\lib\thumb\v6-m\nofp\libc_nano.a(lib_a-nano-vfprintf_i.o)
 .bss           0x2000008c        0x0 C:\Program Files (x86)\GNU Tools Arm Embedded\9 2019-q4-major\arm-none-eabi\lib\thumb\v6-m\nofp\libc_nano.a(lib_a-readr.o)
 .bss           0x2000008c        0x0 C:\Program Files (x86)\GNU Tools Arm Embedded\9 2019-q4-major\arm-none-eabi\lib\thumb\v6-m\nofp\libc_nano.a(lib_a-fstatr.o)
 .bss           0x2000008c        0x0 C:\Program Files (x86)\GNU Tools Arm Embedded\9 2019-q4-major\arm-none-eabi\lib\thumb\v6-m\nofp\libc_nano.a(lib_a-fvwrite.o)
 .bss           0x2000008c        0x0 C:\Program Files (x86)\GNU Tools Arm Embedded\9 2019-q4-major\arm-none-eabi\lib\thumb\v6-m\nofp\libc_nano.a(lib_a-isattyr.o)
 .bss           0x2000008c        0x0 C:\Program Files (x86)\GNU Tools Arm Embedded\9 2019-q4-major\arm-none-eabi\lib\thumb\v6-m\nofp\libc_nano.a(lib_a-memchr-stub.o)
 .bss           0x2000008c        0x0 C:\Program Files (x86)\GNU Tools Arm Embedded\9 2019-q4-major\arm-none-eabi\lib\thumb\v6-m\nofp\libc_nano.a(lib_a-memcpy-stub.o)
 .bss           0x2000008c        0x0 C:\Program Files (x86)\GNU Tools Arm Embedded\9 2019-q4-major\arm-none-eabi\lib\thumb\v6-m\nofp\libc_nano.a(lib_a-memmove.o)
 .bss           0x2000008c        0x0 C:\Program Files (x86)\GNU Tools Arm Embedded\9 2019-q4-major\arm-none-eabi\lib\thumb\v6-m\nofp\libc_nano.a(lib_a-nano-reallocr.o)
 .bss           0x2000008c        0x0 C:\Program Files (x86)\GNU Tools Arm Embedded\9 2019-q4-major\arm-none-eabi\lib\thumb\v6-m\nofp\libc_nano.a(lib_a-nano-msizer.o)
 .bss           0x2000008c        0x0 C:\Program Files (x86)\GNU Tools Arm Embedded\9 2019-q4-major\lib\gcc\arm-none-eabi\9.2.1\thumb\v6-m\nofp\libgcc.a(_thumb1_case_shi.o)
 .bss           0x2000008c        0x0 C:\Program Files (x86)\GNU Tools Arm Embedded\9 2019-q4-major\lib\gcc\arm-none-eabi\9.2.1\thumb\v6-m\nofp\libgcc.a(_udivsi3.o)
 *(COMMON)
 COMMON         0x2000008c       0xa4 serial.o
                0x2000008c                ComError
                0x20000090                ComRXBuffer
                0x200000dc                ComTXBuffer
                0x20000128                ComOpen
                0x2000012c                ComBusy
 COMMON         0x20000130        0x4 C:\Program Files (x86)\GNU Tools Arm Embedded\9 2019-q4-major\arm-none-eabi\lib\thumb\v6-m\nofp\libnosys.a(errno.o)
                0x20000130                errno
 COMMON         0x20000134        0x9 C:\Program Files (x86)\GNU Tools Arm Embedded\9 2019-q4-major\arm-none-eabi\lib\thumb\v6-m\nofp\libc_nano.a(lib_a-lock.o)
                0x20000134                __lock___atexit_recursive_mutex
                0x20000135                __lock___arc4random_mutex
                0x20000136                __lock___env_recursive_mutex
                0x20000137                __lock___sinit_recursive_mutex
                0x20000138                __lock___malloc_recursive_mutex
                0x20000139                __lock___at_quick_exit_mutex
                0x2000013a                __lock___dd_hash_mutex
                0x2000013b                __lock___tz_mutex
                0x2000013c                __lock___sfp_recursive_mutex
                0x20000140                . = ALIGN (0x4)
 *fill*         0x2000013d        0x3 
                0x20000140                _ebss = .
                [!provide]                PROVIDE (end = .)
                0x20000140                PROVIDE (_HeapStart = .)
                0x20002000                PROVIDE (_StackTop = (ORIGIN (ram) + LENGTH (ram)))
OUTPUT(main.elf elf32-littlearm)

.debug_info     0x00000000     0x2102
 .debug_info    0x00000000      0xc3b main.o
 .debug_info    0x00000c3b      0x139 init.o
 .debug_info    0x00000d74      0x350 serial.o
 .debug_info    0x000010c4     0x103e newlib_stubs.o

.debug_abbrev   0x00000000      0x789
 .debug_abbrev  0x00000000      0x29a main.o
 .debug_abbrev  0x0000029a       0xd3 init.o
 .debug_abbrev  0x0000036d      0x177 serial.o
 .debug_abbrev  0x000004e4      0x2a5 newlib_stubs.o

.debug_aranges  0x00000000       0x88
 .debug_aranges
                0x00000000       0x20 main.o
 .debug_aranges
                0x00000020       0x28 init.o
 .debug_aranges
                0x00000048       0x20 serial.o
 .debug_aranges
                0x00000068       0x20 newlib_stubs.o

.debug_line     0x00000000     0x110c
 .debug_line    0x00000000      0x9d2 main.o
 .debug_line    0x000009d2       0xf6 init.o
 .debug_line    0x00000ac8      0x2c9 serial.o
 .debug_line    0x00000d91      0x37b newlib_stubs.o

.debug_str      0x00000000      0x97f
 .debug_str     0x00000000      0x57d main.o
                                0x5f5 (size before relaxing)
 .debug_str     0x0000057d       0xd0 init.o
                                0x163 (size before relaxing)
 .debug_str     0x0000064d       0xd8 serial.o
                                0x1c8 (size before relaxing)
 .debug_str     0x00000725      0x25a newlib_stubs.o
                                0x7f3 (size before relaxing)

.comment        0x00000000       0x79
 .comment       0x00000000       0x79 main.o
                                 0x7a (size before relaxing)
 .comment       0x00000079       0x7a init.o
 .comment       0x00000079       0x7a serial.o
 .comment       0x00000079       0x7a newlib_stubs.o

.ARM.attributes
                0x00000000       0x2c
 .ARM.attributes
                0x00000000       0x2c main.o
 .ARM.attributes
                0x0000002c       0x2c init.o
 .ARM.attributes
                0x00000058       0x2c serial.o
 .ARM.attributes
                0x00000084       0x2c newlib_stubs.o
 .ARM.attributes
                0x000000b0       0x2c C:\Program Files (x86)\GNU Tools Arm Embedded\9 2019-q4-major\arm-none-eabi\lib\thumb\v6-m\nofp\libnosys.a(errno.o)
 .ARM.attributes
                0x000000dc       0x1e C:\Program Files (x86)\GNU Tools Arm Embedded\9 2019-q4-major\lib\gcc\arm-none-eabi\9.2.1\thumb\v6-m\nofp\libgcc.a(_divsi3.o)
 .ARM.attributes
                0x000000fa       0x1e C:\Program Files (x86)\GNU Tools Arm Embedded\9 2019-q4-major\lib\gcc\arm-none-eabi\9.2.1\thumb\v6-m\nofp\libgcc.a(_dvmd_tls.o)
 .ARM.attributes
                0x00000118       0x2c C:\Program Files (x86)\GNU Tools Arm Embedded\9 2019-q4-major\arm-none-eabi\lib\thumb\v6-m\nofp\libc_nano.a(lib_a-atoi.o)
 .ARM.attributes
                0x00000144       0x2c C:\Program Files (x86)\GNU Tools Arm Embedded\9 2019-q4-major\arm-none-eabi\lib\thumb\v6-m\nofp\libc_nano.a(lib_a-fflush.o)
 .ARM.attributes
                0x00000170       0x2c C:\Program Files (x86)\GNU Tools Arm Embedded\9 2019-q4-major\arm-none-eabi\lib\thumb\v6-m\nofp\libc_nano.a(lib_a-findfp.o)
 .ARM.attributes
                0x0000019c       0x2c C:\Program Files (x86)\GNU Tools Arm Embedded\9 2019-q4-major\arm-none-eabi\lib\thumb\v6-m\nofp\libc_nano.a(lib_a-fwalk.o)
 .ARM.attributes
                0x000001c8       0x2c C:\Program Files (x86)\GNU Tools Arm Embedded\9 2019-q4-major\arm-none-eabi\lib\thumb\v6-m\nofp\libc_nano.a(lib_a-impure.o)
 .ARM.attributes
                0x000001f4       0x2c C:\Program Files (x86)\GNU Tools Arm Embedded\9 2019-q4-major\arm-none-eabi\lib\thumb\v6-m\nofp\libc_nano.a(lib_a-lock.o)
 .ARM.attributes
                0x00000220       0x2c C:\Program Files (x86)\GNU Tools Arm Embedded\9 2019-q4-major\arm-none-eabi\lib\thumb\v6-m\nofp\libc_nano.a(lib_a-memset.o)
 .ARM.attributes
                0x0000024c       0x2c C:\Program Files (x86)\GNU Tools Arm Embedded\9 2019-q4-major\arm-none-eabi\lib\thumb\v6-m\nofp\libc_nano.a(lib_a-nano-freer.o)
 .ARM.attributes
                0x00000278       0x2c C:\Program Files (x86)\GNU Tools Arm Embedded\9 2019-q4-major\arm-none-eabi\lib\thumb\v6-m\nofp\libc_nano.a(lib_a-nano-mallocr.o)
 .ARM.attributes
                0x000002a4       0x2c C:\Program Files (x86)\GNU Tools Arm Embedded\9 2019-q4-major\arm-none-eabi\lib\thumb\v6-m\nofp\libc_nano.a(lib_a-printf.o)
 .ARM.attributes
                0x000002d0       0x2c C:\Program Files (x86)\GNU Tools Arm Embedded\9 2019-q4-major\arm-none-eabi\lib\thumb\v6-m\nofp\libc_nano.a(lib_a-puts.o)
 .ARM.attributes
                0x000002fc       0x2c C:\Program Files (x86)\GNU Tools Arm Embedded\9 2019-q4-major\arm-none-eabi\lib\thumb\v6-m\nofp\libc_nano.a(lib_a-sbrkr.o)
 .ARM.attributes
                0x00000328       0x2c C:\Program Files (x86)\GNU Tools Arm Embedded\9 2019-q4-major\arm-none-eabi\lib\thumb\v6-m\nofp\libc_nano.a(lib_a-stdio.o)
 .ARM.attributes
                0x00000354       0x2c C:\Program Files (x86)\GNU Tools Arm Embedded\9 2019-q4-major\arm-none-eabi\lib\thumb\v6-m\nofp\libc_nano.a(lib_a-strtol.o)
 .ARM.attributes
                0x00000380       0x2c C:\Program Files (x86)\GNU Tools Arm Embedded\9 2019-q4-major\arm-none-eabi\lib\thumb\v6-m\nofp\libc_nano.a(lib_a-wbuf.o)
 .ARM.attributes
                0x000003ac       0x2c C:\Program Files (x86)\GNU Tools Arm Embedded\9 2019-q4-major\arm-none-eabi\lib\thumb\v6-m\nofp\libc_nano.a(lib_a-writer.o)
 .ARM.attributes
                0x000003d8       0x2c C:\Program Files (x86)\GNU Tools Arm Embedded\9 2019-q4-major\arm-none-eabi\lib\thumb\v6-m\nofp\libc_nano.a(lib_a-wsetup.o)
 .ARM.attributes
                0x00000404       0x2c C:\Program Files (x86)\GNU Tools Arm Embedded\9 2019-q4-major\arm-none-eabi\lib\thumb\v6-m\nofp\libc_nano.a(lib_a-closer.o)
 .ARM.attributes
                0x00000430       0x2c C:\Program Files (x86)\GNU Tools Arm Embedded\9 2019-q4-major\arm-none-eabi\lib\thumb\v6-m\nofp\libc_nano.a(lib_a-ctype_.o)
 .ARM.attributes
                0x0000045c       0x2c C:\Program Files (x86)\GNU Tools Arm Embedded\9 2019-q4-major\arm-none-eabi\lib\thumb\v6-m\nofp\libc_nano.a(lib_a-lseekr.o)
 .ARM.attributes
                0x00000488       0x2c C:\Program Files (x86)\GNU Tools Arm Embedded\9 2019-q4-major\arm-none-eabi\lib\thumb\v6-m\nofp\libc_nano.a(lib_a-makebuf.o)
 .ARM.attributes
                0x000004b4       0x2c C:\Program Files (x86)\GNU Tools Arm Embedded\9 2019-q4-major\arm-none-eabi\lib\thumb\v6-m\nofp\libc_nano.a(lib_a-mlock.o)
 .ARM.attributes
                0x000004e0       0x2c C:\Program Files (x86)\GNU Tools Arm Embedded\9 2019-q4-major\arm-none-eabi\lib\thumb\v6-m\nofp\libc_nano.a(lib_a-nano-vfprintf.o)
 .ARM.attributes
                0x0000050c       0x2c C:\Program Files (x86)\GNU Tools Arm Embedded\9 2019-q4-major\arm-none-eabi\lib\thumb\v6-m\nofp\libc_nano.a(lib_a-nano-vfprintf_i.o)
 .ARM.attributes
                0x00000538       0x2c C:\Program Files (x86)\GNU Tools Arm Embedded\9 2019-q4-major\arm-none-eabi\lib\thumb\v6-m\nofp\libc_nano.a(lib_a-readr.o)
 .ARM.attributes
                0x00000564       0x2c C:\Program Files (x86)\GNU Tools Arm Embedded\9 2019-q4-major\arm-none-eabi\lib\thumb\v6-m\nofp\libc_nano.a(lib_a-fstatr.o)
 .ARM.attributes
                0x00000590       0x2c C:\Program Files (x86)\GNU Tools Arm Embedded\9 2019-q4-major\arm-none-eabi\lib\thumb\v6-m\nofp\libc_nano.a(lib_a-fvwrite.o)
 .ARM.attributes
                0x000005bc       0x2c C:\Program Files (x86)\GNU Tools Arm Embedded\9 2019-q4-major\arm-none-eabi\lib\thumb\v6-m\nofp\libc_nano.a(lib_a-isattyr.o)
 .ARM.attributes
                0x000005e8       0x2c C:\Program Files (x86)\GNU Tools Arm Embedded\9 2019-q4-major\arm-none-eabi\lib\thumb\v6-m\nofp\libc_nano.a(lib_a-memchr-stub.o)
 .ARM.attributes
                0x00000614       0x2c C:\Program Files (x86)\GNU Tools Arm Embedded\9 2019-q4-major\arm-none-eabi\lib\thumb\v6-m\nofp\libc_nano.a(lib_a-memcpy-stub.o)
 .ARM.attributes
                0x00000640       0x2c C:\Program Files (x86)\GNU Tools Arm Embedded\9 2019-q4-major\arm-none-eabi\lib\thumb\v6-m\nofp\libc_nano.a(lib_a-memmove.o)
 .ARM.attributes
                0x0000066c       0x2c C:\Program Files (x86)\GNU Tools Arm Embedded\9 2019-q4-major\arm-none-eabi\lib\thumb\v6-m\nofp\libc_nano.a(lib_a-nano-reallocr.o)
 .ARM.attributes
                0x00000698       0x2c C:\Program Files (x86)\GNU Tools Arm Embedded\9 2019-q4-major\arm-none-eabi\lib\thumb\v6-m\nofp\libc_nano.a(lib_a-nano-msizer.o)
 .ARM.attributes
                0x000006c4       0x1e C:\Program Files (x86)\GNU Tools Arm Embedded\9 2019-q4-major\lib\gcc\arm-none-eabi\9.2.1\thumb\v6-m\nofp\libgcc.a(_thumb1_case_shi.o)
 .ARM.attributes
                0x000006e2       0x1e C:\Program Files (x86)\GNU Tools Arm Embedded\9 2019-q4-major\lib\gcc\arm-none-eabi\9.2.1\thumb\v6-m\nofp\libgcc.a(_udivsi3.o)

.debug_frame    0x00000000      0xfdc
 .debug_frame   0x00000000      0x1e8 main.o
 .debug_frame   0x000001e8       0x94 init.o
 .debug_frame   0x0000027c      0x1a4 serial.o
 .debug_frame   0x00000420      0x228 newlib_stubs.o
 .debug_frame   0x00000648       0x20 C:\Program Files (x86)\GNU Tools Arm Embedded\9 2019-q4-major\lib\gcc\arm-none-eabi\9.2.1\thumb\v6-m\nofp\libgcc.a(_divsi3.o)
 .debug_frame   0x00000668       0x40 C:\Program Files (x86)\GNU Tools Arm Embedded\9 2019-q4-major\arm-none-eabi\lib\thumb\v6-m\nofp\libc_nano.a(lib_a-atoi.o)
 .debug_frame   0x000006a8       0x68 C:\Program Files (x86)\GNU Tools Arm Embedded\9 2019-q4-major\arm-none-eabi\lib\thumb\v6-m\nofp\libc_nano.a(lib_a-fflush.o)
 .debug_frame   0x00000710      0x170 C:\Program Files (x86)\GNU Tools Arm Embedded\9 2019-q4-major\arm-none-eabi\lib\thumb\v6-m\nofp\libc_nano.a(lib_a-findfp.o)
 .debug_frame   0x00000880       0x58 C:\Program Files (x86)\GNU Tools Arm Embedded\9 2019-q4-major\arm-none-eabi\lib\thumb\v6-m\nofp\libc_nano.a(lib_a-fwalk.o)
 .debug_frame   0x000008d8       0xb0 C:\Program Files (x86)\GNU Tools Arm Embedded\9 2019-q4-major\arm-none-eabi\lib\thumb\v6-m\nofp\libc_nano.a(lib_a-lock.o)
 .debug_frame   0x00000988       0x20 C:\Program Files (x86)\GNU Tools Arm Embedded\9 2019-q4-major\arm-none-eabi\lib\thumb\v6-m\nofp\libc_nano.a(lib_a-memset.o)
 .debug_frame   0x000009a8       0x2c C:\Program Files (x86)\GNU Tools Arm Embedded\9 2019-q4-major\arm-none-eabi\lib\thumb\v6-m\nofp\libc_nano.a(lib_a-nano-freer.o)
 .debug_frame   0x000009d4       0x30 C:\Program Files (x86)\GNU Tools Arm Embedded\9 2019-q4-major\arm-none-eabi\lib\thumb\v6-m\nofp\libc_nano.a(lib_a-nano-mallocr.o)
 .debug_frame   0x00000a04       0x50 C:\Program Files (x86)\GNU Tools Arm Embedded\9 2019-q4-major\arm-none-eabi\lib\thumb\v6-m\nofp\libc_nano.a(lib_a-printf.o)
 .debug_frame   0x00000a54       0x44 C:\Program Files (x86)\GNU Tools Arm Embedded\9 2019-q4-major\arm-none-eabi\lib\thumb\v6-m\nofp\libc_nano.a(lib_a-puts.o)
 .debug_frame   0x00000a98       0x2c C:\Program Files (x86)\GNU Tools Arm Embedded\9 2019-q4-major\arm-none-eabi\lib\thumb\v6-m\nofp\libc_nano.a(lib_a-sbrkr.o)
 .debug_frame   0x00000ac4       0x90 C:\Program Files (x86)\GNU Tools Arm Embedded\9 2019-q4-major\arm-none-eabi\lib\thumb\v6-m\nofp\libc_nano.a(lib_a-stdio.o)
 .debug_frame   0x00000b54       0x78 C:\Program Files (x86)\GNU Tools Arm Embedded\9 2019-q4-major\arm-none-eabi\lib\thumb\v6-m\nofp\libc_nano.a(lib_a-strtol.o)
 .debug_frame   0x00000bcc       0x48 C:\Program Files (x86)\GNU Tools Arm Embedded\9 2019-q4-major\arm-none-eabi\lib\thumb\v6-m\nofp\libc_nano.a(lib_a-wbuf.o)
 .debug_frame   0x00000c14       0x2c C:\Program Files (x86)\GNU Tools Arm Embedded\9 2019-q4-major\arm-none-eabi\lib\thumb\v6-m\nofp\libc_nano.a(lib_a-writer.o)
 .debug_frame   0x00000c40       0x2c C:\Program Files (x86)\GNU Tools Arm Embedded\9 2019-q4-major\arm-none-eabi\lib\thumb\v6-m\nofp\libc_nano.a(lib_a-wsetup.o)
 .debug_frame   0x00000c6c       0x2c C:\Program Files (x86)\GNU Tools Arm Embedded\9 2019-q4-major\arm-none-eabi\lib\thumb\v6-m\nofp\libc_nano.a(lib_a-closer.o)
 .debug_frame   0x00000c98       0x2c C:\Program Files (x86)\GNU Tools Arm Embedded\9 2019-q4-major\arm-none-eabi\lib\thumb\v6-m\nofp\libc_nano.a(lib_a-lseekr.o)
 .debug_frame   0x00000cc4       0x54 C:\Program Files (x86)\GNU Tools Arm Embedded\9 2019-q4-major\arm-none-eabi\lib\thumb\v6-m\nofp\libc_nano.a(lib_a-makebuf.o)
 .debug_frame   0x00000d18       0x40 C:\Program Files (x86)\GNU Tools Arm Embedded\9 2019-q4-major\arm-none-eabi\lib\thumb\v6-m\nofp\libc_nano.a(lib_a-mlock.o)
 .debug_frame   0x00000d58       0x9c C:\Program Files (x86)\GNU Tools Arm Embedded\9 2019-q4-major\arm-none-eabi\lib\thumb\v6-m\nofp\libc_nano.a(lib_a-nano-vfprintf.o)
 .debug_frame   0x00000df4       0x54 C:\Program Files (x86)\GNU Tools Arm Embedded\9 2019-q4-major\arm-none-eabi\lib\thumb\v6-m\nofp\libc_nano.a(lib_a-nano-vfprintf_i.o)
 .debug_frame   0x00000e48       0x2c C:\Program Files (x86)\GNU Tools Arm Embedded\9 2019-q4-major\arm-none-eabi\lib\thumb\v6-m\nofp\libc_nano.a(lib_a-readr.o)
 .debug_frame   0x00000e74       0x2c C:\Program Files (x86)\GNU Tools Arm Embedded\9 2019-q4-major\arm-none-eabi\lib\thumb\v6-m\nofp\libc_nano.a(lib_a-fstatr.o)
 .debug_frame   0x00000ea0       0x30 C:\Program Files (x86)\GNU Tools Arm Embedded\9 2019-q4-major\arm-none-eabi\lib\thumb\v6-m\nofp\libc_nano.a(lib_a-fvwrite.o)
 .debug_frame   0x00000ed0       0x2c C:\Program Files (x86)\GNU Tools Arm Embedded\9 2019-q4-major\arm-none-eabi\lib\thumb\v6-m\nofp\libc_nano.a(lib_a-isattyr.o)
 .debug_frame   0x00000efc       0x20 C:\Program Files (x86)\GNU Tools Arm Embedded\9 2019-q4-major\arm-none-eabi\lib\thumb\v6-m\nofp\libc_nano.a(lib_a-memchr-stub.o)
 .debug_frame   0x00000f1c       0x28 C:\Program Files (x86)\GNU Tools Arm Embedded\9 2019-q4-major\arm-none-eabi\lib\thumb\v6-m\nofp\libc_nano.a(lib_a-memcpy-stub.o)
 .debug_frame   0x00000f44       0x28 C:\Program Files (x86)\GNU Tools Arm Embedded\9 2019-q4-major\arm-none-eabi\lib\thumb\v6-m\nofp\libc_nano.a(lib_a-memmove.o)
 .debug_frame   0x00000f6c       0x30 C:\Program Files (x86)\GNU Tools Arm Embedded\9 2019-q4-major\arm-none-eabi\lib\thumb\v6-m\nofp\libc_nano.a(lib_a-nano-reallocr.o)
 .debug_frame   0x00000f9c       0x20 C:\Program Files (x86)\GNU Tools Arm Embedded\9 2019-q4-major\arm-none-eabi\lib\thumb\v6-m\nofp\libc_nano.a(lib_a-nano-msizer.o)
 .debug_frame   0x00000fbc       0x20 C:\Program Files (x86)\GNU Tools Arm Embedded\9 2019-q4-major\lib\gcc\arm-none-eabi\9.2.1\thumb\v6-m\nofp\libgcc.a(_udivsi3.o)

.debug_ranges   0x00000000       0x18
 .debug_ranges  0x00000000       0x18 init.o

Cross Reference Table

Symbol                                            File
ComBusy                                           serial.o
ComError                                          serial.o
ComOpen                                           serial.o
ComRXBuffer                                       serial.o
ComTXBuffer                                       serial.o
Default_Handler                                   init.o
GetBuf                                            serial.o
GetBufCount                                       serial.o
Hard_Fault_Handler                                init.o
HexDigit                                          main.o
PrintNumber                                       main.o
PutBuf                                            serial.o
ReadCom                                           serial.o
ResetInit                                         init.o
Vectors                                           init.o
WriteCom                                          serial.o
_HeapStart                                        newlib_stubs.o
_StackTop                                         newlib_stubs.o
                                                  init.o
__aeabi_idiv                                      C:\Program Files (x86)\GNU Tools Arm Embedded\9 2019-q4-major\lib\gcc\arm-none-eabi\9.2.1\thumb\v6-m\nofp\libgcc.a(_divsi3.o)
                                                  C:\Program Files (x86)\GNU Tools Arm Embedded\9 2019-q4-major\arm-none-eabi\lib\thumb\v6-m\nofp\libc_nano.a(lib_a-fvwrite.o)
                                                  serial.o
                                                  main.o
__aeabi_idiv0                                     C:\Program Files (x86)\GNU Tools Arm Embedded\9 2019-q4-major\lib\gcc\arm-none-eabi\9.2.1\thumb\v6-m\nofp\libgcc.a(_dvmd_tls.o)
                                                  C:\Program Files (x86)\GNU Tools Arm Embedded\9 2019-q4-major\lib\gcc\arm-none-eabi\9.2.1\thumb\v6-m\nofp\libgcc.a(_udivsi3.o)
                                                  C:\Program Files (x86)\GNU Tools Arm Embedded\9 2019-q4-major\lib\gcc\arm-none-eabi\9.2.1\thumb\v6-m\nofp\libgcc.a(_divsi3.o)
__aeabi_idivmod                                   C:\Program Files (x86)\GNU Tools Arm Embedded\9 2019-q4-major\lib\gcc\arm-none-eabi\9.2.1\thumb\v6-m\nofp\libgcc.a(_divsi3.o)
                                                  main.o
__aeabi_ldiv0                                     C:\Program Files (x86)\GNU Tools Arm Embedded\9 2019-q4-major\lib\gcc\arm-none-eabi\9.2.1\thumb\v6-m\nofp\libgcc.a(_dvmd_tls.o)
__aeabi_uidiv                                     C:\Program Files (x86)\GNU Tools Arm Embedded\9 2019-q4-major\lib\gcc\arm-none-eabi\9.2.1\thumb\v6-m\nofp\libgcc.a(_udivsi3.o)
__aeabi_uidivmod                                  C:\Program Files (x86)\GNU Tools Arm Embedded\9 2019-q4-major\lib\gcc\arm-none-eabi\9.2.1\thumb\v6-m\nofp\libgcc.a(_udivsi3.o)
                                                  C:\Program Files (x86)\GNU Tools Arm Embedded\9 2019-q4-major\arm-none-eabi\lib\thumb\v6-m\nofp\libc_nano.a(lib_a-nano-vfprintf_i.o)
                                                  C:\Program Files (x86)\GNU Tools Arm Embedded\9 2019-q4-major\arm-none-eabi\lib\thumb\v6-m\nofp\libc_nano.a(lib_a-strtol.o)
__divsi3                                          C:\Program Files (x86)\GNU Tools Arm Embedded\9 2019-q4-major\lib\gcc\arm-none-eabi\9.2.1\thumb\v6-m\nofp\libgcc.a(_divsi3.o)
__env                                             newlib_stubs.o
__fp_lock_all                                     C:\Program Files (x86)\GNU Tools Arm Embedded\9 2019-q4-major\arm-none-eabi\lib\thumb\v6-m\nofp\libc_nano.a(lib_a-findfp.o)
__fp_unlock_all                                   C:\Program Files (x86)\GNU Tools Arm Embedded\9 2019-q4-major\arm-none-eabi\lib\thumb\v6-m\nofp\libc_nano.a(lib_a-findfp.o)
__gnu_thumb1_case_shi                             C:\Program Files (x86)\GNU Tools Arm Embedded\9 2019-q4-major\lib\gcc\arm-none-eabi\9.2.1\thumb\v6-m\nofp\libgcc.a(_thumb1_case_shi.o)
                                                  C:\Program Files (x86)\GNU Tools Arm Embedded\9 2019-q4-major\arm-none-eabi\lib\thumb\v6-m\nofp\libc_nano.a(lib_a-nano-vfprintf_i.o)
__init_array_end                                  init.o
__init_array_start                                init.o
__lock___arc4random_mutex                         C:\Program Files (x86)\GNU Tools Arm Embedded\9 2019-q4-major\arm-none-eabi\lib\thumb\v6-m\nofp\libc_nano.a(lib_a-lock.o)
__lock___at_quick_exit_mutex                      C:\Program Files (x86)\GNU Tools Arm Embedded\9 2019-q4-major\arm-none-eabi\lib\thumb\v6-m\nofp\libc_nano.a(lib_a-lock.o)
__lock___atexit_recursive_mutex                   C:\Program Files (x86)\GNU Tools Arm Embedded\9 2019-q4-major\arm-none-eabi\lib\thumb\v6-m\nofp\libc_nano.a(lib_a-lock.o)
__lock___dd_hash_mutex                            C:\Program Files (x86)\GNU Tools Arm Embedded\9 2019-q4-major\arm-none-eabi\lib\thumb\v6-m\nofp\libc_nano.a(lib_a-lock.o)
__lock___env_recursive_mutex                      C:\Program Files (x86)\GNU Tools Arm Embedded\9 2019-q4-major\arm-none-eabi\lib\thumb\v6-m\nofp\libc_nano.a(lib_a-lock.o)
__lock___malloc_recursive_mutex                   C:\Program Files (x86)\GNU Tools Arm Embedded\9 2019-q4-major\arm-none-eabi\lib\thumb\v6-m\nofp\libc_nano.a(lib_a-lock.o)
                                                  C:\Program Files (x86)\GNU Tools Arm Embedded\9 2019-q4-major\arm-none-eabi\lib\thumb\v6-m\nofp\libc_nano.a(lib_a-mlock.o)
__lock___sfp_recursive_mutex                      C:\Program Files (x86)\GNU Tools Arm Embedded\9 2019-q4-major\arm-none-eabi\lib\thumb\v6-m\nofp\libc_nano.a(lib_a-lock.o)
                                                  C:\Program Files (x86)\GNU Tools Arm Embedded\9 2019-q4-major\arm-none-eabi\lib\thumb\v6-m\nofp\libc_nano.a(lib_a-findfp.o)
__lock___sinit_recursive_mutex                    C:\Program Files (x86)\GNU Tools Arm Embedded\9 2019-q4-major\arm-none-eabi\lib\thumb\v6-m\nofp\libc_nano.a(lib_a-lock.o)
                                                  C:\Program Files (x86)\GNU Tools Arm Embedded\9 2019-q4-major\arm-none-eabi\lib\thumb\v6-m\nofp\libc_nano.a(lib_a-findfp.o)
__lock___tz_mutex                                 C:\Program Files (x86)\GNU Tools Arm Embedded\9 2019-q4-major\arm-none-eabi\lib\thumb\v6-m\nofp\libc_nano.a(lib_a-lock.o)
__malloc_free_list                                C:\Program Files (x86)\GNU Tools Arm Embedded\9 2019-q4-major\arm-none-eabi\lib\thumb\v6-m\nofp\libc_nano.a(lib_a-nano-mallocr.o)
                                                  C:\Program Files (x86)\GNU Tools Arm Embedded\9 2019-q4-major\arm-none-eabi\lib\thumb\v6-m\nofp\libc_nano.a(lib_a-nano-freer.o)
__malloc_lock                                     C:\Program Files (x86)\GNU Tools Arm Embedded\9 2019-q4-major\arm-none-eabi\lib\thumb\v6-m\nofp\libc_nano.a(lib_a-mlock.o)
                                                  C:\Program Files (x86)\GNU Tools Arm Embedded\9 2019-q4-major\arm-none-eabi\lib\thumb\v6-m\nofp\libc_nano.a(lib_a-nano-mallocr.o)
                                                  C:\Program Files (x86)\GNU Tools Arm Embedded\9 2019-q4-major\arm-none-eabi\lib\thumb\v6-m\nofp\libc_nano.a(lib_a-nano-freer.o)
__malloc_sbrk_start                               C:\Program Files (x86)\GNU Tools Arm Embedded\9 2019-q4-major\arm-none-eabi\lib\thumb\v6-m\nofp\libc_nano.a(lib_a-nano-mallocr.o)
__malloc_unlock                                   C:\Program Files (x86)\GNU Tools Arm Embedded\9 2019-q4-major\arm-none-eabi\lib\thumb\v6-m\nofp\libc_nano.a(lib_a-mlock.o)
                                                  C:\Program Files (x86)\GNU Tools Arm Embedded\9 2019-q4-major\arm-none-eabi\lib\thumb\v6-m\nofp\libc_nano.a(lib_a-nano-mallocr.o)
                                                  C:\Program Files (x86)\GNU Tools Arm Embedded\9 2019-q4-major\arm-none-eabi\lib\thumb\v6-m\nofp\libc_nano.a(lib_a-nano-freer.o)
__retarget_lock_acquire                           C:\Program Files (x86)\GNU Tools Arm Embedded\9 2019-q4-major\arm-none-eabi\lib\thumb\v6-m\nofp\libc_nano.a(lib_a-lock.o)
__retarget_lock_acquire_recursive                 C:\Program Files (x86)\GNU Tools Arm Embedded\9 2019-q4-major\arm-none-eabi\lib\thumb\v6-m\nofp\libc_nano.a(lib_a-lock.o)
                                                  C:\Program Files (x86)\GNU Tools Arm Embedded\9 2019-q4-major\arm-none-eabi\lib\thumb\v6-m\nofp\libc_nano.a(lib_a-nano-vfprintf.o)
                                                  C:\Program Files (x86)\GNU Tools Arm Embedded\9 2019-q4-major\arm-none-eabi\lib\thumb\v6-m\nofp\libc_nano.a(lib_a-mlock.o)
                                                  C:\Program Files (x86)\GNU Tools Arm Embedded\9 2019-q4-major\arm-none-eabi\lib\thumb\v6-m\nofp\libc_nano.a(lib_a-puts.o)
                                                  C:\Program Files (x86)\GNU Tools Arm Embedded\9 2019-q4-major\arm-none-eabi\lib\thumb\v6-m\nofp\libc_nano.a(lib_a-findfp.o)
                                                  C:\Program Files (x86)\GNU Tools Arm Embedded\9 2019-q4-major\arm-none-eabi\lib\thumb\v6-m\nofp\libc_nano.a(lib_a-fflush.o)
__retarget_lock_close                             C:\Program Files (x86)\GNU Tools Arm Embedded\9 2019-q4-major\arm-none-eabi\lib\thumb\v6-m\nofp\libc_nano.a(lib_a-lock.o)
__retarget_lock_close_recursive                   C:\Program Files (x86)\GNU Tools Arm Embedded\9 2019-q4-major\arm-none-eabi\lib\thumb\v6-m\nofp\libc_nano.a(lib_a-lock.o)
__retarget_lock_init                              C:\Program Files (x86)\GNU Tools Arm Embedded\9 2019-q4-major\arm-none-eabi\lib\thumb\v6-m\nofp\libc_nano.a(lib_a-lock.o)
__retarget_lock_init_recursive                    C:\Program Files (x86)\GNU Tools Arm Embedded\9 2019-q4-major\arm-none-eabi\lib\thumb\v6-m\nofp\libc_nano.a(lib_a-lock.o)
                                                  C:\Program Files (x86)\GNU Tools Arm Embedded\9 2019-q4-major\arm-none-eabi\lib\thumb\v6-m\nofp\libc_nano.a(lib_a-findfp.o)
__retarget_lock_release                           C:\Program Files (x86)\GNU Tools Arm Embedded\9 2019-q4-major\arm-none-eabi\lib\thumb\v6-m\nofp\libc_nano.a(lib_a-lock.o)
__retarget_lock_release_recursive                 C:\Program Files (x86)\GNU Tools Arm Embedded\9 2019-q4-major\arm-none-eabi\lib\thumb\v6-m\nofp\libc_nano.a(lib_a-lock.o)
                                                  C:\Program Files (x86)\GNU Tools Arm Embedded\9 2019-q4-major\arm-none-eabi\lib\thumb\v6-m\nofp\libc_nano.a(lib_a-nano-vfprintf.o)
                                                  C:\Program Files (x86)\GNU Tools Arm Embedded\9 2019-q4-major\arm-none-eabi\lib\thumb\v6-m\nofp\libc_nano.a(lib_a-mlock.o)
                                                  C:\Program Files (x86)\GNU Tools Arm Embedded\9 2019-q4-major\arm-none-eabi\lib\thumb\v6-m\nofp\libc_nano.a(lib_a-puts.o)
                                                  C:\Program Files (x86)\GNU Tools Arm Embedded\9 2019-q4-major\arm-none-eabi\lib\thumb\v6-m\nofp\libc_nano.a(lib_a-findfp.o)
                                                  C:\Program Files (x86)\GNU Tools Arm Embedded\9 2019-q4-major\arm-none-eabi\lib\thumb\v6-m\nofp\libc_nano.a(lib_a-fflush.o)
__retarget_lock_try_acquire                       C:\Program Files (x86)\GNU Tools Arm Embedded\9 2019-q4-major\arm-none-eabi\lib\thumb\v6-m\nofp\libc_nano.a(lib_a-lock.o)
__retarget_lock_try_acquire_recursive             C:\Program Files (x86)\GNU Tools Arm Embedded\9 2019-q4-major\arm-none-eabi\lib\thumb\v6-m\nofp\libc_nano.a(lib_a-lock.o)
__sclose                                          C:\Program Files (x86)\GNU Tools Arm Embedded\9 2019-q4-major\arm-none-eabi\lib\thumb\v6-m\nofp\libc_nano.a(lib_a-stdio.o)
                                                  C:\Program Files (x86)\GNU Tools Arm Embedded\9 2019-q4-major\arm-none-eabi\lib\thumb\v6-m\nofp\libc_nano.a(lib_a-findfp.o)
__seofread                                        C:\Program Files (x86)\GNU Tools Arm Embedded\9 2019-q4-major\arm-none-eabi\lib\thumb\v6-m\nofp\libc_nano.a(lib_a-stdio.o)
__sf_fake_stderr                                  C:\Program Files (x86)\GNU Tools Arm Embedded\9 2019-q4-major\arm-none-eabi\lib\thumb\v6-m\nofp\libc_nano.a(lib_a-findfp.o)
                                                  C:\Program Files (x86)\GNU Tools Arm Embedded\9 2019-q4-major\arm-none-eabi\lib\thumb\v6-m\nofp\libc_nano.a(lib_a-nano-vfprintf.o)
                                                  C:\Program Files (x86)\GNU Tools Arm Embedded\9 2019-q4-major\arm-none-eabi\lib\thumb\v6-m\nofp\libc_nano.a(lib_a-wsetup.o)
                                                  C:\Program Files (x86)\GNU Tools Arm Embedded\9 2019-q4-major\arm-none-eabi\lib\thumb\v6-m\nofp\libc_nano.a(lib_a-wbuf.o)
                                                  C:\Program Files (x86)\GNU Tools Arm Embedded\9 2019-q4-major\arm-none-eabi\lib\thumb\v6-m\nofp\libc_nano.a(lib_a-puts.o)
                                                  C:\Program Files (x86)\GNU Tools Arm Embedded\9 2019-q4-major\arm-none-eabi\lib\thumb\v6-m\nofp\libc_nano.a(lib_a-impure.o)
                                                  C:\Program Files (x86)\GNU Tools Arm Embedded\9 2019-q4-major\arm-none-eabi\lib\thumb\v6-m\nofp\libc_nano.a(lib_a-fflush.o)
__sf_fake_stdin                                   C:\Program Files (x86)\GNU Tools Arm Embedded\9 2019-q4-major\arm-none-eabi\lib\thumb\v6-m\nofp\libc_nano.a(lib_a-findfp.o)
                                                  C:\Program Files (x86)\GNU Tools Arm Embedded\9 2019-q4-major\arm-none-eabi\lib\thumb\v6-m\nofp\libc_nano.a(lib_a-nano-vfprintf.o)
                                                  C:\Program Files (x86)\GNU Tools Arm Embedded\9 2019-q4-major\arm-none-eabi\lib\thumb\v6-m\nofp\libc_nano.a(lib_a-wsetup.o)
                                                  C:\Program Files (x86)\GNU Tools Arm Embedded\9 2019-q4-major\arm-none-eabi\lib\thumb\v6-m\nofp\libc_nano.a(lib_a-wbuf.o)
                                                  C:\Program Files (x86)\GNU Tools Arm Embedded\9 2019-q4-major\arm-none-eabi\lib\thumb\v6-m\nofp\libc_nano.a(lib_a-puts.o)
                                                  C:\Program Files (x86)\GNU Tools Arm Embedded\9 2019-q4-major\arm-none-eabi\lib\thumb\v6-m\nofp\libc_nano.a(lib_a-impure.o)
                                                  C:\Program Files (x86)\GNU Tools Arm Embedded\9 2019-q4-major\arm-none-eabi\lib\thumb\v6-m\nofp\libc_nano.a(lib_a-fflush.o)
__sf_fake_stdout                                  C:\Program Files (x86)\GNU Tools Arm Embedded\9 2019-q4-major\arm-none-eabi\lib\thumb\v6-m\nofp\libc_nano.a(lib_a-findfp.o)
                                                  C:\Program Files (x86)\GNU Tools Arm Embedded\9 2019-q4-major\arm-none-eabi\lib\thumb\v6-m\nofp\libc_nano.a(lib_a-nano-vfprintf.o)
                                                  C:\Program Files (x86)\GNU Tools Arm Embedded\9 2019-q4-major\arm-none-eabi\lib\thumb\v6-m\nofp\libc_nano.a(lib_a-wsetup.o)
                                                  C:\Program Files (x86)\GNU Tools Arm Embedded\9 2019-q4-major\arm-none-eabi\lib\thumb\v6-m\nofp\libc_nano.a(lib_a-wbuf.o)
                                                  C:\Program Files (x86)\GNU Tools Arm Embedded\9 2019-q4-major\arm-none-eabi\lib\thumb\v6-m\nofp\libc_nano.a(lib_a-puts.o)
                                                  C:\Program Files (x86)\GNU Tools Arm Embedded\9 2019-q4-major\arm-none-eabi\lib\thumb\v6-m\nofp\libc_nano.a(lib_a-impure.o)
                                                  C:\Program Files (x86)\GNU Tools Arm Embedded\9 2019-q4-major\arm-none-eabi\lib\thumb\v6-m\nofp\libc_nano.a(lib_a-fflush.o)
__sflush_r                                        C:\Program Files (x86)\GNU Tools Arm Embedded\9 2019-q4-major\arm-none-eabi\lib\thumb\v6-m\nofp\libc_nano.a(lib_a-fflush.o)
__sfmoreglue                                      C:\Program Files (x86)\GNU Tools Arm Embedded\9 2019-q4-major\arm-none-eabi\lib\thumb\v6-m\nofp\libc_nano.a(lib_a-findfp.o)
__sfp                                             C:\Program Files (x86)\GNU Tools Arm Embedded\9 2019-q4-major\arm-none-eabi\lib\thumb\v6-m\nofp\libc_nano.a(lib_a-findfp.o)
__sfp_lock_acquire                                C:\Program Files (x86)\GNU Tools Arm Embedded\9 2019-q4-major\arm-none-eabi\lib\thumb\v6-m\nofp\libc_nano.a(lib_a-findfp.o)
__sfp_lock_release                                C:\Program Files (x86)\GNU Tools Arm Embedded\9 2019-q4-major\arm-none-eabi\lib\thumb\v6-m\nofp\libc_nano.a(lib_a-findfp.o)
__sfputs_r                                        C:\Program Files (x86)\GNU Tools Arm Embedded\9 2019-q4-major\arm-none-eabi\lib\thumb\v6-m\nofp\libc_nano.a(lib_a-nano-vfprintf.o)
__sfvwrite_r                                      C:\Program Files (x86)\GNU Tools Arm Embedded\9 2019-q4-major\arm-none-eabi\lib\thumb\v6-m\nofp\libc_nano.a(lib_a-fvwrite.o)
                                                  C:\Program Files (x86)\GNU Tools Arm Embedded\9 2019-q4-major\arm-none-eabi\lib\thumb\v6-m\nofp\libc_nano.a(lib_a-nano-vfprintf.o)
__sinit                                           C:\Program Files (x86)\GNU Tools Arm Embedded\9 2019-q4-major\arm-none-eabi\lib\thumb\v6-m\nofp\libc_nano.a(lib_a-findfp.o)
                                                  C:\Program Files (x86)\GNU Tools Arm Embedded\9 2019-q4-major\arm-none-eabi\lib\thumb\v6-m\nofp\libc_nano.a(lib_a-nano-vfprintf.o)
                                                  C:\Program Files (x86)\GNU Tools Arm Embedded\9 2019-q4-major\arm-none-eabi\lib\thumb\v6-m\nofp\libc_nano.a(lib_a-wsetup.o)
                                                  C:\Program Files (x86)\GNU Tools Arm Embedded\9 2019-q4-major\arm-none-eabi\lib\thumb\v6-m\nofp\libc_nano.a(lib_a-wbuf.o)
                                                  C:\Program Files (x86)\GNU Tools Arm Embedded\9 2019-q4-major\arm-none-eabi\lib\thumb\v6-m\nofp\libc_nano.a(lib_a-puts.o)
                                                  C:\Program Files (x86)\GNU Tools Arm Embedded\9 2019-q4-major\arm-none-eabi\lib\thumb\v6-m\nofp\libc_nano.a(lib_a-printf.o)
                                                  C:\Program Files (x86)\GNU Tools Arm Embedded\9 2019-q4-major\arm-none-eabi\lib\thumb\v6-m\nofp\libc_nano.a(lib_a-fflush.o)
__sinit_lock_acquire                              C:\Program Files (x86)\GNU Tools Arm Embedded\9 2019-q4-major\arm-none-eabi\lib\thumb\v6-m\nofp\libc_nano.a(lib_a-findfp.o)
__sinit_lock_release                              C:\Program Files (x86)\GNU Tools Arm Embedded\9 2019-q4-major\arm-none-eabi\lib\thumb\v6-m\nofp\libc_nano.a(lib_a-findfp.o)
__smakebuf_r                                      C:\Program Files (x86)\GNU Tools Arm Embedded\9 2019-q4-major\arm-none-eabi\lib\thumb\v6-m\nofp\libc_nano.a(lib_a-makebuf.o)
                                                  C:\Program Files (x86)\GNU Tools Arm Embedded\9 2019-q4-major\arm-none-eabi\lib\thumb\v6-m\nofp\libc_nano.a(lib_a-wsetup.o)
__sprint_r                                        C:\Program Files (x86)\GNU Tools Arm Embedded\9 2019-q4-major\arm-none-eabi\lib\thumb\v6-m\nofp\libc_nano.a(lib_a-nano-vfprintf.o)
__sread                                           C:\Program Files (x86)\GNU Tools Arm Embedded\9 2019-q4-major\arm-none-eabi\lib\thumb\v6-m\nofp\libc_nano.a(lib_a-stdio.o)
                                                  C:\Program Files (x86)\GNU Tools Arm Embedded\9 2019-q4-major\arm-none-eabi\lib\thumb\v6-m\nofp\libc_nano.a(lib_a-findfp.o)
__sseek                                           C:\Program Files (x86)\GNU Tools Arm Embedded\9 2019-q4-major\arm-none-eabi\lib\thumb\v6-m\nofp\libc_nano.a(lib_a-stdio.o)
                                                  C:\Program Files (x86)\GNU Tools Arm Embedded\9 2019-q4-major\arm-none-eabi\lib\thumb\v6-m\nofp\libc_nano.a(lib_a-findfp.o)
__swbuf                                           C:\Program Files (x86)\GNU Tools Arm Embedded\9 2019-q4-major\arm-none-eabi\lib\thumb\v6-m\nofp\libc_nano.a(lib_a-wbuf.o)
__swbuf_r                                         C:\Program Files (x86)\GNU Tools Arm Embedded\9 2019-q4-major\arm-none-eabi\lib\thumb\v6-m\nofp\libc_nano.a(lib_a-wbuf.o)
                                                  C:\Program Files (x86)\GNU Tools Arm Embedded\9 2019-q4-major\arm-none-eabi\lib\thumb\v6-m\nofp\libc_nano.a(lib_a-nano-vfprintf.o)
                                                  C:\Program Files (x86)\GNU Tools Arm Embedded\9 2019-q4-major\arm-none-eabi\lib\thumb\v6-m\nofp\libc_nano.a(lib_a-puts.o)
__swhatbuf_r                                      C:\Program Files (x86)\GNU Tools Arm Embedded\9 2019-q4-major\arm-none-eabi\lib\thumb\v6-m\nofp\libc_nano.a(lib_a-makebuf.o)
__swrite                                          C:\Program Files (x86)\GNU Tools Arm Embedded\9 2019-q4-major\arm-none-eabi\lib\thumb\v6-m\nofp\libc_nano.a(lib_a-stdio.o)
                                                  C:\Program Files (x86)\GNU Tools Arm Embedded\9 2019-q4-major\arm-none-eabi\lib\thumb\v6-m\nofp\libc_nano.a(lib_a-findfp.o)
__swsetup_r                                       C:\Program Files (x86)\GNU Tools Arm Embedded\9 2019-q4-major\arm-none-eabi\lib\thumb\v6-m\nofp\libc_nano.a(lib_a-wsetup.o)
                                                  C:\Program Files (x86)\GNU Tools Arm Embedded\9 2019-q4-major\arm-none-eabi\lib\thumb\v6-m\nofp\libc_nano.a(lib_a-fvwrite.o)
                                                  C:\Program Files (x86)\GNU Tools Arm Embedded\9 2019-q4-major\arm-none-eabi\lib\thumb\v6-m\nofp\libc_nano.a(lib_a-nano-vfprintf.o)
                                                  C:\Program Files (x86)\GNU Tools Arm Embedded\9 2019-q4-major\arm-none-eabi\lib\thumb\v6-m\nofp\libc_nano.a(lib_a-wbuf.o)
                                                  C:\Program Files (x86)\GNU Tools Arm Embedded\9 2019-q4-major\arm-none-eabi\lib\thumb\v6-m\nofp\libc_nano.a(lib_a-puts.o)
__udivsi3                                         C:\Program Files (x86)\GNU Tools Arm Embedded\9 2019-q4-major\lib\gcc\arm-none-eabi\9.2.1\thumb\v6-m\nofp\libgcc.a(_udivsi3.o)
_atoi_r                                           C:\Program Files (x86)\GNU Tools Arm Embedded\9 2019-q4-major\arm-none-eabi\lib\thumb\v6-m\nofp\libc_nano.a(lib_a-atoi.o)
_cleanup                                          C:\Program Files (x86)\GNU Tools Arm Embedded\9 2019-q4-major\arm-none-eabi\lib\thumb\v6-m\nofp\libc_nano.a(lib_a-findfp.o)
_cleanup_r                                        C:\Program Files (x86)\GNU Tools Arm Embedded\9 2019-q4-major\arm-none-eabi\lib\thumb\v6-m\nofp\libc_nano.a(lib_a-findfp.o)
                                                  C:\Program Files (x86)\GNU Tools Arm Embedded\9 2019-q4-major\arm-none-eabi\lib\thumb\v6-m\nofp\libc_nano.a(lib_a-makebuf.o)
_close                                            newlib_stubs.o
                                                  C:\Program Files (x86)\GNU Tools Arm Embedded\9 2019-q4-major\arm-none-eabi\lib\thumb\v6-m\nofp\libc_nano.a(lib_a-closer.o)
_close_r                                          C:\Program Files (x86)\GNU Tools Arm Embedded\9 2019-q4-major\arm-none-eabi\lib\thumb\v6-m\nofp\libc_nano.a(lib_a-closer.o)
                                                  C:\Program Files (x86)\GNU Tools Arm Embedded\9 2019-q4-major\arm-none-eabi\lib\thumb\v6-m\nofp\libc_nano.a(lib_a-stdio.o)
_ctype_                                           C:\Program Files (x86)\GNU Tools Arm Embedded\9 2019-q4-major\arm-none-eabi\lib\thumb\v6-m\nofp\libc_nano.a(lib_a-ctype_.o)
                                                  C:\Program Files (x86)\GNU Tools Arm Embedded\9 2019-q4-major\arm-none-eabi\lib\thumb\v6-m\nofp\libc_nano.a(lib_a-strtol.o)
_data                                             init.o
_ebss                                             init.o
_edata                                            init.o
_etext                                            init.o
_execve                                           newlib_stubs.o
_exit                                             newlib_stubs.o
_fflush_r                                         C:\Program Files (x86)\GNU Tools Arm Embedded\9 2019-q4-major\arm-none-eabi\lib\thumb\v6-m\nofp\libc_nano.a(lib_a-fflush.o)
                                                  C:\Program Files (x86)\GNU Tools Arm Embedded\9 2019-q4-major\arm-none-eabi\lib\thumb\v6-m\nofp\libc_nano.a(lib_a-fvwrite.o)
                                                  C:\Program Files (x86)\GNU Tools Arm Embedded\9 2019-q4-major\arm-none-eabi\lib\thumb\v6-m\nofp\libc_nano.a(lib_a-wbuf.o)
                                                  C:\Program Files (x86)\GNU Tools Arm Embedded\9 2019-q4-major\arm-none-eabi\lib\thumb\v6-m\nofp\libc_nano.a(lib_a-findfp.o)
_fork                                             newlib_stubs.o
_free_r                                           C:\Program Files (x86)\GNU Tools Arm Embedded\9 2019-q4-major\arm-none-eabi\lib\thumb\v6-m\nofp\libc_nano.a(lib_a-nano-freer.o)
                                                  C:\Program Files (x86)\GNU Tools Arm Embedded\9 2019-q4-major\arm-none-eabi\lib\thumb\v6-m\nofp\libc_nano.a(lib_a-nano-reallocr.o)
                                                  C:\Program Files (x86)\GNU Tools Arm Embedded\9 2019-q4-major\arm-none-eabi\lib\thumb\v6-m\nofp\libc_nano.a(lib_a-fvwrite.o)
                                                  C:\Program Files (x86)\GNU Tools Arm Embedded\9 2019-q4-major\arm-none-eabi\lib\thumb\v6-m\nofp\libc_nano.a(lib_a-wsetup.o)
                                                  C:\Program Files (x86)\GNU Tools Arm Embedded\9 2019-q4-major\arm-none-eabi\lib\thumb\v6-m\nofp\libc_nano.a(lib_a-fflush.o)
_fstat                                            newlib_stubs.o
                                                  C:\Program Files (x86)\GNU Tools Arm Embedded\9 2019-q4-major\arm-none-eabi\lib\thumb\v6-m\nofp\libc_nano.a(lib_a-fstatr.o)
_fstat_r                                          C:\Program Files (x86)\GNU Tools Arm Embedded\9 2019-q4-major\arm-none-eabi\lib\thumb\v6-m\nofp\libc_nano.a(lib_a-fstatr.o)
                                                  C:\Program Files (x86)\GNU Tools Arm Embedded\9 2019-q4-major\arm-none-eabi\lib\thumb\v6-m\nofp\libc_nano.a(lib_a-makebuf.o)
_fwalk                                            C:\Program Files (x86)\GNU Tools Arm Embedded\9 2019-q4-major\arm-none-eabi\lib\thumb\v6-m\nofp\libc_nano.a(lib_a-fwalk.o)
                                                  C:\Program Files (x86)\GNU Tools Arm Embedded\9 2019-q4-major\arm-none-eabi\lib\thumb\v6-m\nofp\libc_nano.a(lib_a-findfp.o)
_fwalk_reent                                      C:\Program Files (x86)\GNU Tools Arm Embedded\9 2019-q4-major\arm-none-eabi\lib\thumb\v6-m\nofp\libc_nano.a(lib_a-fwalk.o)
                                                  C:\Program Files (x86)\GNU Tools Arm Embedded\9 2019-q4-major\arm-none-eabi\lib\thumb\v6-m\nofp\libc_nano.a(lib_a-findfp.o)
                                                  C:\Program Files (x86)\GNU Tools Arm Embedded\9 2019-q4-major\arm-none-eabi\lib\thumb\v6-m\nofp\libc_nano.a(lib_a-fflush.o)
_getpid                                           newlib_stubs.o
_global_impure_ptr                                C:\Program Files (x86)\GNU Tools Arm Embedded\9 2019-q4-major\arm-none-eabi\lib\thumb\v6-m\nofp\libc_nano.a(lib_a-impure.o)
                                                  C:\Program Files (x86)\GNU Tools Arm Embedded\9 2019-q4-major\arm-none-eabi\lib\thumb\v6-m\nofp\libc_nano.a(lib_a-findfp.o)
                                                  C:\Program Files (x86)\GNU Tools Arm Embedded\9 2019-q4-major\arm-none-eabi\lib\thumb\v6-m\nofp\libc_nano.a(lib_a-fflush.o)
_impure_ptr                                       C:\Program Files (x86)\GNU Tools Arm Embedded\9 2019-q4-major\arm-none-eabi\lib\thumb\v6-m\nofp\libc_nano.a(lib_a-impure.o)
                                                  C:\Program Files (x86)\GNU Tools Arm Embedded\9 2019-q4-major\arm-none-eabi\lib\thumb\v6-m\nofp\libc_nano.a(lib_a-nano-vfprintf.o)
                                                  C:\Program Files (x86)\GNU Tools Arm Embedded\9 2019-q4-major\arm-none-eabi\lib\thumb\v6-m\nofp\libc_nano.a(lib_a-wsetup.o)
                                                  C:\Program Files (x86)\GNU Tools Arm Embedded\9 2019-q4-major\arm-none-eabi\lib\thumb\v6-m\nofp\libc_nano.a(lib_a-wbuf.o)
                                                  C:\Program Files (x86)\GNU Tools Arm Embedded\9 2019-q4-major\arm-none-eabi\lib\thumb\v6-m\nofp\libc_nano.a(lib_a-strtol.o)
                                                  C:\Program Files (x86)\GNU Tools Arm Embedded\9 2019-q4-major\arm-none-eabi\lib\thumb\v6-m\nofp\libc_nano.a(lib_a-puts.o)
                                                  C:\Program Files (x86)\GNU Tools Arm Embedded\9 2019-q4-major\arm-none-eabi\lib\thumb\v6-m\nofp\libc_nano.a(lib_a-printf.o)
                                                  C:\Program Files (x86)\GNU Tools Arm Embedded\9 2019-q4-major\arm-none-eabi\lib\thumb\v6-m\nofp\libc_nano.a(lib_a-findfp.o)
                                                  C:\Program Files (x86)\GNU Tools Arm Embedded\9 2019-q4-major\arm-none-eabi\lib\thumb\v6-m\nofp\libc_nano.a(lib_a-fflush.o)
                                                  main.o
_iprintf_r                                        C:\Program Files (x86)\GNU Tools Arm Embedded\9 2019-q4-major\arm-none-eabi\lib\thumb\v6-m\nofp\libc_nano.a(lib_a-printf.o)
_isatty                                           newlib_stubs.o
                                                  C:\Program Files (x86)\GNU Tools Arm Embedded\9 2019-q4-major\arm-none-eabi\lib\thumb\v6-m\nofp\libc_nano.a(lib_a-isattyr.o)
_isatty_r                                         C:\Program Files (x86)\GNU Tools Arm Embedded\9 2019-q4-major\arm-none-eabi\lib\thumb\v6-m\nofp\libc_nano.a(lib_a-isattyr.o)
                                                  C:\Program Files (x86)\GNU Tools Arm Embedded\9 2019-q4-major\arm-none-eabi\lib\thumb\v6-m\nofp\libc_nano.a(lib_a-makebuf.o)
_kill                                             newlib_stubs.o
_link                                             newlib_stubs.o
_lseek                                            newlib_stubs.o
                                                  C:\Program Files (x86)\GNU Tools Arm Embedded\9 2019-q4-major\arm-none-eabi\lib\thumb\v6-m\nofp\libc_nano.a(lib_a-lseekr.o)
_lseek_r                                          C:\Program Files (x86)\GNU Tools Arm Embedded\9 2019-q4-major\arm-none-eabi\lib\thumb\v6-m\nofp\libc_nano.a(lib_a-lseekr.o)
                                                  C:\Program Files (x86)\GNU Tools Arm Embedded\9 2019-q4-major\arm-none-eabi\lib\thumb\v6-m\nofp\libc_nano.a(lib_a-stdio.o)
_malloc_r                                         C:\Program Files (x86)\GNU Tools Arm Embedded\9 2019-q4-major\arm-none-eabi\lib\thumb\v6-m\nofp\libc_nano.a(lib_a-nano-mallocr.o)
                                                  C:\Program Files (x86)\GNU Tools Arm Embedded\9 2019-q4-major\arm-none-eabi\lib\thumb\v6-m\nofp\libc_nano.a(lib_a-nano-reallocr.o)
                                                  C:\Program Files (x86)\GNU Tools Arm Embedded\9 2019-q4-major\arm-none-eabi\lib\thumb\v6-m\nofp\libc_nano.a(lib_a-fvwrite.o)
                                                  C:\Program Files (x86)\GNU Tools Arm Embedded\9 2019-q4-major\arm-none-eabi\lib\thumb\v6-m\nofp\libc_nano.a(lib_a-makebuf.o)
                                                  C:\Program Files (x86)\GNU Tools Arm Embedded\9 2019-q4-major\arm-none-eabi\lib\thumb\v6-m\nofp\libc_nano.a(lib_a-findfp.o)
_malloc_usable_size_r                             C:\Program Files (x86)\GNU Tools Arm Embedded\9 2019-q4-major\arm-none-eabi\lib\thumb\v6-m\nofp\libc_nano.a(lib_a-nano-msizer.o)
                                                  C:\Program Files (x86)\GNU Tools Arm Embedded\9 2019-q4-major\arm-none-eabi\lib\thumb\v6-m\nofp\libc_nano.a(lib_a-nano-reallocr.o)
_printf_common                                    C:\Program Files (x86)\GNU Tools Arm Embedded\9 2019-q4-major\arm-none-eabi\lib\thumb\v6-m\nofp\libc_nano.a(lib_a-nano-vfprintf_i.o)
_printf_float                                     C:\Program Files (x86)\GNU Tools Arm Embedded\9 2019-q4-major\arm-none-eabi\lib\thumb\v6-m\nofp\libc_nano.a(lib_a-nano-vfprintf.o)