Archive member included to satisfy reference by file (symbol)

C:\Program Files (x86)\GNU Tools Arm Embedded\9 2019-q4-major\arm-none-eabi\lib\thumb\v6-m\nofp\libnosys.a(errno.o)
                              newlib_stubs.o (errno)
C:\Program Files (x86)\GNU Tools Arm Embedded\9 2019-q4-major\lib\gcc\arm-none-eabi\9.2.1\thumb\v6-m\nofp\libgcc.a(_divsi3.o)
                              main.o (__aeabi_idiv)
C:\Program Files (x86)\GNU Tools Arm Embedded\9 2019-q4-major\lib\gcc\arm-none-eabi\9.2.1\thumb\v6-m\nofp\libgcc.a(_dvmd_tls.o)
                              C:\Program Files (x86)\GNU Tools Arm Embedded\9 2019-q4-major\lib\gcc\arm-none-eabi\9.2.1\thumb\v6-m\nofp\libgcc.a(_divsi3.o) (__aeabi_idiv0)
C:\Program Files (x86)\GNU Tools Arm Embedded\9 2019-q4-major\arm-none-eabi\lib\thumb\v6-m\nofp\libc_nano.a(lib_a-atoi.o)
                              main.o (atoi)
C:\Program Files (x86)\GNU Tools Arm Embedded\9 2019-q4-major\arm-none-eabi\lib\thumb\v6-m\nofp\libc_nano.a(lib_a-fflush.o)
                              main.o (fflush)
C:\Program Files (x86)\GNU Tools Arm Embedded\9 2019-q4-major\arm-none-eabi\lib\thumb\v6-m\nofp\libc_nano.a(lib_a-findfp.o)
                              C:\Program Files (x86)\GNU Tools Arm Embedded\9 2019-q4-major\arm-none-eabi\lib\thumb\v6-m\nofp\libc_nano.a(lib_a-fflush.o) (__sinit)
C:\Program Files (x86)\GNU Tools Arm Embedded\9 2019-q4-major\arm-none-eabi\lib\thumb\v6-m\nofp\libc_nano.a(lib_a-fwalk.o)
                              C:\Program Files (x86)\GNU Tools Arm Embedded\9 2019-q4-major\arm-none-eabi\lib\thumb\v6-m\nofp\libc_nano.a(lib_a-findfp.o) (_fwalk)
C:\Program Files (x86)\GNU Tools Arm Embedded\9 2019-q4-major\arm-none-eabi\lib\thumb\v6-m\nofp\libc_nano.a(lib_a-impure.o)
                              C:\Program Files (x86)\GNU Tools Arm Embedded\9 2019-q4-major\arm-none-eabi\lib\thumb\v6-m\nofp\libc_nano.a(lib_a-fflush.o) (_global_impure_ptr)
C:\Program Files (x86)\GNU Tools Arm Embedded\9 2019-q4-major\arm-none-eabi\lib\thumb\v6-m\nofp\libc_nano.a(lib_a-lock.o)
                              C:\Program Files (x86)\GNU Tools Arm Embedded\9 2019-q4-major\arm-none-eabi\lib\thumb\v6-m\nofp\libc_nano.a(lib_a-findfp.o) (__retarget_lock_init_recursive)
C:\Program Files (x86)\GNU Tools Arm Embedded\9 2019-q4-major\arm-none-eabi\lib\thumb\v6-m\nofp\libc_nano.a(lib_a-memset.o)
                              C:\Program Files (x86)\GNU Tools Arm Embedded\9 2019-q4-major\arm-none-eabi\lib\thumb\v6-m\nofp\libc_nano.a(lib_a-findfp.o) (memset)
C:\Program Files (x86)\GNU Tools Arm Embedded\9 2019-q4-major\arm-none-eabi\lib\thumb\v6-m\nofp\libc_nano.a(lib_a-nano-freer.o)
                              C:\Program Files (x86)\GNU Tools Arm Embedded\9 2019-q4-major\arm-none-eabi\lib\thumb\v6-m\nofp\libc_nano.a(lib_a-fflush.o) (_free_r)
C:\Program Files (x86)\GNU Tools Arm Embedded\9 2019-q4-major\arm-none-eabi\lib\thumb\v6-m\nofp\libc_nano.a(lib_a-nano-mallocr.o)
                              C:\Program Files (x86)\GNU Tools Arm Embedded\9 2019-q4-major\arm-none-eabi\lib\thumb\v6-m\nofp\libc_nano.a(lib_a-findfp.o) (_malloc_r)
C:\Program Files (x86)\GNU Tools Arm Embedded\9 2019-q4-major\arm-none-eabi\lib\thumb\v6-m\nofp\libc_nano.a(lib_a-printf.o)
                              main.o (printf)
C:\Program Files (x86)\GNU Tools Arm Embedded\9 2019-q4-major\arm-none-eabi\lib\thumb\v6-m\nofp\libc_nano.a(lib_a-puts.o)
                              main.o (puts)
C:\Program Files (x86)\GNU Tools Arm Embedded\9 2019-q4-major\arm-none-eabi\lib\thumb\v6-m\nofp\libc_nano.a(lib_a-sbrkr.o)
                              C:\Program Files (x86)\GNU Tools Arm Embedded\9 2019-q4-major\arm-none-eabi\lib\thumb\v6-m\nofp\libc_nano.a(lib_a-nano-mallocr.o) (_sbrk_r)
C:\Program Files (x86)\GNU Tools Arm Embedded\9 2019-q4-major\arm-none-eabi\lib\thumb\v6-m\nofp\libc_nano.a(lib_a-stdio.o)
                              C:\Program Files (x86)\GNU Tools Arm Embedded\9 2019-q4-major\arm-none-eabi\lib\thumb\v6-m\nofp\libc_nano.a(lib_a-findfp.o) (__sread)
C:\Program Files (x86)\GNU Tools Arm Embedded\9 2019-q4-major\arm-none-eabi\lib\thumb\v6-m\nofp\libc_nano.a(lib_a-strtol.o)
                              C:\Program Files (x86)\GNU Tools Arm Embedded\9 2019-q4-major\arm-none-eabi\lib\thumb\v6-m\nofp\libc_nano.a(lib_a-atoi.o) (_strtol_r)
C:\Program Files (x86)\GNU Tools Arm Embedded\9 2019-q4-major\arm-none-eabi\lib\thumb\v6-m\nofp\libc_nano.a(lib_a-wbuf.o)
                              C:\Program Files (x86)\GNU Tools Arm Embedded\9 2019-q4-major\arm-none-eabi\lib\thumb\v6-m\nofp\libc_nano.a(lib_a-puts.o) (__swbuf_r)
C:\Program Files (x86)\GNU Tools Arm Embedded\9 2019-q4-major\arm-none-eabi\lib\thumb\v6-m\nofp\libc_nano.a(lib_a-writer.o)
                              C:\Program Files (x86)\GNU Tools Arm Embedded\9 2019-q4-major\arm-none-eabi\lib\thumb\v6-m\nofp\libc_nano.a(lib_a-stdio.o) (_write_r)
[...]
Memory Configuration

Name             Origin             Length             Attributes
flash            0x08000000         0x00010000
ram              0x20000000         0x00002000
*default*        0x00000000         0xffffffff

Linker script and memory map

LOAD main.o
LOAD init.o
LOAD serial.o
LOAD newlib_stubs.o
LOAD C:\Program Files (x86)\GNU Tools Arm Embedded\9 2019-q4-major\arm-none-eabi\lib\thumb\v6-m\nofp\libnosys.a
LOAD C:\Program Files (x86)\GNU Tools Arm Embedded\9 2019-q4-major\lib\gcc\arm-none-eabi\9.2.1\thumb\v6-m\nofp\libgcc.a
START GROUP
LOAD C:\Program Files (x86)\GNU Tools Arm Embedded\9 2019-q4-major\lib\gcc\arm-none-eabi\9.2.1\thumb\v6-m\nofp\libgcc.a
LOAD C:\Program Files (x86)\GNU Tools Arm Embedded\9 2019-q4-major\arm-none-eabi\lib\thumb\v6-m\nofp\libc_nano.a
LOAD C:\Program Files (x86)\GNU Tools Arm Embedded\9 2019-q4-major\arm-none-eabi\lib\thumb\v6-m\nofp\libm.a
END GROUP

.text           0x08000000     0x2b54
 *(.vectors)
 .vectors       0x08000000       0xc0 init.o
                0x08000000                Vectors
 *(.after_vectors*)
 .after_vectors
                0x080000c0       0x28 init.o
                0x080000c0                ResetInit
 *(.text*)
 .text          0x080000e8      0x5c4 main.o
                0x080000e8                delay
                0x08000106                wait_1us
                0x08000144                waitus
                0x08000166                waitustimer
                0x080001c8                wait_1ms
                0x08000208                waitms
                0x0800022a                buzzer1
                0x08000278                buzzer2
                0x080002c4                buzzer3
                0x08000310                buzzer4
                0x08000364                buzzer5
                0x080003b8                buzzermania
                0x08000474                main
 .text          0x080006ac      0x14c init.o
                0x08000724                initClock
                0x080007d0                Default_Handler
                0x080007e4                Hard_Fault_Handler
 .text          0x080007f8      0x4f8 serial.o
                0x080007f8                ReadCom
                0x0800086c                WriteCom
                0x08000910                initUART
                0x08000a58                isr_usart1
                0x08000a84                usart_rx
                0x08000ab4                usart_tx
                0x08000b2c                PutBuf
                0x08000b8a                GetBuf
                0x08000bdc                GetBufCount
                0x08000bf0                eputs
                0x08000c2c                eputc
                0x08000c4a                egetc
                0x08000c64                egets
 .text          0x08000cf0      0x2a8 newlib_stubs.o
                0x08000cf0                _exit
                0x08000cfa                _close
                0x08000d0e                _execve
                0x08000d30                _fork
                0x08000d48                _fstat
                0x08000d64                _getpid
                0x08000d70                _kill
                0x08000d90                _link
                0x08000db0                _lseek
                0x08000dc6                _stat
                0x08000de2                _times
                0x08000df6                _unlink
                0x08000e14                _wait
                0x08000e34                _isatty
                0x08000e5c                _sbrk
                0x08000ecc                _read
                0x08000f44                _write
 .text          0x08000f98        0x0 C:\Program Files (x86)\GNU Tools Arm Embedded\9 2019-q4-major\arm-none-eabi\lib\thumb\v6-m\nofp\libnosys.a(errno.o)
 .text          0x08000f98      0x1d4 C:\Program Files (x86)\GNU Tools Arm Embedded\9 2019-q4-major\lib\gcc\arm-none-eabi\9.2.1\thumb\v6-m\nofp\libgcc.a(_divsi3.o)
                0x08000f98                __divsi3
                0x08000f98                __aeabi_idiv
                0x08001164                __aeabi_idivmod
 .text          0x0800116c        0x4 C:\Program Files (x86)\GNU Tools Arm Embedded\9 2019-q4-major\lib\gcc\arm-none-eabi\9.2.1\thumb\v6-m\nofp\libgcc.a(_dvmd_tls.o)
                0x0800116c                __aeabi_idiv0
                0x0800116c                __aeabi_ldiv0
 .text          0x08001170        0x0 C:\Program Files (x86)\GNU Tools Arm Embedded\9 2019-q4-major\arm-none-eabi\lib\thumb\v6-m\nofp\libc_nano.a(lib_a-atoi.o)
 .text.atoi     0x08001170        0xc C:\Program Files (x86)\GNU Tools Arm Embedded\9 2019-q4-major\arm-none-eabi\lib\thumb\v6-m\nofp\libc_nano.a(lib_a-atoi.o)
                0x08001170                atoi
 .text._atoi_r  0x0800117c        0xc C:\Program Files (x86)\GNU Tools Arm Embedded\9 2019-q4-major\arm-none-eabi\lib\thumb\v6-m\nofp\libc_nano.a(lib_a-atoi.o)
                0x0800117c                _atoi_r
 .text          0x08001188        0x0 C:\Program Files (x86)\GNU Tools Arm Embedded\9 2019-q4-major\arm-none-eabi\lib\thumb\v6-m\nofp\libc_nano.a(lib_a-fflush.o)
 .text.__sflush_r
                0x08001188      0x118 C:\Program Files (x86)\GNU Tools Arm Embedded\9 2019-q4-major\arm-none-eabi\lib\thumb\v6-m\nofp\libc_nano.a(lib_a-fflush.o)
                0x08001188                __sflush_r
 .text._fflush_r
                0x080012a0       0x80 C:\Program Files (x86)\GNU Tools Arm Embedded\9 2019-q4-major\arm-none-eabi\lib\thumb\v6-m\nofp\libc_nano.a(lib_a-fflush.o)
                0x080012a0                _fflush_r
 .text.fflush   0x08001320       0x2c C:\Program Files (x86)\GNU Tools Arm Embedded\9 2019-q4-major\arm-none-eabi\lib\thumb\v6-m\nofp\libc_nano.a(lib_a-fflush.o)
                0x08001320                fflush
 .text          0x0800134c        0x0 C:\Program Files (x86)\GNU Tools Arm Embedded\9 2019-q4-major\arm-none-eabi\lib\thumb\v6-m\nofp\libc_nano.a(lib_a-findfp.o)
 .text.std      0x0800134c       0x48 C:\Program Files (x86)\GNU Tools Arm Embedded\9 2019-q4-major\arm-none-eabi\lib\thumb\v6-m\nofp\libc_nano.a(lib_a-findfp.o)
 .text._cleanup_r
                0x08001394       0x10 C:\Program Files (x86)\GNU Tools Arm Embedded\9 2019-q4-major\arm-none-eabi\lib\thumb\v6-m\nofp\libc_nano.a(lib_a-findfp.o)
                0x08001394                _cleanup_r
 .text.__fp_lock
                0x080013a4       0x18 C:\Program Files (x86)\GNU Tools Arm Embedded\9 2019-q4-major\arm-none-eabi\lib\thumb\v6-m\nofp\libc_nano.a(lib_a-findfp.o)
 .text.__fp_unlock
                0x080013bc       0x18 C:\Program Files (x86)\GNU Tools Arm Embedded\9 2019-q4-major\arm-none-eabi\lib\thumb\v6-m\nofp\libc_nano.a(lib_a-findfp.o)
 .text.__sfmoreglue
                0x080013d4       0x2c C:\Program Files (x86)\GNU Tools Arm Embedded\9 2019-q4-major\arm-none-eabi\lib\thumb\v6-m\nofp\libc_nano.a(lib_a-findfp.o)
                0x080013d4                __sfmoreglue
 .text._cleanup
                0x08001400       0x10 C:\Program Files (x86)\GNU Tools Arm Embedded\9 2019-q4-major\arm-none-eabi\lib\thumb\v6-m\nofp\libc_nano.a(lib_a-findfp.o)
                0x08001400                _cleanup
 .text.__sfp_lock_acquire
                0x08001410       0x10 C:\Program Files (x86)\GNU Tools Arm Embedded\9 2019-q4-major\arm-none-eabi\lib\thumb\v6-m\nofp\libc_nano.a(lib_a-findfp.o)
                0x08001410                __sfp_lock_acquire
 .text.__sfp_lock_release
                0x08001420       0x10 C:\Program Files (x86)\GNU Tools Arm Embedded\9 2019-q4-major\arm-none-eabi\lib\thumb\v6-m\nofp\libc_nano.a(lib_a-findfp.o)
                0x08001420                __sfp_lock_release
 .text.__sinit_lock_acquire
                0x08001430       0x10 C:\Program Files (x86)\GNU Tools Arm Embedded\9 2019-q4-major\arm-none-eabi\lib\thumb\v6-m\nofp\libc_nano.a(lib_a-findfp.o)
                0x08001430                __sinit_lock_acquire
 .text.__sinit_lock_release
                0x08001440       0x10 C:\Program Files (x86)\GNU Tools Arm Embedded\9 2019-q4-major\arm-none-eabi\lib\thumb\v6-m\nofp\libc_nano.a(lib_a-findfp.o)
                0x08001440                __sinit_lock_release
 .text.__sinit  0x08001450       0x70 C:\Program Files (x86)\GNU Tools Arm Embedded\9 2019-q4-major\arm-none-eabi\lib\thumb\v6-m\nofp\libc_nano.a(lib_a-findfp.o)
                0x08001450                __sinit
 .text.__sfp    0x080014c0       0x90 C:\Program Files (x86)\GNU Tools Arm Embedded\9 2019-q4-major\arm-none-eabi\lib\thumb\v6-m\nofp\libc_nano.a(lib_a-findfp.o)
                0x080014c0                __sfp
 .text.__fp_lock_all
                0x08001550       0x1c C:\Program Files (x86)\GNU Tools Arm Embedded\9 2019-q4-major\arm-none-eabi\lib\thumb\v6-m\nofp\libc_nano.a(lib_a-findfp.o)
                0x08001550                __fp_lock_all
 .text.__fp_unlock_all
                0x0800156c       0x1c C:\Program Files (x86)\GNU Tools Arm Embedded\9 2019-q4-major\arm-none-eabi\lib\thumb\v6-m\nofp\libc_nano.a(lib_a-findfp.o)
                0x0800156c                __fp_unlock_all
 .text          0x08001588        0x0 C:\Program Files (x86)\GNU Tools Arm Embedded\9 2019-q4-major\arm-none-eabi\lib\thumb\v6-m\nofp\libc_nano.a(lib_a-fwalk.o)
 .text._fwalk   0x08001588       0x36 C:\Program Files (x86)\GNU Tools Arm Embedded\9 2019-q4-major\arm-none-eabi\lib\thumb\v6-m\nofp\libc_nano.a(lib_a-fwalk.o)
                0x08001588                _fwalk
 .text._fwalk_reent
                0x080015be       0x40 C:\Program Files (x86)\GNU Tools Arm Embedded\9 2019-q4-major\arm-none-eabi\lib\thumb\v6-m\nofp\libc_nano.a(lib_a-fwalk.o)
                0x080015be                _fwalk_reent
 .text          0x080015fe        0x0 C:\Program Files (x86)\GNU Tools Arm Embedded\9 2019-q4-major\arm-none-eabi\lib\thumb\v6-m\nofp\libc_nano.a(lib_a-impure.o)
 .text          0x080015fe        0x0 C:\Program Files (x86)\GNU Tools Arm Embedded\9 2019-q4-major\arm-none-eabi\lib\thumb\v6-m\nofp\libc_nano.a(lib_a-lock.o)
 .text.__retarget_lock_init
                0x080015fe        0x2 C:\Program Files (x86)\GNU Tools Arm Embedded\9 2019-q4-major\arm-none-eabi\lib\thumb\v6-m\nofp\libc_nano.a(lib_a-lock.o)
                0x080015fe                __retarget_lock_init
 .text.__retarget_lock_init_recursive
                0x08001600        0x2 C:\Program Files (x86)\GNU Tools Arm Embedded\9 2019-q4-major\arm-none-eabi\lib\thumb\v6-m\nofp\libc_nano.a(lib_a-lock.o)
                0x08001600                __retarget_lock_init_recursive
 .text.__retarget_lock_close
                0x08001602        0x2 C:\Program Files (x86)\GNU Tools Arm Embedded\9 2019-q4-major\arm-none-eabi\lib\thumb\v6-m\nofp\libc_nano.a(lib_a-lock.o)
                0x08001602                __retarget_lock_close
 .text.__retarget_lock_close_recursive
                0x08001604        0x2 C:\Program Files (x86)\GNU Tools Arm Embedded\9 2019-q4-major\arm-none-eabi\lib\thumb\v6-m\nofp\libc_nano.a(lib_a-lock.o)
                0x08001604                __retarget_lock_close_recursive
 .text.__retarget_lock_acquire
                0x08001606        0x2 C:\Program Files (x86)\GNU Tools Arm Embedded\9 2019-q4-major\arm-none-eabi\lib\thumb\v6-m\nofp\libc_nano.a(lib_a-lock.o)
                0x08001606                __retarget_lock_acquire
 .text.__retarget_lock_acquire_recursive
                0x08001608        0x2 C:\Program Files (x86)\GNU Tools Arm Embedded\9 2019-q4-major\arm-none-eabi\lib\thumb\v6-m\nofp\libc_nano.a(lib_a-lock.o)
                0x08001608                __retarget_lock_acquire_recursive
 .text.__retarget_lock_try_acquire
                0x0800160a        0x4 C:\Program Files (x86)\GNU Tools Arm Embedded\9 2019-q4-major\arm-none-eabi\lib\thumb\v6-m\nofp\libc_nano.a(lib_a-lock.o)
                0x0800160a                __retarget_lock_try_acquire
 .text.__retarget_lock_try_acquire_recursive
                0x0800160e        0x4 C:\Program Files (x86)\GNU Tools Arm Embedded\9 2019-q4-major\arm-none-eabi\lib\thumb\v6-m\nofp\libc_nano.a(lib_a-lock.o)
                0x0800160e                __retarget_lock_try_acquire_recursive
 .text.__retarget_lock_release
                0x08001612        0x2 C:\Program Files (x86)\GNU Tools Arm Embedded\9 2019-q4-major\arm-none-eabi\lib\thumb\v6-m\nofp\libc_nano.a(lib_a-lock.o)
                0x08001612                __retarget_lock_release
 .text.__retarget_lock_release_recursive
                0x08001614        0x2 C:\Program Files (x86)\GNU Tools Arm Embedded\9 2019-q4-major\arm-none-eabi\lib\thumb\v6-m\nofp\libc_nano.a(lib_a-lock.o)
                0x08001614                __retarget_lock_release_recursive
 .text          0x08001616        0x0 C:\Program Files (x86)\GNU Tools Arm Embedded\9 2019-q4-major\arm-none-eabi\lib\thumb\v6-m\nofp\libc_nano.a(lib_a-memset.o)
 .text.memset   0x08001616       0x10 C:\Program Files (x86)\GNU Tools Arm Embedded\9 2019-q4-major\arm-none-eabi\lib\thumb\v6-m\nofp\libc_nano.a(lib_a-memset.o)
                0x08001616                memset
 .text          0x08001626        0x0 C:\Program Files (x86)\GNU Tools Arm Embedded\9 2019-q4-major\arm-none-eabi\lib\thumb\v6-m\nofp\libc_nano.a(lib_a-nano-freer.o)
 *fill*         0x08001626        0x2 
 .text._free_r  0x08001628       0x94 C:\Program Files (x86)\GNU Tools Arm Embedded\9 2019-q4-major\arm-none-eabi\lib\thumb\v6-m\nofp\libc_nano.a(lib_a-nano-freer.o)
                0x08001628                _free_r
 .text          0x080016bc        0x0 C:\Program Files (x86)\GNU Tools Arm Embedded\9 2019-q4-major\arm-none-eabi\lib\thumb\v6-m\nofp\libc_nano.a(lib_a-nano-mallocr.o)
 .text._malloc_r
                0x080016bc       0xbc C:\Program Files (x86)\GNU Tools Arm Embedded\9 2019-q4-major\arm-none-eabi\lib\thumb\v6-m\nofp\libc_nano.a(lib_a-nano-mallocr.o)
                0x080016bc                _malloc_r
 .text          0x08001778        0x0 C:\Program Files (x86)\GNU Tools Arm Embedded\9 2019-q4-major\arm-none-eabi\lib\thumb\v6-m\nofp\libc_nano.a(lib_a-printf.o)
 .text._printf_r
                0x08001778       0x28 C:\Program Files (x86)\GNU Tools Arm Embedded\9 2019-q4-major\arm-none-eabi\lib\thumb\v6-m\nofp\libc_nano.a(lib_a-printf.o)
                0x08001778                _iprintf_r
                0x08001778                _printf_r
 .text.printf   0x080017a0       0x34 C:\Program Files (x86)\GNU Tools Arm Embedded\9 2019-q4-major\arm-none-eabi\lib\thumb\v6-m\nofp\libc_nano.a(lib_a-printf.o)
                0x080017a0                iprintf
                0x080017a0                printf
 .text          0x080017d4        0x0 C:\Program Files (x86)\GNU Tools Arm Embedded\9 2019-q4-major\arm-none-eabi\lib\thumb\v6-m\nofp\libc_nano.a(lib_a-puts.o)
 .text._puts_r  0x080017d4       0xe4 C:\Program Files (x86)\GNU Tools Arm Embedded\9 2019-q4-major\arm-none-eabi\lib\thumb\v6-m\nofp\libc_nano.a(lib_a-puts.o)
                0x080017d4                _puts_r
 .text.puts     0x080018b8       0x14 C:\Program Files (x86)\GNU Tools Arm Embedded\9 2019-q4-major\arm-none-eabi\lib\thumb\v6-m\nofp\libc_nano.a(lib_a-puts.o)
                0x080018b8                puts
 .text          0x080018cc        0x0 C:\Program Files (x86)\GNU Tools Arm Embedded\9 2019-q4-major\arm-none-eabi\lib\thumb\v6-m\nofp\libc_nano.a(lib_a-sbrkr.o)
 .text._sbrk_r  0x080018cc       0x24 C:\Program Files (x86)\GNU Tools Arm Embedded\9 2019-q4-major\arm-none-eabi\lib\thumb\v6-m\nofp\libc_nano.a(lib_a-sbrkr.o)
                0x080018cc                _sbrk_r
 .text          0x080018f0        0x0 C:\Program Files (x86)\GNU Tools Arm Embedded\9 2019-q4-major\arm-none-eabi\lib\thumb\v6-m\nofp\libc_nano.a(lib_a-stdio.o)
 .text.__sread  0x080018f0       0x28 C:\Program Files (x86)\GNU Tools Arm Embedded\9 2019-q4-major\arm-none-eabi\lib\thumb\v6-m\nofp\libc_nano.a(lib_a-stdio.o)
                0x080018f0                __sread
 .text.__seofread
                0x08001918        0x4 C:\Program Files (x86)\GNU Tools Arm Embedded\9 2019-q4-major\arm-none-eabi\lib\thumb\v6-m\nofp\libc_nano.a(lib_a-stdio.o)
                0x08001918                __seofread
 .text.__swrite
                0x0800191c       0x38 C:\Program Files (x86)\GNU Tools Arm Embedded\9 2019-q4-major\arm-none-eabi\lib\thumb\v6-m\nofp\libc_nano.a(lib_a-stdio.o)
                0x0800191c                __swrite
 .text.__sseek  0x08001954       0x2c C:\Program Files (x86)\GNU Tools Arm Embedded\9 2019-q4-major\arm-none-eabi\lib\thumb\v6-m\nofp\libc_nano.a(lib_a-stdio.o)
                0x08001954                __sseek
 .text.__sclose
                0x08001980        0xc C:\Program Files (x86)\GNU Tools Arm Embedded\9 2019-q4-major\arm-none-eabi\lib\thumb\v6-m\nofp\libc_nano.a(lib_a-stdio.o)
                0x08001980                __sclose
 .text          0x0800198c        0x0 C:\Program Files (x86)\GNU Tools Arm Embedded\9 2019-q4-major\arm-none-eabi\lib\thumb\v6-m\nofp\libc_nano.a(lib_a-strtol.o)
 .text._strtol_l.isra.0
                0x0800198c      0x104 C:\Program Files (x86)\GNU Tools Arm Embedded\9 2019-q4-major\arm-none-eabi\lib\thumb\v6-m\nofp\libc_nano.a(lib_a-strtol.o)
 .text._strtol_r
                0x08001a90        0x8 C:\Program Files (x86)\GNU Tools Arm Embedded\9 2019-q4-major\arm-none-eabi\lib\thumb\v6-m\nofp\libc_nano.a(lib_a-strtol.o)
                0x08001a90                _strtol_r
 .text.strtol_l
                0x08001a98       0x18 C:\Program Files (x86)\GNU Tools Arm Embedded\9 2019-q4-major\arm-none-eabi\lib\thumb\v6-m\nofp\libc_nano.a(lib_a-strtol.o)
                0x08001a98                strtol_l
 .text.strtol   0x08001ab0       0x18 C:\Program Files (x86)\GNU Tools Arm Embedded\9 2019-q4-major\arm-none-eabi\lib\thumb\v6-m\nofp\libc_nano.a(lib_a-strtol.o)
                0x08001ab0                strtol
 .text          0x08001ac8        0x0 C:\Program Files (x86)\GNU Tools Arm Embedded\9 2019-q4-major\arm-none-eabi\lib\thumb\v6-m\nofp\libc_nano.a(lib_a-wbuf.o)
 .text.__swbuf_r
                0x08001ac8       0xac C:\Program Files (x86)\GNU Tools Arm Embedded\9 2019-q4-major\arm-none-eabi\lib\thumb\v6-m\nofp\libc_nano.a(lib_a-wbuf.o)
                0x08001ac8                __swbuf_r
 .text.__swbuf  0x08001b74       0x14 C:\Program Files (x86)\GNU Tools Arm Embedded\9 2019-q4-major\arm-none-eabi\lib\thumb\v6-m\nofp\libc_nano.a(lib_a-wbuf.o)
                0x08001b74                __swbuf
 .text          0x08001b88        0x0 C:\Program Files (x86)\GNU Tools Arm Embedded\9 2019-q4-major\arm-none-eabi\lib\thumb\v6-m\nofp\libc_nano.a(lib_a-writer.o)
 .text._write_r
                0x08001b88       0x28 C:\Program Files (x86)\GNU Tools Arm Embedded\9 2019-q4-major\arm-none-eabi\lib\thumb\v6-m\nofp\libc_nano.a(lib_a-writer.o)
                0x08001b88                _write_r
 .text          0x08001bb0        0x0 C:\Program Files (x86)\GNU Tools Arm Embedded\9 2019-q4-major\arm-none-eabi\lib\thumb\v6-m\nofp\libc_nano.a(lib_a-wsetup.o)
 .text.__swsetup_r
                0x08001bb0       0xf0 C:\Program Files (x86)\GNU Tools Arm Embedded\9 2019-q4-major\arm-none-eabi\lib\thumb\v6-m\nofp\libc_nano.a(lib_a-wsetup.o)
                0x08001bb0                __swsetup_r
 .text          0x08001ca0        0x0 C:\Program Files (x86)\GNU Tools Arm Embedded\9 2019-q4-major\arm-none-eabi\lib\thumb\v6-m\nofp\libc_nano.a(lib_a-closer.o)
 .text._close_r
                0x08001ca0       0x24 C:\Program Files (x86)\GNU Tools Arm Embedded\9 2019-q4-major\arm-none-eabi\lib\thumb\v6-m\nofp\libc_nano.a(lib_a-closer.o)
                0x08001ca0                _close_r
 .text          0x08001cc4        0x0 C:\Program Files (x86)\GNU Tools Arm Embedded\9 2019-q4-major\arm-none-eabi\lib\thumb\v6-m\nofp\libc_nano.a(lib_a-ctype_.o)
 .text          0x08001cc4        0x0 C:\Program Files (x86)\GNU Tools Arm Embedded\9 2019-q4-major\arm-none-eabi\lib\thumb\v6-m\nofp\libc_nano.a(lib_a-lseekr.o)
 .text._lseek_r
                0x08001cc4       0x28 C:\Program Files (x86)\GNU Tools Arm Embedded\9 2019-q4-major\arm-none-eabi\lib\thumb\v6-m\nofp\libc_nano.a(lib_a-lseekr.o)
                0x08001cc4                _lseek_r
 .text          0x08001cec        0x0 C:\Program Files (x86)\GNU Tools Arm Embedded\9 2019-q4-major\arm-none-eabi\lib\thumb\v6-m\nofp\libc_nano.a(lib_a-makebuf.o)
 .text.__swhatbuf_r
                0x08001cec       0x50 C:\Program Files (x86)\GNU Tools Arm Embedded\9 2019-q4-major\arm-none-eabi\lib\thumb\v6-m\nofp\libc_nano.a(lib_a-makebuf.o)
                0x08001cec                __swhatbuf_r
 .text.__smakebuf_r
                0x08001d3c       0x88 C:\Program Files (x86)\GNU Tools Arm Embedded\9 2019-q4-major\arm-none-eabi\lib\thumb\v6-m\nofp\libc_nano.a(lib_a-makebuf.o)
                0x08001d3c                __smakebuf_r
 .text          0x08001dc4        0x0 C:\Program Files (x86)\GNU Tools Arm Embedded\9 2019-q4-major\arm-none-eabi\lib\thumb\v6-m\nofp\libc_nano.a(lib_a-mlock.o)
 .text.__malloc_lock
                0x08001dc4       0x10 C:\Program Files (x86)\GNU Tools Arm Embedded\9 2019-q4-major\arm-none-eabi\lib\thumb\v6-m\nofp\libc_nano.a(lib_a-mlock.o)
                0x08001dc4                __malloc_lock
 .text.__malloc_unlock
                0x08001dd4       0x10 C:\Program Files (x86)\GNU Tools Arm Embedded\9 2019-q4-major\arm-none-eabi\lib\thumb\v6-m\nofp\libc_nano.a(lib_a-mlock.o)
                0x08001dd4                __malloc_unlock
 .text          0x08001de4        0x0 C:\Program Files (x86)\GNU Tools Arm Embedded\9 2019-q4-major\arm-none-eabi\lib\thumb\v6-m\nofp\libc_nano.a(lib_a-nano-vfprintf.o)
 .text.__sfputc_r
                0x08001de4       0x2a C:\Program Files (x86)\GNU Tools Arm Embedded\9 2019-q4-major\arm-none-eabi\lib\thumb\v6-m\nofp\libc_nano.a(lib_a-nano-vfprintf.o)
 .text.__sfputs_r
                0x08001e0e       0x24 C:\Program Files (x86)\GNU Tools Arm Embedded\9 2019-q4-major\arm-none-eabi\lib\thumb\v6-m\nofp\libc_nano.a(lib_a-nano-vfprintf.o)
                0x08001e0e                __sfputs_r
 .text.__sprint_r
                0x08001e32       0x1c C:\Program Files (x86)\GNU Tools Arm Embedded\9 2019-q4-major\arm-none-eabi\lib\thumb\v6-m\nofp\libc_nano.a(lib_a-nano-vfprintf.o)
                0x08001e32                __sprint_r
 *fill*         0x08001e4e        0x2 
 .text._vfprintf_r
                0x08001e50      0x274 C:\Program Files (x86)\GNU Tools Arm Embedded\9 2019-q4-major\arm-none-eabi\lib\thumb\v6-m\nofp\libc_nano.a(lib_a-nano-vfprintf.o)
                0x08001e50                _vfprintf_r
                0x08001e50                _vfiprintf_r
 .text.vfprintf
                0x080020c4       0x18 C:\Program Files (x86)\GNU Tools Arm Embedded\9 2019-q4-major\arm-none-eabi\lib\thumb\v6-m\nofp\libc_nano.a(lib_a-nano-vfprintf.o)
                0x080020c4                vfprintf
                0x080020c4                vfiprintf
 .text          0x080020dc        0x0 C:\Program Files (x86)\GNU Tools Arm Embedded\9 2019-q4-major\arm-none-eabi\lib\thumb\v6-m\nofp\libc_nano.a(lib_a-nano-vfprintf_i.o)
 .text._printf_common
                0x080020dc       0xde C:\Program Files (x86)\GNU Tools Arm Embedded\9 2019-q4-major\arm-none-eabi\lib\thumb\v6-m\nofp\libc_nano.a(lib_a-nano-vfprintf_i.o)
                0x080020dc                _printf_common
 *fill*         0x080021ba        0x2 
 .text._printf_i
                0x080021bc      0x224 C:\Program Files (x86)\GNU Tools Arm Embedded\9 2019-q4-major\arm-none-eabi\lib\thumb\v6-m\nofp\libc_nano.a(lib_a-nano-vfprintf_i.o)
                0x080021bc                _printf_i
 .text          0x080023e0        0x0 C:\Program Files (x86)\GNU Tools Arm Embedded\9 2019-q4-major\arm-none-eabi\lib\thumb\v6-m\nofp\libc_nano.a(lib_a-readr.o)
 .text._read_r  0x080023e0       0x28 C:\Program Files (x86)\GNU Tools Arm Embedded\9 2019-q4-major\arm-none-eabi\lib\thumb\v6-m\nofp\libc_nano.a(lib_a-readr.o)
                0x080023e0                _read_r
 .text          0x08002408        0x0 C:\Program Files (x86)\GNU Tools Arm Embedded\9 2019-q4-major\arm-none-eabi\lib\thumb\v6-m\nofp\libc_nano.a(lib_a-fstatr.o)
 .text._fstat_r
                0x08002408       0x24 C:\Program Files (x86)\GNU Tools Arm Embedded\9 2019-q4-major\arm-none-eabi\lib\thumb\v6-m\nofp\libc_nano.a(lib_a-fstatr.o)
                0x08002408                _fstat_r
 .text          0x0800242c        0x0 C:\Program Files (x86)\GNU Tools Arm Embedded\9 2019-q4-major\arm-none-eabi\lib\thumb\v6-m\nofp\libc_nano.a(lib_a-fvwrite.o)
 .text.__sfvwrite_r
                0x0800242c      0x2cc C:\Program Files (x86)\GNU Tools Arm Embedded\9 2019-q4-major\arm-none-eabi\lib\thumb\v6-m\nofp\libc_nano.a(lib_a-fvwrite.o)
                0x0800242c                __sfvwrite_r
 .text          0x080026f8        0x0 C:\Program Files (x86)\GNU Tools Arm Embedded\9 2019-q4-major\arm-none-eabi\lib\thumb\v6-m\nofp\libc_nano.a(lib_a-isattyr.o)
 .text._isatty_r
                0x080026f8       0x24 C:\Program Files (x86)\GNU Tools Arm Embedded\9 2019-q4-major\arm-none-eabi\lib\thumb\v6-m\nofp\libc_nano.a(lib_a-isattyr.o)
                0x080026f8                _isatty_r
 .text          0x0800271c        0x0 C:\Program Files (x86)\GNU Tools Arm Embedded\9 2019-q4-major\arm-none-eabi\lib\thumb\v6-m\nofp\libc_nano.a(lib_a-memchr-stub.o)
 .text.memchr   0x0800271c       0x16 C:\Program Files (x86)\GNU Tools Arm Embedded\9 2019-q4-major\arm-none-eabi\lib\thumb\v6-m\nofp\libc_nano.a(lib_a-memchr-stub.o)
                0x0800271c                memchr
 .text          0x08002732        0x0 C:\Program Files (x86)\GNU Tools Arm Embedded\9 2019-q4-major\arm-none-eabi\lib\thumb\v6-m\nofp\libc_nano.a(lib_a-memcpy-stub.o)
 .text.memcpy   0x08002732       0x12 C:\Program Files (x86)\GNU Tools Arm Embedded\9 2019-q4-major\arm-none-eabi\lib\thumb\v6-m\nofp\libc_nano.a(lib_a-memcpy-stub.o)
                0x08002732                memcpy
 .text          0x08002744        0x0 C:\Program Files (x86)\GNU Tools Arm Embedded\9 2019-q4-major\arm-none-eabi\lib\thumb\v6-m\nofp\libc_nano.a(lib_a-memmove.o)
 .text.memmove  0x08002744       0x26 C:\Program Files (x86)\GNU Tools Arm Embedded\9 2019-q4-major\arm-none-eabi\lib\thumb\v6-m\nofp\libc_nano.a(lib_a-memmove.o)
                0x08002744                memmove
 .text          0x0800276a        0x0 C:\Program Files (x86)\GNU Tools Arm Embedded\9 2019-q4-major\arm-none-eabi\lib\thumb\v6-m\nofp\libc_nano.a(lib_a-nano-reallocr.o)
 .text._realloc_r
                0x0800276a       0x4c C:\Program Files (x86)\GNU Tools Arm Embedded\9 2019-q4-major\arm-none-eabi\lib\thumb\v6-m\nofp\libc_nano.a(lib_a-nano-reallocr.o)
                0x0800276a                _realloc_r
 .text          0x080027b6        0x0 C:\Program Files (x86)\GNU Tools Arm Embedded\9 2019-q4-major\arm-none-eabi\lib\thumb\v6-m\nofp\libc_nano.a(lib_a-nano-msizer.o)
 .text._malloc_usable_size_r
                0x080027b6       0x10 C:\Program Files (x86)\GNU Tools Arm Embedded\9 2019-q4-major\arm-none-eabi\lib\thumb\v6-m\nofp\libc_nano.a(lib_a-nano-msizer.o)
                0x080027b6                _malloc_usable_size_r
 *fill*         0x080027c6        0x2 
 .text          0x080027c8       0x14 C:\Program Files (x86)\GNU Tools Arm Embedded\9 2019-q4-major\lib\gcc\arm-none-eabi\9.2.1\thumb\v6-m\nofp\libgcc.a(_thumb1_case_shi.o)
                0x080027c8                __gnu_thumb1_case_shi
 .text          0x080027dc      0x114 C:\Program Files (x86)\GNU Tools Arm Embedded\9 2019-q4-major\lib\gcc\arm-none-eabi\9.2.1\thumb\v6-m\nofp\libgcc.a(_udivsi3.o)
                0x080027dc                __aeabi_uidiv
                0x080027dc                __udivsi3
                0x080028e8                __aeabi_uidivmod
 *(.rodata*)
 .rodata        0x080028f0       0x65 main.o
 *fill*         0x08002955        0x3 
 .rodata        0x08002958       0x64 init.o
 .rodata.__sf_fake_stderr
                0x080029bc       0x20 C:\Program Files (x86)\GNU Tools Arm Embedded\9 2019-q4-major\arm-none-eabi\lib\thumb\v6-m\nofp\libc_nano.a(lib_a-findfp.o)
                0x080029bc                __sf_fake_stderr
 .rodata.__sf_fake_stdin
                0x080029dc       0x20 C:\Program Files (x86)\GNU Tools Arm Embedded\9 2019-q4-major\arm-none-eabi\lib\thumb\v6-m\nofp\libc_nano.a(lib_a-findfp.o)
                0x080029dc                __sf_fake_stdin
 .rodata.__sf_fake_stdout
                0x080029fc       0x20 C:\Program Files (x86)\GNU Tools Arm Embedded\9 2019-q4-major\arm-none-eabi\lib\thumb\v6-m\nofp\libc_nano.a(lib_a-findfp.o)
                0x080029fc                __sf_fake_stdout
 .rodata._global_impure_ptr
                0x08002a1c        0x4 C:\Program Files (x86)\GNU Tools Arm Embedded\9 2019-q4-major\arm-none-eabi\lib\thumb\v6-m\nofp\libc_nano.a(lib_a-impure.o)
                0x08002a1c                _global_impure_ptr
 .rodata._ctype_
                0x08002a20      0x101 C:\Program Files (x86)\GNU Tools Arm Embedded\9 2019-q4-major\arm-none-eabi\lib\thumb\v6-m\nofp\libc_nano.a(lib_a-ctype_.o)
                0x08002a20                _ctype_
 .rodata._vfprintf_r.str1.1
                0x08002b21       0x11 C:\Program Files (x86)\GNU Tools Arm Embedded\9 2019-q4-major\arm-none-eabi\lib\thumb\v6-m\nofp\libc_nano.a(lib_a-nano-vfprintf.o)
 .rodata._printf_i.str1.1
                0x08002b32       0x22 C:\Program Files (x86)\GNU Tools Arm Embedded\9 2019-q4-major\arm-none-eabi\lib\thumb\v6-m\nofp\libc_nano.a(lib_a-nano-vfprintf_i.o)
                0x08002b54                . = ALIGN (0x4)
                0x08002b54                PROVIDE (__init_array_start = .)
 *(SORT_BY_NAME(.init_array.*))
 *(.init_array)
                0x08002b54                PROVIDE (__init_array_end = .)
                0x08002b54                . = ALIGN (0x4)
                0x08002b54                _etext = .

.glue_7         0x08002b54        0x0
 .glue_7        0x08002b54        0x0 linker stubs

.glue_7t        0x08002b54        0x0
 .glue_7t       0x08002b54        0x0 linker stubs

.vfp11_veneer   0x08002b54        0x0
 .vfp11_veneer  0x08002b54        0x0 linker stubs

.v4_bx          0x08002b54        0x0
 .v4_bx         0x08002b54        0x0 linker stubs

.iplt           0x08002b54        0x0
 .iplt          0x08002b54        0x0 main.o

.rel.dyn        0x08002b54        0x0
 .rel.iplt      0x08002b54        0x0 main.o

.data           0x20000000       0x68 load address 0x08002b54
                0x20000000                . = ALIGN (0x4)
                0x20000000                _data = .
 *(.data*)
 .data          0x20000000        0x0 main.o
 .data          0x20000000        0x0 init.o
 .data          0x20000000        0x0 serial.o
 .data          0x20000000        0x4 newlib_stubs.o
                0x20000000                environ
 .data          0x20000004        0x0 C:\Program Files (x86)\GNU Tools Arm Embedded\9 2019-q4-major\arm-none-eabi\lib\thumb\v6-m\nofp\libnosys.a(errno.o)
 .data          0x20000004        0x0 C:\Program Files (x86)\GNU Tools Arm Embedded\9 2019-q4-major\lib\gcc\arm-none-eabi\9.2.1\thumb\v6-m\nofp\libgcc.a(_divsi3.o)
 .data          0x20000004        0x0 C:\Program Files (x86)\GNU Tools Arm Embedded\9 2019-q4-major\lib\gcc\arm-none-eabi\9.2.1\thumb\v6-m\nofp\libgcc.a(_dvmd_tls.o)
 .data          0x20000004        0x0 C:\Program Files (x86)\GNU Tools Arm Embedded\9 2019-q4-major\arm-none-eabi\lib\thumb\v6-m\nofp\libc_nano.a(lib_a-atoi.o)
 .data          0x20000004        0x0 C:\Program Files (x86)\GNU Tools Arm Embedded\9 2019-q4-major\arm-none-eabi\lib\thumb\v6-m\nofp\libc_nano.a(lib_a-fflush.o)
 .data          0x20000004        0x0 C:\Program Files (x86)\GNU Tools Arm Embedded\9 2019-q4-major\arm-none-eabi\lib\thumb\v6-m\nofp\libc_nano.a(lib_a-findfp.o)
 .data          0x20000004        0x0 C:\Program Files (x86)\GNU Tools Arm Embedded\9 2019-q4-major\arm-none-eabi\lib\thumb\v6-m\nofp\libc_nano.a(lib_a-fwalk.o)
 .data          0x20000004        0x0 C:\Program Files (x86)\GNU Tools Arm Embedded\9 2019-q4-major\arm-none-eabi\lib\thumb\v6-m\nofp\libc_nano.a(lib_a-impure.o)
 .data._impure_ptr
                0x20000004        0x4 C:\Program Files (x86)\GNU Tools Arm Embedded\9 2019-q4-major\arm-none-eabi\lib\thumb\v6-m\nofp\libc_nano.a(lib_a-impure.o)
                0x20000004                _impure_ptr
 .data.impure_data
                0x20000008       0x60 C:\Program Files (x86)\GNU Tools Arm Embedded\9 2019-q4-major\arm-none-eabi\lib\thumb\v6-m\nofp\libc_nano.a(lib_a-impure.o)
 .data          0x20000068        0x0 C:\Program Files (x86)\GNU Tools Arm Embedded\9 2019-q4-major\arm-none-eabi\lib\thumb\v6-m\nofp\libc_nano.a(lib_a-lock.o)
 .data          0x20000068        0x0 C:\Program Files (x86)\GNU Tools Arm Embedded\9 2019-q4-major\arm-none-eabi\lib\thumb\v6-m\nofp\libc_nano.a(lib_a-memset.o)
 .data          0x20000068        0x0 C:\Program Files (x86)\GNU Tools Arm Embedded\9 2019-q4-major\arm-none-eabi\lib\thumb\v6-m\nofp\libc_nano.a(lib_a-nano-freer.o)
 .data          0x20000068        0x0 C:\Program Files (x86)\GNU Tools Arm Embedded\9 2019-q4-major\arm-none-eabi\lib\thumb\v6-m\nofp\libc_nano.a(lib_a-nano-mallocr.o)
 .data          0x20000068        0x0 C:\Program Files (x86)\GNU Tools Arm Embedded\9 2019-q4-major\arm-none-eabi\lib\thumb\v6-m\nofp\libc_nano.a(lib_a-printf.o)
 .data          0x20000068        0x0 C:\Program Files (x86)\GNU Tools Arm Embedded\9 2019-q4-major\arm-none-eabi\lib\thumb\v6-m\nofp\libc_nano.a(lib_a-puts.o)
 .data          0x20000068        0x0 C:\Program Files (x86)\GNU Tools Arm Embedded\9 2019-q4-major\arm-none-eabi\lib\thumb\v6-m\nofp\libc_nano.a(lib_a-sbrkr.o)
 .data          0x20000068        0x0 C:\Program Files (x86)\GNU Tools Arm Embedded\9 2019-q4-major\arm-none-eabi\lib\thumb\v6-m\nofp\libc_nano.a(lib_a-stdio.o)
 .data          0x20000068        0x0 C:\Program Files (x86)\GNU Tools Arm Embedded\9 2019-q4-major\arm-none-eabi\lib\thumb\v6-m\nofp\libc_nano.a(lib_a-strtol.o)
 .data          0x20000068        0x0 C:\Program Files (x86)\GNU Tools Arm Embedded\9 2019-q4-major\arm-none-eabi\lib\thumb\v6-m\nofp\libc_nano.a(lib_a-wbuf.o)
 .data          0x20000068        0x0 C:\Program Files (x86)\GNU Tools Arm Embedded\9 2019-q4-major\arm-none-eabi\lib\thumb\v6-m\nofp\libc_nano.a(lib_a-writer.o)
 .data          0x20000068        0x0 C:\Program Files (x86)\GNU Tools Arm Embedded\9 2019-q4-major\arm-none-eabi\lib\thumb\v6-m\nofp\libc_nano.a(lib_a-wsetup.o)
 .data          0x20000068        0x0 C:\Program Files (x86)\GNU Tools Arm Embedded\9 2019-q4-major\arm-none-eabi\lib\thumb\v6-m\nofp\libc_nano.a(lib_a-closer.o)
 .data          0x20000068        0x0 C:\Program Files (x86)\GNU Tools Arm Embedded\9 2019-q4-major\arm-none-eabi\lib\thumb\v6-m\nofp\libc_nano.a(lib_a-ctype_.o)
 .data          0x20000068        0x0 C:\Program Files (x86)\GNU Tools Arm Embedded\9 2019-q4-major\arm-none-eabi\lib\thumb\v6-m\nofp\libc_nano.a(lib_a-lseekr.o)
 .data          0x20000068        0x0 C:\Program Files (x86)\GNU Tools Arm Embedded\9 2019-q4-major\arm-none-eabi\lib\thumb\v6-m\nofp\libc_nano.a(lib_a-makebuf.o)
 .data          0x20000068        0x0 C:\Program Files (x86)\GNU Tools Arm Embedded\9 2019-q4-major\arm-none-eabi\lib\thumb\v6-m\nofp\libc_nano.a(lib_a-mlock.o)
 .data          0x20000068        0x0 C:\Program Files (x86)\GNU Tools Arm Embedded\9 2019-q4-major\arm-none-eabi\lib\thumb\v6-m\nofp\libc_nano.a(lib_a-nano-vfprintf.o)
 .data          0x20000068        0x0 C:\Program Files (x86)\GNU Tools Arm Embedded\9 2019-q4-major\arm-none-eabi\lib\thumb\v6-m\nofp\libc_nano.a(lib_a-nano-vfprintf_i.o)
 .data          0x20000068        0x0 C:\Program Files (x86)\GNU Tools Arm Embedded\9 2019-q4-major\arm-none-eabi\lib\thumb\v6-m\nofp\libc_nano.a(lib_a-readr.o)
 .data          0x20000068        0x0 C:\Program Files (x86)\GNU Tools Arm Embedded\9 2019-q4-major\arm-none-eabi\lib\thumb\v6-m\nofp\libc_nano.a(lib_a-fstatr.o)
 .data          0x20000068        0x0 C:\Program Files (x86)\GNU Tools Arm Embedded\9 2019-q4-major\arm-none-eabi\lib\thumb\v6-m\nofp\libc_nano.a(lib_a-fvwrite.o)
 .data          0x20000068        0x0 C:\Program Files (x86)\GNU Tools Arm Embedded\9 2019-q4-major\arm-none-eabi\lib\thumb\v6-m\nofp\libc_nano.a(lib_a-isattyr.o)
 .data          0x20000068        0x0 C:\Program Files (x86)\GNU Tools Arm Embedded\9 2019-q4-major\arm-none-eabi\lib\thumb\v6-m\nofp\libc_nano.a(lib_a-memchr-stub.o)
 .data          0x20000068        0x0 C:\Program Files (x86)\GNU Tools Arm Embedded\9 2019-q4-major\arm-none-eabi\lib\thumb\v6-m\nofp\libc_nano.a(lib_a-memcpy-stub.o)
 .data          0x20000068        0x0 C:\Program Files (x86)\GNU Tools Arm Embedded\9 2019-q4-major\arm-none-eabi\lib\thumb\v6-m\nofp\libc_nano.a(lib_a-memmove.o)
 .data          0x20000068        0x0 C:\Program Files (x86)\GNU Tools Arm Embedded\9 2019-q4-major\arm-none-eabi\lib\thumb\v6-m\nofp\libc_nano.a(lib_a-nano-reallocr.o)
 .data          0x20000068        0x0 C:\Program Files (x86)\GNU Tools Arm Embedded\9 2019-q4-major\arm-none-eabi\lib\thumb\v6-m\nofp\libc_nano.a(lib_a-nano-msizer.o)
 .data          0x20000068        0x0 C:\Program Files (x86)\GNU Tools Arm Embedded\9 2019-q4-major\lib\gcc\arm-none-eabi\9.2.1\thumb\v6-m\nofp\libgcc.a(_thumb1_case_shi.o)
 .data          0x20000068        0x0 C:\Program Files (x86)\GNU Tools Arm Embedded\9 2019-q4-major\lib\gcc\arm-none-eabi\9.2.1\thumb\v6-m\nofp\libgcc.a(_udivsi3.o)
                0x20000068                . = ALIGN (0x4)
                0x20000068                _edata = .

.igot.plt       0x20000068        0x0 load address 0x08002bbc
 .igot.plt      0x20000068        0x0 main.o

.bss            0x20000068       0xc4 load address 0x08002bbc
                0x20000068                _bss = .
 *(.bss*)
 .bss           0x20000068        0x0 main.o
 .bss           0x20000068        0x0 init.o
 .bss           0x20000068        0x0 serial.o
 .bss           0x20000068        0x8 newlib_stubs.o
                0x20000068                __env
 .bss           0x20000070        0x0 C:\Program Files (x86)\GNU Tools Arm Embedded\9 2019-q4-major\arm-none-eabi\lib\thumb\v6-m\nofp\libnosys.a(errno.o)
 .bss           0x20000070        0x0 C:\Program Files (x86)\GNU Tools Arm Embedded\9 2019-q4-major\lib\gcc\arm-none-eabi\9.2.1\thumb\v6-m\nofp\libgcc.a(_divsi3.o)
 .bss           0x20000070        0x0 C:\Program Files (x86)\GNU Tools Arm Embedded\9 2019-q4-major\lib\gcc\arm-none-eabi\9.2.1\thumb\v6-m\nofp\libgcc.a(_dvmd_tls.o)
 .bss           0x20000070        0x0 C:\Program Files (x86)\GNU Tools Arm Embedded\9 2019-q4-major\arm-none-eabi\lib\thumb\v6-m\nofp\libc_nano.a(lib_a-atoi.o)
 .bss           0x20000070        0x0 C:\Program Files (x86)\GNU Tools Arm Embedded\9 2019-q4-major\arm-none-eabi\lib\thumb\v6-m\nofp\libc_nano.a(lib_a-fflush.o)
 .bss           0x20000070        0x0 C:\Program Files (x86)\GNU Tools Arm Embedded\9 2019-q4-major\arm-none-eabi\lib\thumb\v6-m\nofp\libc_nano.a(lib_a-findfp.o)
 .bss           0x20000070        0x0 C:\Program Files (x86)\GNU Tools Arm Embedded\9 2019-q4-major\arm-none-eabi\lib\thumb\v6-m\nofp\libc_nano.a(lib_a-fwalk.o)
 .bss           0x20000070        0x0 C:\Program Files (x86)\GNU Tools Arm Embedded\9 2019-q4-major\arm-none-eabi\lib\thumb\v6-m\nofp\libc_nano.a(lib_a-impure.o)
 .bss           0x20000070        0x0 C:\Program Files (x86)\GNU Tools Arm Embedded\9 2019-q4-major\arm-none-eabi\lib\thumb\v6-m\nofp\libc_nano.a(lib_a-lock.o)
 .bss           0x20000070        0x0 C:\Program Files (x86)\GNU Tools Arm Embedded\9 2019-q4-major\arm-none-eabi\lib\thumb\v6-m\nofp\libc_nano.a(lib_a-memset.o)
 .bss           0x20000070        0x0 C:\Program Files (x86)\GNU Tools Arm Embedded\9 2019-q4-major\arm-none-eabi\lib\thumb\v6-m\nofp\libc_nano.a(lib_a-nano-freer.o)
 .bss           0x20000070        0x0 C:\Program Files (x86)\GNU Tools Arm Embedded\9 2019-q4-major\arm-none-eabi\lib\thumb\v6-m\nofp\libc_nano.a(lib_a-nano-mallocr.o)
 .bss.__malloc_free_list
                0x20000070        0x4 C:\Program Files (x86)\GNU Tools Arm Embedded\9 2019-q4-major\arm-none-eabi\lib\thumb\v6-m\nofp\libc_nano.a(lib_a-nano-mallocr.o)
                0x20000070                __malloc_free_list
 .bss.__malloc_sbrk_start
                0x20000074        0x4 C:\Program Files (x86)\GNU Tools Arm Embedded\9 2019-q4-major\arm-none-eabi\lib\thumb\v6-m\nofp\libc_nano.a(lib_a-nano-mallocr.o)
                0x20000074                __malloc_sbrk_start
 .bss           0x20000078        0x0 C:\Program Files (x86)\GNU Tools Arm Embedded\9 2019-q4-major\arm-none-eabi\lib\thumb\v6-m\nofp\libc_nano.a(lib_a-printf.o)
 .bss           0x20000078        0x0 C:\Program Files (x86)\GNU Tools Arm Embedded\9 2019-q4-major\arm-none-eabi\lib\thumb\v6-m\nofp\libc_nano.a(lib_a-puts.o)
 .bss           0x20000078        0x0 C:\Program Files (x86)\GNU Tools Arm Embedded\9 2019-q4-major\arm-none-eabi\lib\thumb\v6-m\nofp\libc_nano.a(lib_a-sbrkr.o)
 .bss           0x20000078        0x0 C:\Program Files (x86)\GNU Tools Arm Embedded\9 2019-q4-major\arm-none-eabi\lib\thumb\v6-m\nofp\libc_nano.a(lib_a-stdio.o)
 .bss           0x20000078        0x0 C:\Program Files (x86)\GNU Tools Arm Embedded\9 2019-q4-major\arm-none-eabi\lib\thumb\v6-m\nofp\libc_nano.a(lib_a-strtol.o)
 .bss           0x20000078        0x0 C:\Program Files (x86)\GNU Tools Arm Embedded\9 2019-q4-major\arm-none-eabi\lib\thumb\v6-m\nofp\libc_nano.a(lib_a-wbuf.o)
 .bss           0x20000078        0x0 C:\Program Files (x86)\GNU Tools Arm Embedded\9 2019-q4-major\arm-none-eabi\lib\thumb\v6-m\nofp\libc_nano.a(lib_a-writer.o)
 .bss           0x20000078        0x0 C:\Program Files (x86)\GNU Tools Arm Embedded\9 2019-q4-major\arm-none-eabi\lib\thumb\v6-m\nofp\libc_nano.a(lib_a-wsetup.o)
 .bss           0x20000078        0x0 C:\Program Files (x86)\GNU Tools Arm Embedded\9 2019-q4-major\arm-none-eabi\lib\thumb\v6-m\nofp\libc_nano.a(lib_a-closer.o)
 .bss           0x20000078        0x0 C:\Program Files (x86)\GNU Tools Arm Embedded\9 2019-q4-major\arm-none-eabi\lib\thumb\v6-m\nofp\libc_nano.a(lib_a-ctype_.o)
 .bss           0x20000078        0x0 C:\Program Files (x86)\GNU Tools Arm Embedded\9 2019-q4-major\arm-none-eabi\lib\thumb\v6-m\nofp\libc_nano.a(lib_a-lseekr.o)
 .bss           0x20000078        0x0 C:\Program Files (x86)\GNU Tools Arm Embedded\9 2019-q4-major\arm-none-eabi\lib\thumb\v6-m\nofp\libc_nano.a(lib_a-makebuf.o)
 .bss           0x20000078        0x0 C:\Program Files (x86)\GNU Tools Arm Embedded\9 2019-q4-major\arm-none-eabi\lib\thumb\v6-m\nofp\libc_nano.a(lib_a-mlock.o)
 .bss           0x20000078        0x0 C:\Program Files (x86)\GNU Tools Arm Embedded\9 2019-q4-major\arm-none-eabi\lib\thumb\v6-m\nofp\libc_nano.a(lib_a-nano-vfprintf.o)
 .bss           0x20000078        0x0 C:\Program Files (x86)\GNU Tools Arm Embedded\9 2019-q4-major\arm-none-eabi\lib\thumb\v6-m\nofp\libc_nano.a(lib_a-nano-vfprintf_i.o)
 .bss           0x20000078        0x0 C:\Program Files (x86)\GNU Tools Arm Embedded\9 2019-q4-major\arm-none-eabi\lib\thumb\v6-m\nofp\libc_nano.a(lib_a-readr.o)
 .bss           0x20000078        0x0 C:\Program Files (x86)\GNU Tools Arm Embedded\9 2019-q4-major\arm-none-eabi\lib\thumb\v6-m\nofp\libc_nano.a(lib_a-fstatr.o)
 .bss           0x20000078        0x0 C:\Program Files (x86)\GNU Tools Arm Embedded\9 2019-q4-major\arm-none-eabi\lib\thumb\v6-m\nofp\libc_nano.a(lib_a-fvwrite.o)
 .bss           0x20000078        0x0 C:\Program Files (x86)\GNU Tools Arm Embedded\9 2019-q4-major\arm-none-eabi\lib\thumb\v6-m\nofp\libc_nano.a(lib_a-isattyr.o)
 .bss           0x20000078        0x0 C:\Program Files (x86)\GNU Tools Arm Embedded\9 2019-q4-major\arm-none-eabi\lib\thumb\v6-m\nofp\libc_nano.a(lib_a-memchr-stub.o)
 .bss           0x20000078        0x0 C:\Program Files (x86)\GNU Tools Arm Embedded\9 2019-q4-major\arm-none-eabi\lib\thumb\v6-m\nofp\libc_nano.a(lib_a-memcpy-stub.o)
 .bss           0x20000078        0x0 C:\Program Files (x86)\GNU Tools Arm Embedded\9 2019-q4-major\arm-none-eabi\lib\thumb\v6-m\nofp\libc_nano.a(lib_a-memmove.o)
 .bss           0x20000078        0x0 C:\Program Files (x86)\GNU Tools Arm Embedded\9 2019-q4-major\arm-none-eabi\lib\thumb\v6-m\nofp\libc_nano.a(lib_a-nano-reallocr.o)
 .bss           0x20000078        0x0 C:\Program Files (x86)\GNU Tools Arm Embedded\9 2019-q4-major\arm-none-eabi\lib\thumb\v6-m\nofp\libc_nano.a(lib_a-nano-msizer.o)
 .bss           0x20000078        0x0 C:\Program Files (x86)\GNU Tools Arm Embedded\9 2019-q4-major\lib\gcc\arm-none-eabi\9.2.1\thumb\v6-m\nofp\libgcc.a(_thumb1_case_shi.o)
 .bss           0x20000078        0x0 C:\Program Files (x86)\GNU Tools Arm Embedded\9 2019-q4-major\lib\gcc\arm-none-eabi\9.2.1\thumb\v6-m\nofp\libgcc.a(_udivsi3.o)
 *(COMMON)
 COMMON         0x20000078       0xa4 serial.o
                0x20000078                ComError
                0x2000007c                ComRXBuffer
                0x200000c8                ComTXBuffer
                0x20000114                ComOpen
                0x20000118                ComBusy
 COMMON         0x2000011c        0x4 C:\Program Files (x86)\GNU Tools Arm Embedded\9 2019-q4-major\arm-none-eabi\lib\thumb\v6-m\nofp\libnosys.a(errno.o)
                0x2000011c                errno
 COMMON         0x20000120        0x9 C:\Program Files (x86)\GNU Tools Arm Embedded\9 2019-q4-major\arm-none-eabi\lib\thumb\v6-m\nofp\libc_nano.a(lib_a-lock.o)
                0x20000120                __lock___atexit_recursive_mutex
                0x20000121                __lock___arc4random_mutex
                0x20000122                __lock___env_recursive_mutex
                0x20000123                __lock___sinit_recursive_mutex
                0x20000124                __lock___malloc_recursive_mutex
                0x20000125                __lock___at_quick_exit_mutex
                0x20000126                __lock___dd_hash_mutex
                0x20000127                __lock___tz_mutex
                0x20000128                __lock___sfp_recursive_mutex
                0x2000012c                . = ALIGN (0x4)
 *fill*         0x20000129        0x3 
                0x2000012c                _ebss = .
                [!provide]                PROVIDE (end = .)
                0x2000012c                PROVIDE (_HeapStart = .)
                0x20002000                PROVIDE (_StackTop = (ORIGIN (ram) + LENGTH (ram)))
OUTPUT(main.elf elf32-littlearm)

.debug_info     0x00000000     0x1ff0
 .debug_info    0x00000000      0xb29 main.o
 .debug_info    0x00000b29      0x139 init.o
 .debug_info    0x00000c62      0x350 serial.o
 .debug_info    0x00000fb2     0x103e newlib_stubs.o

.debug_abbrev   0x00000000      0x738
 .debug_abbrev  0x00000000      0x249 main.o
 .debug_abbrev  0x00000249       0xd3 init.o
 .debug_abbrev  0x0000031c      0x177 serial.o
 .debug_abbrev  0x00000493      0x2a5 newlib_stubs.o

.debug_aranges  0x00000000       0x88
 .debug_aranges
                0x00000000       0x20 main.o
 .debug_aranges
                0x00000020       0x28 init.o
 .debug_aranges
                0x00000048       0x20 serial.o
 .debug_aranges
                0x00000068       0x20 newlib_stubs.o

.debug_line     0x00000000      0xb5b
 .debug_line    0x00000000      0x421 main.o
 .debug_line    0x00000421       0xf6 init.o
 .debug_line    0x00000517      0x2c9 serial.o
 .debug_line    0x000007e0      0x37b newlib_stubs.o

.debug_str      0x00000000      0x93a
 .debug_str     0x00000000      0x538 main.o
                                0x5ab (size before relaxing)
 .debug_str     0x00000538       0xd0 init.o
                                0x163 (size before relaxing)
 .debug_str     0x00000608       0xd8 serial.o
                                0x1c8 (size before relaxing)
 .debug_str     0x000006e0      0x25a newlib_stubs.o
                                0x7f3 (size before relaxing)

.comment        0x00000000       0x79
 .comment       0x00000000       0x79 main.o
                                 0x7a (size before relaxing)
 .comment       0x00000079       0x7a init.o
 .comment       0x00000079       0x7a serial.o
 .comment       0x00000079       0x7a newlib_stubs.o

.ARM.attributes
                0x00000000       0x2c
 .ARM.attributes
                0x00000000       0x2c main.o
 .ARM.attributes
                0x0000002c       0x2c init.o
 .ARM.attributes
                0x00000058       0x2c serial.o
 .ARM.attributes
                0x00000084       0x2c newlib_stubs.o
 .ARM.attributes
                0x000000b0       0x2c C:\Program Files (x86)\GNU Tools Arm Embedded\9 2019-q4-major\arm-none-eabi\lib\thumb\v6-m\nofp\libnosys.a(errno.o)
 .ARM.attributes
                0x000000dc       0x1e C:\Program Files (x86)\GNU Tools Arm Embedded\9 2019-q4-major\lib\gcc\arm-none-eabi\9.2.1\thumb\v6-m\nofp\libgcc.a(_divsi3.o)
 .ARM.attributes
                0x000000fa       0x1e C:\Program Files (x86)\GNU Tools Arm Embedded\9 2019-q4-major\lib\gcc\arm-none-eabi\9.2.1\thumb\v6-m\nofp\libgcc.a(_dvmd_tls.o)
 .ARM.attributes
                0x00000118       0x2c C:\Program Files (x86)\GNU Tools Arm Embedded\9 2019-q4-major\arm-none-eabi\lib\thumb\v6-m\nofp\libc_nano.a(lib_a-atoi.o)
 .ARM.attributes
                0x00000144       0x2c C:\Program Files (x86)\GNU Tools Arm Embedded\9 2019-q4-major\arm-none-eabi\lib\thumb\v6-m\nofp\libc_nano.a(lib_a-fflush.o)
 .ARM.attributes
                0x00000170       0x2c C:\Program Files (x86)\GNU Tools Arm Embedded\9 2019-q4-major\arm-none-eabi\lib\thumb\v6-m\nofp\libc_nano.a(lib_a-findfp.o)
 .ARM.attributes
                0x0000019c       0x2c C:\Program Files (x86)\GNU Tools Arm Embedded\9 2019-q4-major\arm-none-eabi\lib\thumb\v6-m\nofp\libc_nano.a(lib_a-fwalk.o)
 .ARM.attributes
                0x000001c8       0x2c C:\Program Files (x86)\GNU Tools Arm Embedded\9 2019-q4-major\arm-none-eabi\lib\thumb\v6-m\nofp\libc_nano.a(lib_a-impure.o)
 .ARM.attributes
                0x000001f4       0x2c C:\Program Files (x86)\GNU Tools Arm Embedded\9 2019-q4-major\arm-none-eabi\lib\thumb\v6-m\nofp\libc_nano.a(lib_a-lock.o)
 .ARM.attributes
                0x00000220       0x2c C:\Program Files (x86)\GNU Tools Arm Embedded\9 2019-q4-major\arm-none-eabi\lib\thumb\v6-m\nofp\libc_nano.a(lib_a-memset.o)
 .ARM.attributes
                0x0000024c       0x2c C:\Program Files (x86)\GNU Tools Arm Embedded\9 2019-q4-major\arm-none-eabi\lib\thumb\v6-m\nofp\libc_nano.a(lib_a-nano-freer.o)
 .ARM.attributes
                0x00000278       0x2c C:\Program Files (x86)\GNU Tools Arm Embedded\9 2019-q4-major\arm-none-eabi\lib\thumb\v6-m\nofp\libc_nano.a(lib_a-nano-mallocr.o)
 .ARM.attributes
                0x000002a4       0x2c C:\Program Files (x86)\GNU Tools Arm Embedded\9 2019-q4-major\arm-none-eabi\lib\thumb\v6-m\nofp\libc_nano.a(lib_a-printf.o)
 .ARM.attributes
                0x000002d0       0x2c C:\Program Files (x86)\GNU Tools Arm Embedded\9 2019-q4-major\arm-none-eabi\lib\thumb\v6-m\nofp\libc_nano.a(lib_a-puts.o)
 .ARM.attributes
                0x000002fc       0x2c C:\Program Files (x86)\GNU Tools Arm Embedded\9 2019-q4-major\arm-none-eabi\lib\thumb\v6-m\nofp\libc_nano.a(lib_a-sbrkr.o)
 .ARM.attributes
                0x00000328       0x2c C:\Program Files (x86)\GNU Tools Arm Embedded\9 2019-q4-major\arm-none-eabi\lib\thumb\v6-m\nofp\libc_nano.a(lib_a-stdio.o)
 .ARM.attributes
                0x00000354       0x2c C:\Program Files (x86)\GNU Tools Arm Embedded\9 2019-q4-major\arm-none-eabi\lib\thumb\v6-m\nofp\libc_nano.a(lib_a-strtol.o)
 .ARM.attributes
                0x00000380       0x2c C:\Program Files (x86)\GNU Tools Arm Embedded\9 2019-q4-major\arm-none-eabi\lib\thumb\v6-m\nofp\libc_nano.a(lib_a-wbuf.o)
 .ARM.attributes
                0x000003ac       0x2c C:\Program Files (x86)\GNU Tools Arm Embedded\9 2019-q4-major\arm-none-eabi\lib\thumb\v6-m\nofp\libc_nano.a(lib_a-writer.o)
 .ARM.attributes
                0x000003d8       0x2c C:\Program Files (x86)\GNU Tools Arm Embedded\9 2019-q4-major\arm-none-eabi\lib\thumb\v6-m\nofp\libc_nano.a(lib_a-wsetup.o)
 .ARM.attributes
                0x00000404       0x2c C:\Program Files (x86)\GNU Tools Arm Embedded\9 2019-q4-major\arm-none-eabi\lib\thumb\v6-m\nofp\libc_nano.a(lib_a-closer.o)
 .ARM.attributes
                0x00000430       0x2c C:\Program Files (x86)\GNU Tools Arm Embedded\9 2019-q4-major\arm-none-eabi\lib\thumb\v6-m\nofp\libc_nano.a(lib_a-ctype_.o)
 .ARM.attributes
                0x0000045c       0x2c C:\Program Files (x86)\GNU Tools Arm Embedded\9 2019-q4-major\arm-none-eabi\lib\thumb\v6-m\nofp\libc_nano.a(lib_a-lseekr.o)
 .ARM.attributes
                0x00000488       0x2c C:\Program Files (x86)\GNU Tools Arm Embedded\9 2019-q4-major\arm-none-eabi\lib\thumb\v6-m\nofp\libc_nano.a(lib_a-makebuf.o)
 .ARM.attributes
                0x000004b4       0x2c C:\Program Files (x86)\GNU Tools Arm Embedded\9 2019-q4-major\arm-none-eabi\lib\thumb\v6-m\nofp\libc_nano.a(lib_a-mlock.o)
 .ARM.attributes
                0x000004e0       0x2c C:\Program Files (x86)\GNU Tools Arm Embedded\9 2019-q4-major\arm-none-eabi\lib\thumb\v6-m\nofp\libc_nano.a(lib_a-nano-vfprintf.o)
 .ARM.attributes
                0x0000050c       0x2c C:\Program Files (x86)\GNU Tools Arm Embedded\9 2019-q4-major\arm-none-eabi\lib\thumb\v6-m\nofp\libc_nano.a(lib_a-nano-vfprintf_i.o)
 .ARM.attributes
                0x00000538       0x2c C:\Program Files (x86)\GNU Tools Arm Embedded\9 2019-q4-major\arm-none-eabi\lib\thumb\v6-m\nofp\libc_nano.a(lib_a-readr.o)
 .ARM.attributes
                0x00000564       0x2c C:\Program Files (x86)\GNU Tools Arm Embedded\9 2019-q4-major\arm-none-eabi\lib\thumb\v6-m\nofp\libc_nano.a(lib_a-fstatr.o)
 .ARM.attributes
                0x00000590       0x2c C:\Program Files (x86)\GNU Tools Arm Embedded\9 2019-q4-major\arm-none-eabi\lib\thumb\v6-m\nofp\libc_nano.a(lib_a-fvwrite.o)
 .ARM.attributes
                0x000005bc       0x2c C:\Program Files (x86)\GNU Tools Arm Embedded\9 2019-q4-major\arm-none-eabi\lib\thumb\v6-m\nofp\libc_nano.a(lib_a-isattyr.o)
 .ARM.attributes
                0x000005e8       0x2c C:\Program Files (x86)\GNU Tools Arm Embedded\9 2019-q4-major\arm-none-eabi\lib\thumb\v6-m\nofp\libc_nano.a(lib_a-memchr-stub.o)
 .ARM.attributes
                0x00000614       0x2c C:\Program Files (x86)\GNU Tools Arm Embedded\9 2019-q4-major\arm-none-eabi\lib\thumb\v6-m\nofp\libc_nano.a(lib_a-memcpy-stub.o)
 .ARM.attributes
                0x00000640       0x2c C:\Program Files (x86)\GNU Tools Arm Embedded\9 2019-q4-major\arm-none-eabi\lib\thumb\v6-m\nofp\libc_nano.a(lib_a-memmove.o)
 .ARM.attributes
                0x0000066c       0x2c C:\Program Files (x86)\GNU Tools Arm Embedded\9 2019-q4-major\arm-none-eabi\lib\thumb\v6-m\nofp\libc_nano.a(lib_a-nano-reallocr.o)
 .ARM.attributes
                0x00000698       0x2c C:\Program Files (x86)\GNU Tools Arm Embedded\9 2019-q4-major\arm-none-eabi\lib\thumb\v6-m\nofp\libc_nano.a(lib_a-nano-msizer.o)
 .ARM.attributes
                0x000006c4       0x1e C:\Program Files (x86)\GNU Tools Arm Embedded\9 2019-q4-major\lib\gcc\arm-none-eabi\9.2.1\thumb\v6-m\nofp\libgcc.a(_thumb1_case_shi.o)
 .ARM.attributes
                0x000006e2       0x1e C:\Program Files (x86)\GNU Tools Arm Embedded\9 2019-q4-major\lib\gcc\arm-none-eabi\9.2.1\thumb\v6-m\nofp\libgcc.a(_udivsi3.o)

.debug_frame    0x00000000      0xf9c
 .debug_frame   0x00000000      0x1a8 main.o
 .debug_frame   0x000001a8       0x94 init.o
 .debug_frame   0x0000023c      0x1a4 serial.o
 .debug_frame   0x000003e0      0x228 newlib_stubs.o
 .debug_frame   0x00000608       0x20 C:\Program Files (x86)\GNU Tools Arm Embedded\9 2019-q4-major\lib\gcc\arm-none-eabi\9.2.1\thumb\v6-m\nofp\libgcc.a(_divsi3.o)
 .debug_frame   0x00000628       0x40 C:\Program Files (x86)\GNU Tools Arm Embedded\9 2019-q4-major\arm-none-eabi\lib\thumb\v6-m\nofp\libc_nano.a(lib_a-atoi.o)
 .debug_frame   0x00000668       0x68 C:\Program Files (x86)\GNU Tools Arm Embedded\9 2019-q4-major\arm-none-eabi\lib\thumb\v6-m\nofp\libc_nano.a(lib_a-fflush.o)
 .debug_frame   0x000006d0      0x170 C:\Program Files (x86)\GNU Tools Arm Embedded\9 2019-q4-major\arm-none-eabi\lib\thumb\v6-m\nofp\libc_nano.a(lib_a-findfp.o)
 .debug_frame   0x00000840       0x58 C:\Program Files (x86)\GNU Tools Arm Embedded\9 2019-q4-major\arm-none-eabi\lib\thumb\v6-m\nofp\libc_nano.a(lib_a-fwalk.o)
 .debug_frame   0x00000898       0xb0 C:\Program Files (x86)\GNU Tools Arm Embedded\9 2019-q4-major\arm-none-eabi\lib\thumb\v6-m\nofp\libc_nano.a(lib_a-lock.o)
 .debug_frame   0x00000948       0x20 C:\Program Files (x86)\GNU Tools Arm Embedded\9 2019-q4-major\arm-none-eabi\lib\thumb\v6-m\nofp\libc_nano.a(lib_a-memset.o)
 .debug_frame   0x00000968       0x2c C:\Program Files (x86)\GNU Tools Arm Embedded\9 2019-q4-major\arm-none-eabi\lib\thumb\v6-m\nofp\libc_nano.a(lib_a-nano-freer.o)
 .debug_frame   0x00000994       0x30 C:\Program Files (x86)\GNU Tools Arm Embedded\9 2019-q4-major\arm-none-eabi\lib\thumb\v6-m\nofp\libc_nano.a(lib_a-nano-mallocr.o)
 .debug_frame   0x000009c4       0x50 C:\Program Files (x86)\GNU Tools Arm Embedded\9 2019-q4-major\arm-none-eabi\lib\thumb\v6-m\nofp\libc_nano.a(lib_a-printf.o)
 .debug_frame   0x00000a14       0x44 C:\Program Files (x86)\GNU Tools Arm Embedded\9 2019-q4-major\arm-none-eabi\lib\thumb\v6-m\nofp\libc_nano.a(lib_a-puts.o)
 .debug_frame   0x00000a58       0x2c C:\Program Files (x86)\GNU Tools Arm Embedded\9 2019-q4-major\arm-none-eabi\lib\thumb\v6-m\nofp\libc_nano.a(lib_a-sbrkr.o)
 .debug_frame   0x00000a84       0x90 C:\Program Files (x86)\GNU Tools Arm Embedded\9 2019-q4-major\arm-none-eabi\lib\thumb\v6-m\nofp\libc_nano.a(lib_a-stdio.o)
 .debug_frame   0x00000b14       0x78 C:\Program Files (x86)\GNU Tools Arm Embedded\9 2019-q4-major\arm-none-eabi\lib\thumb\v6-m\nofp\libc_nano.a(lib_a-strtol.o)
 .debug_frame   0x00000b8c       0x48 C:\Program Files (x86)\GNU Tools Arm Embedded\9 2019-q4-major\arm-none-eabi\lib\thumb\v6-m\nofp\libc_nano.a(lib_a-wbuf.o)
 .debug_frame   0x00000bd4       0x2c C:\Program Files (x86)\GNU Tools Arm Embedded\9 2019-q4-major\arm-none-eabi\lib\thumb\v6-m\nofp\libc_nano.a(lib_a-writer.o)
 .debug_frame   0x00000c00       0x2c C:\Program Files (x86)\GNU Tools Arm Embedded\9 2019-q4-major\arm-none-eabi\lib\thumb\v6-m\nofp\libc_nano.a(lib_a-wsetup.o)
 .debug_frame   0x00000c2c       0x2c C:\Program Files (x86)\GNU Tools Arm Embedded\9 2019-q4-major\arm-none-eabi\lib\thumb\v6-m\nofp\libc_nano.a(lib_a-closer.o)
 .debug_frame   0x00000c58       0x2c C:\Program Files (x86)\GNU Tools Arm Embedded\9 2019-q4-major\arm-none-eabi\lib\thumb\v6-m\nofp\libc_nano.a(lib_a-lseekr.o)
 .debug_frame   0x00000c84       0x54 C:\Program Files (x86)\GNU Tools Arm Embedded\9 2019-q4-major\arm-none-eabi\lib\thumb\v6-m\nofp\libc_nano.a(lib_a-makebuf.o)
 .debug_frame   0x00000cd8       0x40 C:\Program Files (x86)\GNU Tools Arm Embedded\9 2019-q4-major\arm-none-eabi\lib\thumb\v6-m\nofp\libc_nano.a(lib_a-mlock.o)
 .debug_frame   0x00000d18       0x9c C:\Program Files (x86)\GNU Tools Arm Embedded\9 2019-q4-major\arm-none-eabi\lib\thumb\v6-m\nofp\libc_nano.a(lib_a-nano-vfprintf.o)
 .debug_frame   0x00000db4       0x54 C:\Program Files (x86)\GNU Tools Arm Embedded\9 2019-q4-major\arm-none-eabi\lib\thumb\v6-m\nofp\libc_nano.a(lib_a-nano-vfprintf_i.o)
 .debug_frame   0x00000e08       0x2c C:\Program Files (x86)\GNU Tools Arm Embedded\9 2019-q4-major\arm-none-eabi\lib\thumb\v6-m\nofp\libc_nano.a(lib_a-readr.o)
 .debug_frame   0x00000e34       0x2c C:\Program Files (x86)\GNU Tools Arm Embedded\9 2019-q4-major\arm-none-eabi\lib\thumb\v6-m\nofp\libc_nano.a(lib_a-fstatr.o)
 .debug_frame   0x00000e60       0x30 C:\Program Files (x86)\GNU Tools Arm Embedded\9 2019-q4-major\arm-none-eabi\lib\thumb\v6-m\nofp\libc_nano.a(lib_a-fvwrite.o)
 .debug_frame   0x00000e90       0x2c C:\Program Files (x86)\GNU Tools Arm Embedded\9 2019-q4-major\arm-none-eabi\lib\thumb\v6-m\nofp\libc_nano.a(lib_a-isattyr.o)
 .debug_frame   0x00000ebc       0x20 C:\Program Files (x86)\GNU Tools Arm Embedded\9 2019-q4-major\arm-none-eabi\lib\thumb\v6-m\nofp\libc_nano.a(lib_a-memchr-stub.o)
 .debug_frame   0x00000edc       0x28 C:\Program Files (x86)\GNU Tools Arm Embedded\9 2019-q4-major\arm-none-eabi\lib\thumb\v6-m\nofp\libc_nano.a(lib_a-memcpy-stub.o)
 .debug_frame   0x00000f04       0x28 C:\Program Files (x86)\GNU Tools Arm Embedded\9 2019-q4-major\arm-none-eabi\lib\thumb\v6-m\nofp\libc_nano.a(lib_a-memmove.o)
 .debug_frame   0x00000f2c       0x30 C:\Program Files (x86)\GNU Tools Arm Embedded\9 2019-q4-major\arm-none-eabi\lib\thumb\v6-m\nofp\libc_nano.a(lib_a-nano-reallocr.o)
 .debug_frame   0x00000f5c       0x20 C:\Program Files (x86)\GNU Tools Arm Embedded\9 2019-q4-major\arm-none-eabi\lib\thumb\v6-m\nofp\libc_nano.a(lib_a-nano-msizer.o)
 .debug_frame   0x00000f7c       0x20 C:\Program Files (x86)\GNU Tools Arm Embedded\9 2019-q4-major\lib\gcc\arm-none-eabi\9.2.1\thumb\v6-m\nofp\libgcc.a(_udivsi3.o)

.debug_ranges   0x00000000       0x18
 .debug_ranges  0x00000000       0x18 init.o

Cross Reference Table

Symbol                                            File
ComBusy                                           serial.o
ComError                                          serial.o
ComOpen                                           serial.o
ComRXBuffer                                       serial.o
ComTXBuffer                                       serial.o
Default_Handler                                   init.o
GetBuf                                            serial.o
GetBufCount                                       serial.o
Hard_Fault_Handler                                init.o
PutBuf                                            serial.o
ReadCom                                           serial.o
ResetInit                                         init.o
Vectors                                           init.o
WriteCom                                          serial.o
_HeapStart                                        newlib_stubs.o
_StackTop                                         newlib_stubs.o
                                                  init.o
__aeabi_idiv                                      C:\Program Files (x86)\GNU Tools Arm Embedded\9 2019-q4-major\lib\gcc\arm-none-eabi\9.2.1\thumb\v6-m\nofp\libgcc.a(_divsi3.o)
                                                  C:\Program Files (x86)\GNU Tools Arm Embedded\9 2019-q4-major\arm-none-eabi\lib\thumb\v6-m\nofp\libc_nano.a(lib_a-fvwrite.o)
                                                  serial.o
                                                  main.o
__aeabi_idiv0                                     C:\Program Files (x86)\GNU Tools Arm Embedded\9 2019-q4-major\lib\gcc\arm-none-eabi\9.2.1\thumb\v6-m\nofp\libgcc.a(_dvmd_tls.o)
                                                  C:\Program Files (x86)\GNU Tools Arm Embedded\9 2019-q4-major\lib\gcc\arm-none-eabi\9.2.1\thumb\v6-m\nofp\libgcc.a(_udivsi3.o)
                                                  C:\Program Files (x86)\GNU Tools Arm Embedded\9 2019-q4-major\lib\gcc\arm-none-eabi\9.2.1\thumb\v6-m\nofp\libgcc.a(_divsi3.o)
__aeabi_idivmod                                   C:\Program Files (x86)\GNU Tools Arm Embedded\9 2019-q4-major\lib\gcc\arm-none-eabi\9.2.1\thumb\v6-m\nofp\libgcc.a(_divsi3.o)
                                                  main.o
__aeabi_ldiv0                                     C:\Program Files (x86)\GNU Tools Arm Embedded\9 2019-q4-major\lib\gcc\arm-none-eabi\9.2.1\thumb\v6-m\nofp\libgcc.a(_dvmd_tls.o)
__aeabi_uidiv                                     C:\Program Files (x86)\GNU Tools Arm Embedded\9 2019-q4-major\lib\gcc\arm-none-eabi\9.2.1\thumb\v6-m\nofp\libgcc.a(_udivsi3.o)
__aeabi_uidivmod                                  C:\Program Files (x86)\GNU Tools Arm Embedded\9 2019-q4-major\lib\gcc\arm-none-eabi\9.2.1\thumb\v6-m\nofp\libgcc.a(_udivsi3.o)
                                                  C:\Program Files (x86)\GNU Tools Arm Embedded\9 2019-q4-major\arm-none-eabi\lib\thumb\v6-m\nofp\libc_nano.a(lib_a-nano-vfprintf_i.o)
                                                  C:\Program Files (x86)\GNU Tools Arm Embedded\9 2019-q4-major\arm-none-eabi\lib\thumb\v6-m\nofp\libc_nano.a(lib_a-strtol.o)
__divsi3                                          C:\Program Files (x86)\GNU Tools Arm Embedded\9 2019-q4-major\lib\gcc\arm-none-eabi\9.2.1\thumb\v6-m\nofp\libgcc.a(_divsi3.o)
__env                                             newlib_stubs.o
__fp_lock_all                                     C:\Program Files (x86)\GNU Tools Arm Embedded\9 2019-q4-major\arm-none-eabi\lib\thumb\v6-m\nofp\libc_nano.a(lib_a-findfp.o)
__fp_unlock_all                                   C:\Program Files (x86)\GNU Tools Arm Embedded\9 2019-q4-major\arm-none-eabi\lib\thumb\v6-m\nofp\libc_nano.a(lib_a-findfp.o)
__gnu_thumb1_case_shi                             C:\Program Files (x86)\GNU Tools Arm Embedded\9 2019-q4-major\lib\gcc\arm-none-eabi\9.2.1\thumb\v6-m\nofp\libgcc.a(_thumb1_case_shi.o)
                                                  C:\Program Files (x86)\GNU Tools Arm Embedded\9 2019-q4-major\arm-none-eabi\lib\thumb\v6-m\nofp\libc_nano.a(lib_a-nano-vfprintf_i.o)
__init_array_end                                  init.o
__init_array_start                                init.o
__lock___arc4random_mutex                         C:\Program Files (x86)\GNU Tools Arm Embedded\9 2019-q4-major\arm-none-eabi\lib\thumb\v6-m\nofp\libc_nano.a(lib_a-lock.o)
__lock___at_quick_exit_mutex                      C:\Program Files (x86)\GNU Tools Arm Embedded\9 2019-q4-major\arm-none-eabi\lib\thumb\v6-m\nofp\libc_nano.a(lib_a-lock.o)
__lock___atexit_recursive_mutex                   C:\Program Files (x86)\GNU Tools Arm Embedded\9 2019-q4-major\arm-none-eabi\lib\thumb\v6-m\nofp\libc_nano.a(lib_a-lock.o)
__lock___dd_hash_mutex                            C:\Program Files (x86)\GNU Tools Arm Embedded\9 2019-q4-major\arm-none-eabi\lib\thumb\v6-m\nofp\libc_nano.a(lib_a-lock.o)
__lock___env_recursive_mutex                      C:\Program Files (x86)\GNU Tools Arm Embedded\9 2019-q4-major\arm-none-eabi\lib\thumb\v6-m\nofp\libc_nano.a(lib_a-lock.o)
__lock___malloc_recursive_mutex                   C:\Program Files (x86)\GNU Tools Arm Embedded\9 2019-q4-major\arm-none-eabi\lib\thumb\v6-m\nofp\libc_nano.a(lib_a-lock.o)
                                                  C:\Program Files (x86)\GNU Tools Arm Embedded\9 2019-q4-major\arm-none-eabi\lib\thumb\v6-m\nofp\libc_nano.a(lib_a-mlock.o)
__lock___sfp_recursive_mutex                      C:\Program Files (x86)\GNU Tools Arm Embedded\9 2019-q4-major\arm-none-eabi\lib\thumb\v6-m\nofp\libc_nano.a(lib_a-lock.o)
                                                  C:\Program Files (x86)\GNU Tools Arm Embedded\9 2019-q4-major\arm-none-eabi\lib\thumb\v6-m\nofp\libc_nano.a(lib_a-findfp.o)
__lock___sinit_recursive_mutex                    C:\Program Files (x86)\GNU Tools Arm Embedded\9 2019-q4-major\arm-none-eabi\lib\thumb\v6-m\nofp\libc_nano.a(lib_a-lock.o)
                                                  C:\Program Files (x86)\GNU Tools Arm Embedded\9 2019-q4-major\arm-none-eabi\lib\thumb\v6-m\nofp\libc_nano.a(lib_a-findfp.o)
__lock___tz_mutex                                 C:\Program Files (x86)\GNU Tools Arm Embedded\9 2019-q4-major\arm-none-eabi\lib\thumb\v6-m\nofp\libc_nano.a(lib_a-lock.o)
__malloc_free_list                                C:\Program Files (x86)\GNU Tools Arm Embedded\9 2019-q4-major\arm-none-eabi\lib\thumb\v6-m\nofp\libc_nano.a(lib_a-nano-mallocr.o)
                                                  C:\Program Files (x86)\GNU Tools Arm Embedded\9 2019-q4-major\arm-none-eabi\lib\thumb\v6-m\nofp\libc_nano.a(lib_a-nano-freer.o)
__malloc_lock                                     C:\Program Files (x86)\GNU Tools Arm Embedded\9 2019-q4-major\arm-none-eabi\lib\thumb\v6-m\nofp\libc_nano.a(lib_a-mlock.o)
                                                  C:\Program Files (x86)\GNU Tools Arm Embedded\9 2019-q4-major\arm-none-eabi\lib\thumb\v6-m\nofp\libc_nano.a(lib_a-nano-mallocr.o)
                                                  C:\Program Files (x86)\GNU Tools Arm Embedded\9 2019-q4-major\arm-none-eabi\lib\thumb\v6-m\nofp\libc_nano.a(lib_a-nano-freer.o)
__malloc_sbrk_start                               C:\Program Files (x86)\GNU Tools Arm Embedded\9 2019-q4-major\arm-none-eabi\lib\thumb\v6-m\nofp\libc_nano.a(lib_a-nano-mallocr.o)
__malloc_unlock                                   C:\Program Files (x86)\GNU Tools Arm Embedded\9 2019-q4-major\arm-none-eabi\lib\thumb\v6-m\nofp\libc_nano.a(lib_a-mlock.o)
                                                  C:\Program Files (x86)\GNU Tools Arm Embedded\9 2019-q4-major\arm-none-eabi\lib\thumb\v6-m\nofp\libc_nano.a(lib_a-nano-mallocr.o)
                                                  C:\Program Files (x86)\GNU Tools Arm Embedded\9 2019-q4-major\arm-none-eabi\lib\thumb\v6-m\nofp\libc_nano.a(lib_a-nano-freer.o)
__retarget_lock_acquire                           C:\Program Files (x86)\GNU Tools Arm Embedded\9 2019-q4-major\arm-none-eabi\lib\thumb\v6-m\nofp\libc_nano.a(lib_a-lock.o)
__retarget_lock_acquire_recursive                 C:\Program Files (x86)\GNU Tools Arm Embedded\9 2019-q4-major\arm-none-eabi\lib\thumb\v6-m\nofp\libc_nano.a(lib_a-lock.o)
                                                  C:\Program Files (x86)\GNU Tools Arm Embedded\9 2019-q4-major\arm-none-eabi\lib\thumb\v6-m\nofp\libc_nano.a(lib_a-nano-vfprintf.o)
                                                  C:\Program Files (x86)\GNU Tools Arm Embedded\9 2019-q4-major\arm-none-eabi\lib\thumb\v6-m\nofp\libc_nano.a(lib_a-mlock.o)
                                                  C:\Program Files (x86)\GNU Tools Arm Embedded\9 2019-q4-major\arm-none-eabi\lib\thumb\v6-m\nofp\libc_nano.a(lib_a-puts.o)
                                                  C:\Program Files (x86)\GNU Tools Arm Embedded\9 2019-q4-major\arm-none-eabi\lib\thumb\v6-m\nofp\libc_nano.a(lib_a-findfp.o)
                                                  C:\Program Files (x86)\GNU Tools Arm Embedded\9 2019-q4-major\arm-none-eabi\lib\thumb\v6-m\nofp\libc_nano.a(lib_a-fflush.o)
__retarget_lock_close                             C:\Program Files (x86)\GNU Tools Arm Embedded\9 2019-q4-major\arm-none-eabi\lib\thumb\v6-m\nofp\libc_nano.a(lib_a-lock.o)
__retarget_lock_close_recursive                   C:\Program Files (x86)\GNU Tools Arm Embedded\9 2019-q4-major\arm-none-eabi\lib\thumb\v6-m\nofp\libc_nano.a(lib_a-lock.o)
__retarget_lock_init                              C:\Program Files (x86)\GNU Tools Arm Embedded\9 2019-q4-major\arm-none-eabi\lib\thumb\v6-m\nofp\libc_nano.a(lib_a-lock.o)
__retarget_lock_init_recursive                    C:\Program Files (x86)\GNU Tools Arm Embedded\9 2019-q4-major\arm-none-eabi\lib\thumb\v6-m\nofp\libc_nano.a(lib_a-lock.o)
                                                  C:\Program Files (x86)\GNU Tools Arm Embedded\9 2019-q4-major\arm-none-eabi\lib\thumb\v6-m\nofp\libc_nano.a(lib_a-findfp.o)
__retarget_lock_release                           C:\Program Files (x86)\GNU Tools Arm Embedded\9 2019-q4-major\arm-none-eabi\lib\thumb\v6-m\nofp\libc_nano.a(lib_a-lock.o)
__retarget_lock_release_recursive                 C:\Program Files (x86)\GNU Tools Arm Embedded\9 2019-q4-major\arm-none-eabi\lib\thumb\v6-m\nofp\libc_nano.a(lib_a-lock.o)
                                                  C:\Program Files (x86)\GNU Tools Arm Embedded\9 2019-q4-major\arm-none-eabi\lib\thumb\v6-m\nofp\libc_nano.a(lib_a-nano-vfprintf.o)
                                                  C:\Program Files (x86)\GNU Tools Arm Embedded\9 2019-q4-major\arm-none-eabi\lib\thumb\v6-m\nofp\libc_nano.a(lib_a-mlock.o)
                                                  C:\Program Files (x86)\GNU Tools Arm Embedded\9 2019-q4-major\arm-none-eabi\lib\thumb\v6-m\nofp\libc_nano.a(lib_a-puts.o)
                                                  C:\Program Files (x86)\GNU Tools Arm Embedded\9 2019-q4-major\arm-none-eabi\lib\thumb\v6-m\nofp\libc_nano.a(lib_a-findfp.o)
                                                  C:\Program Files (x86)\GNU Tools Arm Embedded\9 2019-q4-major\arm-none-eabi\lib\thumb\v6-m\nofp\libc_nano.a(lib_a-fflush.o)
__retarget_lock_try_acquire                       C:\Program Files (x86)\GNU Tools Arm Embedded\9 2019-q4-major\arm-none-eabi\lib\thumb\v6-m\nofp\libc_nano.a(lib_a-lock.o)
__retarget_lock_try_acquire_recursive             C:\Program Files (x86)\GNU Tools Arm Embedded\9 2019-q4-major\arm-none-eabi\lib\thumb\v6-m\nofp\libc_nano.a(lib_a-lock.o)
__sclose                                          C:\Program Files (x86)\GNU Tools Arm Embedded\9 2019-q4-major\arm-none-eabi\lib\thumb\v6-m\nofp\libc_nano.a(lib_a-stdio.o)
                                                  C:\Program Files (x86)\GNU Tools Arm Embedded\9 2019-q4-major\arm-none-eabi\lib\thumb\v6-m\nofp\libc_nano.a(lib_a-findfp.o)
__seofread                                        C:\Program Files (x86)\GNU Tools Arm Embedded\9 2019-q4-major\arm-none-eabi\lib\thumb\v6-m\nofp\libc_nano.a(lib_a-stdio.o)
__sf_fake_stderr                                  C:\Program Files (x86)\GNU Tools Arm Embedded\9 2019-q4-major\arm-none-eabi\lib\thumb\v6-m\nofp\libc_nano.a(lib_a-findfp.o)
                                                  C:\Program Files (x86)\GNU Tools Arm Embedded\9 2019-q4-major\arm-none-eabi\lib\thumb\v6-m\nofp\libc_nano.a(lib_a-nano-vfprintf.o)
                                                  C:\Program Files (x86)\GNU Tools Arm Embedded\9 2019-q4-major\arm-none-eabi\lib\thumb\v6-m\nofp\libc_nano.a(lib_a-wsetup.o)
                                                  C:\Program Files (x86)\GNU Tools Arm Embedded\9 2019-q4-major\arm-none-eabi\lib\thumb\v6-m\nofp\libc_nano.a(lib_a-wbuf.o)
                                                  C:\Program Files (x86)\GNU Tools Arm Embedded\9 2019-q4-major\arm-none-eabi\lib\thumb\v6-m\nofp\libc_nano.a(lib_a-puts.o)
                                                  C:\Program Files (x86)\GNU Tools Arm Embedded\9 2019-q4-major\arm-none-eabi\lib\thumb\v6-m\nofp\libc_nano.a(lib_a-impure.o)
                                                  C:\Program Files (x86)\GNU Tools Arm Embedded\9 2019-q4-major\arm-none-eabi\lib\thumb\v6-m\nofp\libc_nano.a(lib_a-fflush.o)
__sf_fake_stdin                                   C:\Program Files (x86)\GNU Tools Arm Embedded\9 2019-q4-major\arm-none-eabi\lib\thumb\v6-m\nofp\libc_nano.a(lib_a-findfp.o)
                                                  C:\Program Files (x86)\GNU Tools Arm Embedded\9 2019-q4-major\arm-none-eabi\lib\thumb\v6-m\nofp\libc_nano.a(lib_a-nano-vfprintf.o)
                                                  C:\Program Files (x86)\GNU Tools Arm Embedded\9 2019-q4-major\arm-none-eabi\lib\thumb\v6-m\nofp\libc_nano.a(lib_a-wsetup.o)
                                                  C:\Program Files (x86)\GNU Tools Arm Embedded\9 2019-q4-major\arm-none-eabi\lib\thumb\v6-m\nofp\libc_nano.a(lib_a-wbuf.o)
                                                  C:\Program Files (x86)\GNU Tools Arm Embedded\9 2019-q4-major\arm-none-eabi\lib\thumb\v6-m\nofp\libc_nano.a(lib_a-puts.o)
                                                  C:\Program Files (x86)\GNU Tools Arm Embedded\9 2019-q4-major\arm-none-eabi\lib\thumb\v6-m\nofp\libc_nano.a(lib_a-impure.o)
                                                  C:\Program Files (x86)\GNU Tools Arm Embedded\9 2019-q4-major\arm-none-eabi\lib\thumb\v6-m\nofp\libc_nano.a(lib_a-fflush.o)
__sf_fake_stdout                                  C:\Program Files (x86)\GNU Tools Arm Embedded\9 2019-q4-major\arm-none-eabi\lib\thumb\v6-m\nofp\libc_nano.a(lib_a-findfp.o)
                                                  C:\Program Files (x86)\GNU Tools Arm Embedded\9 2019-q4-major\arm-none-eabi\lib\thumb\v6-m\nofp\libc_nano.a(lib_a-nano-vfprintf.o)
                                                  C:\Program Files (x86)\GNU Tools Arm Embedded\9 2019-q4-major\arm-none-eabi\lib\thumb\v6-m\nofp\libc_nano.a(lib_a-wsetup.o)
                                                  C:\Program Files (x86)\GNU Tools Arm Embedded\9 2019-q4-major\arm-none-eabi\lib\thumb\v6-m\nofp\libc_nano.a(lib_a-wbuf.o)
                                                  C:\Program Files (x86)\GNU Tools Arm Embedded\9 2019-q4-major\arm-none-eabi\lib\thumb\v6-m\nofp\libc_nano.a(lib_a-puts.o)
                                                  C:\Program Files (x86)\GNU Tools Arm Embedded\9 2019-q4-major\arm-none-eabi\lib\thumb\v6-m\nofp\libc_nano.a(lib_a-impure.o)
                                                  C:\Program Files (x86)\GNU Tools Arm Embedded\9 2019-q4-major\arm-none-eabi\lib\thumb\v6-m\nofp\libc_nano.a(lib_a-fflush.o)
__sflush_r                                        C:\Program Files (x86)\GNU Tools Arm Embedded\9 2019-q4-major\arm-none-eabi\lib\thumb\v6-m\nofp\libc_nano.a(lib_a-fflush.o)
__sfmoreglue                                      C:\Program Files (x86)\GNU Tools Arm Embedded\9 2019-q4-major\arm-none-eabi\lib\thumb\v6-m\nofp\libc_nano.a(lib_a-findfp.o)
__sfp                                             C:\Program Files (x86)\GNU Tools Arm Embedded\9 2019-q4-major\arm-none-eabi\lib\thumb\v6-m\nofp\libc_nano.a(lib_a-findfp.o)
__sfp_lock_acquire                                C:\Program Files (x86)\GNU Tools Arm Embedded\9 2019-q4-major\arm-none-eabi\lib\thumb\v6-m\nofp\libc_nano.a(lib_a-findfp.o)
__sfp_lock_release                                C:\Program Files (x86)\GNU Tools Arm Embedded\9 2019-q4-major\arm-none-eabi\lib\thumb\v6-m\nofp\libc_nano.a(lib_a-findfp.o)
__sfputs_r                                        C:\Program Files (x86)\GNU Tools Arm Embedded\9 2019-q4-major\arm-none-eabi\lib\thumb\v6-m\nofp\libc_nano.a(lib_a-nano-vfprintf.o)
__sfvwrite_r                                      C:\Program Files (x86)\GNU Tools Arm Embedded\9 2019-q4-major\arm-none-eabi\lib\thumb\v6-m\nofp\libc_nano.a(lib_a-fvwrite.o)
                                                  C:\Program Files (x86)\GNU Tools Arm Embedded\9 2019-q4-major\arm-none-eabi\lib\thumb\v6-m\nofp\libc_nano.a(lib_a-nano-vfprintf.o)
__sinit                                           C:\Program Files (x86)\GNU Tools Arm Embedded\9 2019-q4-major\arm-none-eabi\lib\thumb\v6-m\nofp\libc_nano.a(lib_a-findfp.o)
                                                  C:\Program Files (x86)\GNU Tools Arm Embedded\9 2019-q4-major\arm-none-eabi\lib\thumb\v6-m\nofp\libc_nano.a(lib_a-nano-vfprintf.o)
                                                  C:\Program Files (x86)\GNU Tools Arm Embedded\9 2019-q4-major\arm-none-eabi\lib\thumb\v6-m\nofp\libc_nano.a(lib_a-wsetup.o)
                                                  C:\Program Files (x86)\GNU Tools Arm Embedded\9 2019-q4-major\arm-none-eabi\lib\thumb\v6-m\nofp\libc_nano.a(lib_a-wbuf.o)
                                                  C:\Program Files (x86)\GNU Tools Arm Embedded\9 2019-q4-major\arm-none-eabi\lib\thumb\v6-m\nofp\libc_nano.a(lib_a-puts.o)
                                                  C:\Program Files (x86)\GNU Tools Arm Embedded\9 2019-q4-major\arm-none-eabi\lib\thumb\v6-m\nofp\libc_nano.a(lib_a-printf.o)
                                                  C:\Program Files (x86)\GNU Tools Arm Embedded\9 2019-q4-major\arm-none-eabi\lib\thumb\v6-m\nofp\libc_nano.a(lib_a-fflush.o)
__sinit_lock_acquire                              C:\Program Files (x86)\GNU Tools Arm Embedded\9 2019-q4-major\arm-none-eabi\lib\thumb\v6-m\nofp\libc_nano.a(lib_a-findfp.o)
__sinit_lock_release                              C:\Program Files (x86)\GNU Tools Arm Embedded\9 2019-q4-major\arm-none-eabi\lib\thumb\v6-m\nofp\libc_nano.a(lib_a-findfp.o)
__smakebuf_r                                      C:\Program Files (x86)\GNU Tools Arm Embedded\9 2019-q4-major\arm-none-eabi\lib\thumb\v6-m\nofp\libc_nano.a(lib_a-makebuf.o)
                                                  C:\Program Files (x86)\GNU Tools Arm Embedded\9 2019-q4-major\arm-none-eabi\lib\thumb\v6-m\nofp\libc_nano.a(lib_a-wsetup.o)
__sprint_r                                        C:\Program Files (x86)\GNU Tools Arm Embedded\9 2019-q4-major\arm-none-eabi\lib\thumb\v6-m\nofp\libc_nano.a(lib_a-nano-vfprintf.o)
__sread                                           C:\Program Files (x86)\GNU Tools Arm Embedded\9 2019-q4-major\arm-none-eabi\lib\thumb\v6-m\nofp\libc_nano.a(lib_a-stdio.o)
                                                  C:\Program Files (x86)\GNU Tools Arm Embedded\9 2019-q4-major\arm-none-eabi\lib\thumb\v6-m\nofp\libc_nano.a(lib_a-findfp.o)
__sseek                                           C:\Program Files (x86)\GNU Tools Arm Embedded\9 2019-q4-major\arm-none-eabi\lib\thumb\v6-m\nofp\libc_nano.a(lib_a-stdio.o)
                                                  C:\Program Files (x86)\GNU Tools Arm Embedded\9 2019-q4-major\arm-none-eabi\lib\thumb\v6-m\nofp\libc_nano.a(lib_a-findfp.o)
__swbuf                                           C:\Program Files (x86)\GNU Tools Arm Embedded\9 2019-q4-major\arm-none-eabi\lib\thumb\v6-m\nofp\libc_nano.a(lib_a-wbuf.o)
__swbuf_r                                         C:\Program Files (x86)\GNU Tools Arm Embedded\9 2019-q4-major\arm-none-eabi\lib\thumb\v6-m\nofp\libc_nano.a(lib_a-wbuf.o)
                                                  C:\Program Files (x86)\GNU Tools Arm Embedded\9 2019-q4-major\arm-none-eabi\lib\thumb\v6-m\nofp\libc_nano.a(lib_a-nano-vfprintf.o)
                                                  C:\Program Files (x86)\GNU Tools Arm Embedded\9 2019-q4-major\arm-none-eabi\lib\thumb\v6-m\nofp\libc_nano.a(lib_a-puts.o)
__swhatbuf_r                                      C:\Program Files (x86)\GNU Tools Arm Embedded\9 2019-q4-major\arm-none-eabi\lib\thumb\v6-m\nofp\libc_nano.a(lib_a-makebuf.o)
__swrite                                          C:\Program Files (x86)\GNU Tools Arm Embedded\9 2019-q4-major\arm-none-eabi\lib\thumb\v6-m\nofp\libc_nano.a(lib_a-stdio.o)
                                                  C:\Program Files (x86)\GNU Tools Arm Embedded\9 2019-q4-major\arm-none-eabi\lib\thumb\v6-m\nofp\libc_nano.a(lib_a-findfp.o)
__swsetup_r                                       C:\Program Files (x86)\GNU Tools Arm Embedded\9 2019-q4-major\arm-none-eabi\lib\thumb\v6-m\nofp\libc_nano.a(lib_a-wsetup.o)
                                                  C:\Program Files (x86)\GNU Tools Arm Embedded\9 2019-q4-major\arm-none-eabi\lib\thumb\v6-m\nofp\libc_nano.a(lib_a-fvwrite.o)
                                                  C:\Program Files (x86)\GNU Tools Arm Embedded\9 2019-q4-major\arm-none-eabi\lib\thumb\v6-m\nofp\libc_nano.a(lib_a-nano-vfprintf.o)
                                                  C:\Program Files (x86)\GNU Tools Arm Embedded\9 2019-q4-major\arm-none-eabi\lib\thumb\v6-m\nofp\libc_nano.a(lib_a-wbuf.o)
                                                  C:\Program Files (x86)\GNU Tools Arm Embedded\9 2019-q4-major\arm-none-eabi\lib\thumb\v6-m\nofp\libc_nano.a(lib_a-puts.o)
__udivsi3                                         C:\Program Files (x86)\GNU Tools Arm Embedded\9 2019-q4-major\lib\gcc\arm-none-eabi\9.2.1\thumb\v6-m\nofp\libgcc.a(_udivsi3.o)
_atoi_r                                           C:\Program Files (x86)\GNU Tools Arm Embedded\9 2019-q4-major\arm-none-eabi\lib\thumb\v6-m\nofp\libc_nano.a(lib_a-atoi.o)
_cleanup                                          C:\Program Files (x86)\GNU Tools Arm Embedded\9 2019-q4-major\arm-none-eabi\lib\thumb\v6-m\nofp\libc_nano.a(lib_a-findfp.o)
_cleanup_r                                        C:\Program Files (x86)\GNU Tools Arm Embedded\9 2019-q4-major\arm-none-eabi\lib\thumb\v6-m\nofp\libc_nano.a(lib_a-findfp.o)
                                                  C:\Program Files (x86)\GNU Tools Arm Embedded\9 2019-q4-major\arm-none-eabi\lib\thumb\v6-m\nofp\libc_nano.a(lib_a-makebuf.o)
_close                                            newlib_stubs.o
                                                  C:\Program Files (x86)\GNU Tools Arm Embedded\9 2019-q4-major\arm-none-eabi\lib\thumb\v6-m\nofp\libc_nano.a(lib_a-closer.o)
_close_r                                          C:\Program Files (x86)\GNU Tools Arm Embedded\9 2019-q4-major\arm-none-eabi\lib\thumb\v6-m\nofp\libc_nano.a(lib_a-closer.o)
                                                  C:\Program Files (x86)\GNU Tools Arm Embedded\9 2019-q4-major\arm-none-eabi\lib\thumb\v6-m\nofp\libc_nano.a(lib_a-stdio.o)
_ctype_                                           C:\Program Files (x86)\GNU Tools Arm Embedded\9 2019-q4-major\arm-none-eabi\lib\thumb\v6-m\nofp\libc_nano.a(lib_a-ctype_.o)
                                                  C:\Program Files (x86)\GNU Tools Arm Embedded\9 2019-q4-major\arm-none-eabi\lib\thumb\v6-m\nofp\libc_nano.a(lib_a-strtol.o)
_data                                             init.o
_ebss                                             init.o
_edata                                            init.o
_etext                                            init.o
_execve                                           newlib_stubs.o
_exit                                             newlib_stubs.o
_fflush_r                                         C:\Program Files (x86)\GNU Tools Arm Embedded\9 2019-q4-major\arm-none-eabi\lib\thumb\v6-m\nofp\libc_nano.a(lib_a-fflush.o)
                                                  C:\Program Files (x86)\GNU Tools Arm Embedded\9 2019-q4-major\arm-none-eabi\lib\thumb\v6-m\nofp\libc_nano.a(lib_a-fvwrite.o)
                                                  C:\Program Files (x86)\GNU Tools Arm Embedded\9 2019-q4-major\arm-none-eabi\lib\thumb\v6-m\nofp\libc_nano.a(lib_a-wbuf.o)
                                                  C:\Program Files (x86)\GNU Tools Arm Embedded\9 2019-q4-major\arm-none-eabi\lib\thumb\v6-m\nofp\libc_nano.a(lib_a-findfp.o)
_fork                                             newlib_stubs.o
_free_r                                           C:\Program Files (x86)\GNU Tools Arm Embedded\9 2019-q4-major\arm-none-eabi\lib\thumb\v6-m\nofp\libc_nano.a(lib_a-nano-freer.o)
                                                  C:\Program Files (x86)\GNU Tools Arm Embedded\9 2019-q4-major\arm-none-eabi\lib\thumb\v6-m\nofp\libc_nano.a(lib_a-nano-reallocr.o)
                                                  C:\Program Files (x86)\GNU Tools Arm Embedded\9 2019-q4-major\arm-none-eabi\lib\thumb\v6-m\nofp\libc_nano.a(lib_a-fvwrite.o)
                                                  C:\Program Files (x86)\GNU Tools Arm Embedded\9 2019-q4-major\arm-none-eabi\lib\thumb\v6-m\nofp\libc_nano.a(lib_a-wsetup.o)
                                                  C:\Program Files (x86)\GNU Tools Arm Embedded\9 2019-q4-major\arm-none-eabi\lib\thumb\v6-m\nofp\libc_nano.a(lib_a-fflush.o)
_fstat                                            newlib_stubs.o
                                                  C:\Program Files (x86)\GNU Tools Arm Embedded\9 2019-q4-major\arm-none-eabi\lib\thumb\v6-m\nofp\libc_nano.a(lib_a-fstatr.o)
_fstat_r                                          C:\Program Files (x86)\GNU Tools Arm Embedded\9 2019-q4-major\arm-none-eabi\lib\thumb\v6-m\nofp\libc_nano.a(lib_a-fstatr.o)
                                                  C:\Program Files (x86)\GNU Tools Arm Embedded\9 2019-q4-major\arm-none-eabi\lib\thumb\v6-m\nofp\libc_nano.a(lib_a-makebuf.o)
_fwalk                                            C:\Program Files (x86)\GNU Tools Arm Embedded\9 2019-q4-major\arm-none-eabi\lib\thumb\v6-m\nofp\libc_nano.a(lib_a-fwalk.o)
                                                  C:\Program Files (x86)\GNU Tools Arm Embedded\9 2019-q4-major\arm-none-eabi\lib\thumb\v6-m\nofp\libc_nano.a(lib_a-findfp.o)
_fwalk_reent                                      C:\Program Files (x86)\GNU Tools Arm Embedded\9 2019-q4-major\arm-none-eabi\lib\thumb\v6-m\nofp\libc_nano.a(lib_a-fwalk.o)
                                                  C:\Program Files (x86)\GNU Tools Arm Embedded\9 2019-q4-major\arm-none-eabi\lib\thumb\v6-m\nofp\libc_nano.a(lib_a-findfp.o)
                                                  C:\Program Files (x86)\GNU Tools Arm Embedded\9 2019-q4-major\arm-none-eabi\lib\thumb\v6-m\nofp\libc_nano.a(lib_a-fflush.o)
_getpid                                           newlib_stubs.o
_global_impure_ptr                                C:\Program Files (x86)\GNU Tools Arm Embedded\9 2019-q4-major\arm-none-eabi\lib\thumb\v6-m\nofp\libc_nano.a(lib_a-impure.o)
                                                  C:\Program Files (x86)\GNU Tools Arm Embedded\9 2019-q4-major\arm-none-eabi\lib\thumb\v6-m\nofp\libc_nano.a(lib_a-findfp.o)
                                                  C:\Program Files (x86)\GNU Tools Arm Embedded\9 2019-q4-major\arm-none-eabi\lib\thumb\v6-m\nofp\libc_nano.a(lib_a-fflush.o)
_impure_ptr                                       C:\Program Files (x86)\GNU Tools Arm Embedded\9 2019-q4-major\arm-none-eabi\lib\thumb\v6-m\nofp\libc_nano.a(lib_a-impure.o)
                                                  C:\Program Files (x86)\GNU Tools Arm Embedded\9 2019-q4-major\arm-none-eabi\lib\thumb\v6-m\nofp\libc_nano.a(lib_a-nano-vfprintf.o)
                                                  C:\Program Files (x86)\GNU Tools Arm Embedded\9 2019-q4-major\arm-none-eabi\lib\thumb\v6-m\nofp\libc_nano.a(lib_a-wsetup.o)
                                                  C:\Program Files (x86)\GNU Tools Arm Embedded\9 2019-q4-major\arm-none-eabi\lib\thumb\v6-m\nofp\libc_nano.a(lib_a-wbuf.o)
                                                  C:\Program Files (x86)\GNU Tools Arm Embedded\9 2019-q4-major\arm-none-eabi\lib\thumb\v6-m\nofp\libc_nano.a(lib_a-strtol.o)
                                                  C:\Program Files (x86)\GNU Tools Arm Embedded\9 2019-q4-major\arm-none-eabi\lib\thumb\v6-m\nofp\libc_nano.a(lib_a-puts.o)
                                                  C:\Program Files (x86)\GNU Tools Arm Embedded\9 2019-q4-major\arm-none-eabi\lib\thumb\v6-m\nofp\libc_nano.a(lib_a-printf.o)
                                                  C:\Program Files (x86)\GNU Tools Arm Embedded\9 2019-q4-major\arm-none-eabi\lib\thumb\v6-m\nofp\libc_nano.a(lib_a-findfp.o)
                                                  C:\Program Files (x86)\GNU Tools Arm Embedded\9 2019-q4-major\arm-none-eabi\lib\thumb\v6-m\nofp\libc_nano.a(lib_a-fflush.o)
                                                  main.o
_iprintf_r                                        C:\Program Files (x86)\GNU Tools Arm Embedded\9 2019-q4-major\arm-none-eabi\lib\thumb\v6-m\nofp\libc_nano.a(lib_a-printf.o)
_isatty                                           newlib_stubs.o
                                                  C:\Program Files (x86)\GNU Tools Arm Embedded\9 2019-q4-major\arm-none-eabi\lib\thumb\v6-m\nofp\libc_nano.a(lib_a-isattyr.o)
_isatty_r                                         C:\Program Files (x86)\GNU Tools Arm Embedded\9 2019-q4-major\arm-none-eabi\lib\thumb\v6-m\nofp\libc_nano.a(lib_a-isattyr.o)
                                                  C:\Program Files (x86)\GNU Tools Arm Embedded\9 2019-q4-major\arm-none-eabi\lib\thumb\v6-m\nofp\libc_nano.a(lib_a-makebuf.o)
_kill                                             newlib_stubs.o
_link                                             newlib_stubs.o
_lseek                                            newlib_stubs.o
                                                  C:\Program Files (x86)\GNU Tools Arm Embedded\9 2019-q4-major\arm-none-eabi\lib\thumb\v6-m\nofp\libc_nano.a(lib_a-lseekr.o)
_lseek_r                                          C:\Program Files (x86)\GNU Tools Arm Embedded\9 2019-q4-major\arm-none-eabi\lib\thumb\v6-m\nofp\libc_nano.a(lib_a-lseekr.o)
                                                  C:\Program Files (x86)\GNU Tools Arm Embedded\9 2019-q4-major\arm-none-eabi\lib\thumb\v6-m\nofp\libc_nano.a(lib_a-stdio.o)
_malloc_r                                         C:\Program Files (x86)\GNU Tools Arm Embedded\9 2019-q4-major\arm-none-eabi\lib\thumb\v6-m\nofp\libc_nano.a(lib_a-nano-mallocr.o)
                                                  C:\Program Files (x86)\GNU Tools Arm Embedded\9 2019-q4-major\arm-none-eabi\lib\thumb\v6-m\nofp\libc_nano.a(lib_a-nano-reallocr.o)
                                                  C:\Program Files (x86)\GNU Tools Arm Embedded\9 2019-q4-major\arm-none-eabi\lib\thumb\v6-m\nofp\libc_nano.a(lib_a-fvwrite.o)
                                                  C:\Program Files (x86)\GNU Tools Arm Embedded\9 2019-q4-major\arm-none-eabi\lib\thumb\v6-m\nofp\libc_nano.a(lib_a-makebuf.o)
                                                  C:\Program Files (x86)\GNU Tools Arm Embedded\9 2019-q4-major\arm-none-eabi\lib\thumb\v6-m\nofp\libc_nano.a(lib_a-findfp.o)
_malloc_usable_size_r                             C:\Program Files (x86)\GNU Tools Arm Embedded\9 2019-q4-major\arm-none-eabi\lib\thumb\v6-m\nofp\libc_nano.a(lib_a-nano-msizer.o)
                                                  C:\Program Files (x86)\GNU Tools Arm Embedded\9 2019-q4-major\arm-none-eabi\lib\thumb\v6-m\nofp\libc_nano.a(lib_a-nano-reallocr.o)
_printf_common                                    C:\Program Files (x86)\GNU Tools Arm Embedded\9 2019-q4-major\arm-none-eabi\lib\thumb\v6-m\nofp\libc_nano.a(lib_a-nano-vfprintf_i.o)
_printf_float                                     C:\Program Files (x86)\GNU Tools Arm Embedded\9 2019-q4-major\arm-none-eabi\lib\thumb\v6-m\nofp\libc_nano.a(lib_a-nano-vfprintf.o)
_printf_i                                         C:\Program Files (x86)\GNU Tools Arm Embedded\9 2019-q4-major\arm-none-eabi\lib\thumb\v6-m\nofp\libc_nano.a(lib_a-nano-vfprintf_i.o)